<html>
<body>
<pre>
<h1>µVision Build Log</h1>
<h2>Tool Versions:</h2>
IDE-Version: µVision V5.41.0.0
Copyright (C) 2024 ARM Ltd and ARM Germany GmbH. All rights reserved.
License Information: Huy Pham
RMIT University
User-based license: Keil MDK Nuvoton Edition - Full Cortex-M
Valid until: Sep 27 2034. Cached until: May 28 2025
 
Tool Versions:
Toolchain:       Keil MDK Nuvoton Edition - Full Cortex-M  Version: 5.41.0.0
Toolchain Path:  C:\Users\admin\AppData\Local\Keil_v5\ARM\ARMCLANG\Bin
C Compiler:      ArmClang.exe V6.22
Assembler:       Armasm.exe V6.22
Linker/Locator:  ArmLink.exe V6.22
Library Manager: ArmAr.exe V6.22
Hex Converter:   FromElf.exe V6.22
CPU DLL:         SARMCM3.DLL V5.41.0.0
Dialog DLL:      DARMCM1.DLL V1.19.6.0
Target DLL:      Nu_Link.dll V3.18
Dialog DLL:      TARMCM1.DLL V1.14.6.0
 
<h2>Project:</h2>
C:\Users\admin\Downloads\Assignment_3_HD_team_Teris_game\Tetris-Game\KEIL\Assignment_3_HD_team.uvproj
Project File Date:  05/22/2025

<h2>Output:</h2>
*** Using Compiler 'V6.22', folder: 'C:\Users\admin\AppData\Local\Keil_v5\ARM\ARMCLANG\Bin'
Build target 'Assignment_3_HD_team'
creating preprocessor file for image_16x32.c...
creating preprocessor file for picture.c...
creating preprocessor file for system_M480.c...
creating preprocessor file for EBI_LCD_Module.c...
creating preprocessor file for main.c...
compiling system_M480.c...
creating preprocessor file for image.c...
compiling EBI_LCD_Module.c...
compiling image_16x32.c...
compiling main.c...
compiling image.c...
creating preprocessor file for gameLoop.c...
compiling picture.c...
creating preprocessor file for WelcomeScreen.c...
creating preprocessor file for backgroundScreenPlay.c...
creating preprocessor file for gameLogic.c...
compiling WelcomeScreen.c...
compiling backgroundScreenPlay.c...
creating preprocessor file for clk.c...
compiling gameLoop.c...
compiling gameLogic.c...
creating preprocessor file for retarget.c...
creating preprocessor file for sys.c...
compiling sys.c...
compiling retarget.c...
creating preprocessor file for timer.c...
compiling clk.c...
creating preprocessor file for uart.c...
creating preprocessor file for gpio.c...
compiling timer.c...
creating preprocessor file for eadc.c...
creating preprocessor file for ebi.c...
compiling uart.c...
compiling eadc.c...
compiling gpio.c...
compiling ebi.c...
linking...
Program Size: Code=11448 RO-data=310112 RW-data=108 ZI-data=2144  
After Build - User command #1: fromelf --bin ".\obj\M480_LCD_with_Touch.axf" --output ".\obj\M480_LCD_with_Touch.bin"
After Build - User command #2: fromelf --text -c ".\obj\M480_LCD_with_Touch.axf" --output ".\obj\M480_LCD_with_Touch.txt"
".\obj\M480_LCD_with_Touch.axf" - 0 Error(s), 0 Warning(s).
Build Time Elapsed:  00:00:03
</pre>
</body>
</html>
