Component: Arm Compiler for Embedded 6.22 Tool: armlink [5ee90200]

==============================================================================

Small function inlining results

Inlined total of 0 calls.

==============================================================================

Section Cross References

    system_m480.o(.text.SystemCoreClockUpdate) refers to clk.o(.text.CLK_GetPLLClockFreq) for CLK_GetPLLClockFreq
    system_m480.o(.text.SystemCoreClockUpdate) refers to system_m480.o(.data.PllClock) for PllClock
    system_m480.o(.text.SystemCoreClockUpdate) refers to system_m480.o(.data.gau32ClkSrcTbl) for gau32ClkSrcTbl
    system_m480.o(.text.SystemCoreClockUpdate) refers to system_m480.o(.data.SystemCoreClock) for SystemCoreClock
    system_m480.o(.text.SystemCoreClockUpdate) refers to system_m480.o(.data.CyclesPerUs) for CyclesPerUs
    system_m480.o(.ARM.exidx.text.SystemCoreClockUpdate) refers to system_m480.o(.text.SystemCoreClockUpdate) for [Anonymous Symbol]
    system_m480.o(.ARM.exidx.text.SystemInit) refers to system_m480.o(.text.SystemInit) for [Anonymous Symbol]
    startup_m480.o(RESET) refers to startup_m480.o(STACK) for __initial_sp
    startup_m480.o(RESET) refers to startup_m480.o(.text) for Reset_Handler
    startup_m480.o(RESET) refers to main.o(.text.GPA_IRQHandler) for GPA_IRQHandler
    startup_m480.o(RESET) refers to main.o(.text.TMR0_IRQHandler) for TMR0_IRQHandler
    startup_m480.o(RESET) refers to main.o(.text.TMR1_IRQHandler) for TMR1_IRQHandler
    startup_m480.o(RESET) refers to main.o(.text.TMR2_IRQHandler) for TMR2_IRQHandler
    startup_m480.o(RESET) refers to ebi_lcd_module.o(.text.TMR3_IRQHandler) for TMR3_IRQHandler
    startup_m480.o(RESET) refers to ebi_lcd_module.o(.text.EADC01_IRQHandler) for EADC01_IRQHandler
    startup_m480.o(.text) refers to system_m480.o(.text.SystemInit) for SystemInit
    startup_m480.o(.text) refers to entry.o(.ARM.Collect$$$$00000000) for __main
    startup_m480.o(.text) refers to retarget.o(.text.ProcessHardFault) for ProcessHardFault
    main.o(.ARM.exidx.text.SYS_Init) refers to main.o(.text.SYS_Init) for [Anonymous Symbol]
    main.o(.text.TMR2_IRQHandler) refers to main.o(.bss.millis) for millis
    main.o(.ARM.exidx.text.TMR2_IRQHandler) refers to main.o(.text.TMR2_IRQHandler) for [Anonymous Symbol]
    main.o(.ARM.exidx.text.Timer2_Init) refers to main.o(.text.Timer2_Init) for [Anonymous Symbol]
    main.o(.text.TMR1_IRQHandler) refers to gamelogic.o(.text.MoveTetrominoDown) for MoveTetrominoDown
    main.o(.text.TMR1_IRQHandler) refers to gameloop.o(.data.needsRedraw) for needsRedraw
    main.o(.ARM.exidx.text.TMR1_IRQHandler) refers to main.o(.text.TMR1_IRQHandler) for [Anonymous Symbol]
    main.o(.ARM.exidx.text.Timer1_Init) refers to main.o(.text.Timer1_Init) for [Anonymous Symbol]
    main.o(.text.TMR0_IRQHandler) refers to main.o(.bss.Timer0_flag) for Timer0_flag
    main.o(.text.TMR0_IRQHandler) refers to main.o(.bss.Timer0_cnt) for Timer0_cnt
    main.o(.ARM.exidx.text.TMR0_IRQHandler) refers to main.o(.text.TMR0_IRQHandler) for [Anonymous Symbol]
    main.o(.text.Timer0_Init) refers to main.o(.bss.Timer0_flag) for Timer0_flag
    main.o(.text.Timer0_Init) refers to main.o(.bss.Timer0_cnt) for Timer0_cnt
    main.o(.ARM.exidx.text.Timer0_Init) refers to main.o(.text.Timer0_Init) for [Anonymous Symbol]
    main.o(.ARM.exidx.text.UART0_Config) refers to main.o(.text.UART0_Config) for [Anonymous Symbol]
    main.o(.ARM.exidx.text.EBI_Config) refers to main.o(.text.EBI_Config) for [Anonymous Symbol]
    main.o(.ARM.exidx.text.GPIO_Config) refers to main.o(.text.GPIO_Config) for [Anonymous Symbol]
    main.o(.ARM.exidx.text.EADC_Config) refers to main.o(.text.EADC_Config) for [Anonymous Symbol]
    main.o(.ARM.exidx.text.SW1_Interrupt_Setup) refers to main.o(.text.SW1_Interrupt_Setup) for [Anonymous Symbol]
    main.o(.text.GPA_IRQHandler) refers to main.o(.bss.switchPressed) for switchPressed
    main.o(.ARM.exidx.text.GPA_IRQHandler) refers to main.o(.text.GPA_IRQHandler) for [Anonymous Symbol]
    main.o(.ARM.exidx.text.Joystick_Init) refers to main.o(.text.Joystick_Init) for [Anonymous Symbol]
    main.o(.text.Joystick_Polling_Read) refers to main.o(.bss.Joystick_Polling_Read.up_debounce) for Joystick_Polling_Read.up_debounce
    main.o(.text.Joystick_Polling_Read) refers to gameloop.o(.bss.currentX) for currentX
    main.o(.text.Joystick_Polling_Read) refers to gameloop.o(.bss.currentY) for currentY
    main.o(.text.Joystick_Polling_Read) refers to gameloop.o(.bss.currentTetromino) for currentTetromino
    main.o(.text.Joystick_Polling_Read) refers to gamelogic.o(.text.Erase_Current_Shape_Rotate) for Erase_Current_Shape_Rotate
    main.o(.text.Joystick_Polling_Read) refers to gamelogic.o(.text.Rotate_Clockwise) for Rotate_Clockwise
    main.o(.text.Joystick_Polling_Read) refers to gamelogic.o(.text.Draw_Current_Shape_Rotate) for Draw_Current_Shape_Rotate
[...]
    printf7.o(i.__0fprintf$7) refers to retarget.o(.text.fputc) for fputc
    printf7.o(i.__0printf$7) refers to printf7.o(i._printf_core) for _printf_core
    printf7.o(i.__0printf$7) refers to retarget.o(.text.fputc) for fputc
    printf7.o(i.__0printf$7) refers to retarget.o(.bss.__stdout) for __stdout
    printf7.o(i.__0snprintf$7) refers to printf7.o(i._printf_core) for _printf_core
    printf7.o(i.__0snprintf$7) refers to printf7.o(i._snputc) for _snputc
    printf7.o(i.__0sprintf$7) refers to printf7.o(i._printf_core) for _printf_core
    printf7.o(i.__0sprintf$7) refers to printf7.o(i._sputc) for _sputc
    printf7.o(i.__0vfprintf$7) refers to printf7.o(i._printf_core) for _printf_core
    printf7.o(i.__0vfprintf$7) refers to retarget.o(.text.fputc) for fputc
    printf7.o(i.__0vprintf$7) refers to printf7.o(i._printf_core) for _printf_core
    printf7.o(i.__0vprintf$7) refers to retarget.o(.text.fputc) for fputc
    printf7.o(i.__0vprintf$7) refers to retarget.o(.bss.__stdout) for __stdout
    printf7.o(i.__0vsnprintf$7) refers to printf7.o(i._printf_core) for _printf_core
    printf7.o(i.__0vsnprintf$7) refers to printf7.o(i._snputc) for _snputc
    printf7.o(i.__0vsprintf$7) refers to printf7.o(i._printf_core) for _printf_core
    printf7.o(i.__0vsprintf$7) refers to printf7.o(i._sputc) for _sputc
    printf7.o(i._printf_core) refers to printf7.o(i._printf_pre_padding) for _printf_pre_padding
    printf7.o(i._printf_core) refers to uldiv.o(.text) for __aeabi_uldivmod
    printf7.o(i._printf_core) refers to printf7.o(i._printf_post_padding) for _printf_post_padding
    printf8.o(i.__0fprintf$8) refers to printf8.o(i._printf_core) for _printf_core
    printf8.o(i.__0fprintf$8) refers to retarget.o(.text.fputc) for fputc
    printf8.o(i.__0printf$8) refers to printf8.o(i._printf_core) for _printf_core
    printf8.o(i.__0printf$8) refers to retarget.o(.text.fputc) for fputc
    printf8.o(i.__0printf$8) refers to retarget.o(.bss.__stdout) for __stdout
    printf8.o(i.__0snprintf$8) refers to printf8.o(i._printf_core) for _printf_core
    printf8.o(i.__0snprintf$8) refers to printf8.o(i._snputc) for _snputc
    printf8.o(i.__0sprintf$8) refers to printf8.o(i._printf_core) for _printf_core
    printf8.o(i.__0sprintf$8) refers to printf8.o(i._sputc) for _sputc
    printf8.o(i.__0vfprintf$8) refers to printf8.o(i._printf_core) for _printf_core
    printf8.o(i.__0vfprintf$8) refers to retarget.o(.text.fputc) for fputc
    printf8.o(i.__0vprintf$8) refers to printf8.o(i._printf_core) for _printf_core
    printf8.o(i.__0vprintf$8) refers to retarget.o(.text.fputc) for fputc
    printf8.o(i.__0vprintf$8) refers to retarget.o(.bss.__stdout) for __stdout
    printf8.o(i.__0vsnprintf$8) refers to printf8.o(i._printf_core) for _printf_core
    printf8.o(i.__0vsnprintf$8) refers to printf8.o(i._snputc) for _snputc
    printf8.o(i.__0vsprintf$8) refers to printf8.o(i._printf_core) for _printf_core
    printf8.o(i.__0vsprintf$8) refers to printf8.o(i._sputc) for _sputc
    printf8.o(i._printf_core) refers to printf8.o(i._printf_pre_padding) for _printf_pre_padding
    printf8.o(i._printf_core) refers to uldiv.o(.text) for __aeabi_uldivmod
    printf8.o(i._printf_core) refers to printf8.o(i._printf_post_padding) for _printf_post_padding
    printfa.o(i.__0fprintf) refers (Special) to iusefp.o(.text) for __I$use$fp
    printfa.o(i.__0fprintf) refers to printfa.o(i._printf_core) for _printf_core
    printfa.o(i.__0fprintf) refers to retarget.o(.text.fputc) for fputc
    printfa.o(i.__0printf) refers (Special) to iusefp.o(.text) for __I$use$fp
    printfa.o(i.__0printf) refers to printfa.o(i._printf_core) for _printf_core
    printfa.o(i.__0printf) refers to retarget.o(.text.fputc) for fputc
    printfa.o(i.__0printf) refers to retarget.o(.bss.__stdout) for __stdout
    printfa.o(i.__0snprintf) refers (Special) to iusefp.o(.text) for __I$use$fp
    printfa.o(i.__0snprintf) refers to printfa.o(i._printf_core) for _printf_core
    printfa.o(i.__0snprintf) refers to printfa.o(i._snputc) for _snputc
    printfa.o(i.__0sprintf) refers (Special) to iusefp.o(.text) for __I$use$fp
    printfa.o(i.__0sprintf) refers to printfa.o(i._printf_core) for _printf_core
    printfa.o(i.__0sprintf) refers to printfa.o(i._sputc) for _sputc
    printfa.o(i.__0vfprintf) refers (Special) to iusefp.o(.text) for __I$use$fp
    printfa.o(i.__0vfprintf) refers to printfa.o(i._printf_core) for _printf_core
    printfa.o(i.__0vfprintf) refers to retarget.o(.text.fputc) for fputc
    printfa.o(i.__0vprintf) refers (Special) to iusefp.o(.text) for __I$use$fp
    printfa.o(i.__0vprintf) refers to printfa.o(i._printf_core) for _printf_core
    printfa.o(i.__0vprintf) refers to retarget.o(.text.fputc) for fputc
    printfa.o(i.__0vprintf) refers to retarget.o(.bss.__stdout) for __stdout
    printfa.o(i.__0vsnprintf) refers (Special) to iusefp.o(.text) for __I$use$fp
    printfa.o(i.__0vsnprintf) refers to printfa.o(i._printf_core) for _printf_core
    printfa.o(i.__0vsnprintf) refers to printfa.o(i._snputc) for _snputc
    printfa.o(i.__0vsprintf) refers (Special) to iusefp.o(.text) for __I$use$fp
    printfa.o(i.__0vsprintf) refers to printfa.o(i._printf_core) for _printf_core
    printfa.o(i.__0vsprintf) refers to printfa.o(i._sputc) for _sputc
    printfa.o(i._fp_digits) refers (Special) to iusefp.o(.text) for __I$use$fp
    printfa.o(i._fp_digits) refers to dmul.o(.text) for __aeabi_dmul
    printfa.o(i._fp_digits) refers to ddiv.o(.text) for __aeabi_ddiv
    printfa.o(i._fp_digits) refers to cdrcmple.o(.text) for __aeabi_cdrcmple
    printfa.o(i._fp_digits) refers to dadd.o(.text) for __aeabi_dadd
    printfa.o(i._fp_digits) refers to dfixul.o(.text) for __aeabi_d2ulz
    printfa.o(i._fp_digits) refers to uldiv.o(.text) for __aeabi_uldivmod
    printfa.o(i._printf_core) refers (Special) to iusefp.o(.text) for __I$use$fp
    printfa.o(i._printf_core) refers to printfa.o(i._printf_pre_padding) for _printf_pre_padding
    printfa.o(i._printf_core) refers to uldiv.o(.text) for __aeabi_uldivmod
    printfa.o(i._printf_core) refers to printfa.o(i._printf_post_padding) for _printf_post_padding
    printfa.o(i._printf_core) refers to printfa.o(i._fp_digits) for _fp_digits
    printfa.o(i._printf_core) refers to uidiv.o(.text) for __aeabi_uidivmod
    printfa.o(i._printf_post_padding) refers (Special) to iusefp.o(.text) for __I$use$fp
    printfa.o(i._printf_pre_padding) refers (Special) to iusefp.o(.text) for __I$use$fp
    printfa.o(i._snputc) refers (Special) to iusefp.o(.text) for __I$use$fp
    printfa.o(i._sputc) refers (Special) to iusefp.o(.text) for __I$use$fp
    ddiv.o(.text) refers (Special) to iusefp.o(.text) for __I$use$fp
    ddiv.o(.text) refers to depilogue.o(.text) for _double_round
    dflti.o(.text) refers (Special) to iusefp.o(.text) for __I$use$fp
    dflti.o(.text) refers to depilogue.o(.text) for _double_epilogue
    dfixi.o(.text) refers (Special) to iusefp.o(.text) for __I$use$fp
    dfixi.o(.text) refers to llushr.o(.text) for __aeabi_llsr
    entry2.o(.ARM.Collect$$$$00000001) refers to entry2.o(.ARM.Collect$$$$00002712) for __lit__00000000
    entry2.o(.ARM.Collect$$$$00002712) refers to startup_m480.o(STACK) for __initial_sp
    entry2.o(__vectab_stack_and_reset_area) refers to startup_m480.o(STACK) for __initial_sp
    entry2.o(__vectab_stack_and_reset_area) refers to entry.o(.ARM.Collect$$$$00000000) for __main
    entry5.o(.ARM.Collect$$$$00000004) refers to init.o(.text) for __scatterload
    entry9a.o(.ARM.Collect$$$$0000000B) refers to main.o(.text.main) for main
    entry9b.o(.ARM.Collect$$$$0000000C) refers to main.o(.text.main) for main
    uldiv.o(.text) refers to llushr.o(.text) for __aeabi_llsr
    uldiv.o(.text) refers to llshl.o(.text) for __aeabi_llsl
    depilogue.o(.text) refers (Special) to iusefp.o(.text) for __I$use$fp
    depilogue.o(.text) refers to llshl.o(.text) for __aeabi_llsl
    depilogue.o(.text) refers to llushr.o(.text) for __aeabi_llsr
    dadd.o(.text) refers (Special) to iusefp.o(.text) for __I$use$fp
    dadd.o(.text) refers to llshl.o(.text) for __aeabi_llsl
    dadd.o(.text) refers to llsshr.o(.text) for __aeabi_lasr
    dadd.o(.text) refers to depilogue.o(.text) for _double_epilogue
    dmul.o(.text) refers (Special) to iusefp.o(.text) for __I$use$fp
    dmul.o(.text) refers to depilogue.o(.text) for _double_epilogue
    dfixul.o(.text) refers (Special) to iusefp.o(.text) for __I$use$fp
    dfixul.o(.text) refers to llushr.o(.text) for __aeabi_llsr
    dfixul.o(.text) refers to llshl.o(.text) for __aeabi_llsl
    cdrcmple.o(.text) refers (Special) to iusefp.o(.text) for __I$use$fp
    init.o(.text) refers to entry5.o(.ARM.Collect$$$$00000004) for __main_after_scatterload


==============================================================================

Removing Unused input sections from the image.

    Removing system_m480.o(.text), (0 bytes).
    Removing system_m480.o(.text.SystemCoreClockUpdate), (104 bytes).
    Removing system_m480.o(.ARM.exidx.text.SystemCoreClockUpdate), (8 bytes).
    Removing system_m480.o(.ARM.exidx.text.SystemInit), (8 bytes).
    Removing system_m480.o(.data.SystemCoreClock), (4 bytes).
    Removing system_m480.o(.data.PllClock), (4 bytes).
    Removing system_m480.o(.data.gau32ClkSrcTbl), (32 bytes).
    Removing startup_m480.o(HEAP), (256 bytes).
    Removing main.o(.text), (0 bytes).
    Removing main.o(.ARM.exidx.text.SYS_Init), (8 bytes).
    Removing main.o(.ARM.exidx.text.TMR2_IRQHandler), (8 bytes).
    Removing main.o(.text.Timer2_Init), (96 bytes).
    Removing main.o(.ARM.exidx.text.Timer2_Init), (8 bytes).
    Removing main.o(.ARM.exidx.text.TMR1_IRQHandler), (8 bytes).
    Removing main.o(.text.Timer1_Init), (88 bytes).
    Removing main.o(.ARM.exidx.text.Timer1_Init), (8 bytes).
    Removing main.o(.ARM.exidx.text.TMR0_IRQHandler), (8 bytes).
    Removing main.o(.text.Timer0_Init), (124 bytes).
    Removing main.o(.ARM.exidx.text.Timer0_Init), (8 bytes).
    Removing main.o(.text.UART0_Config), (134 bytes).
    Removing main.o(.ARM.exidx.text.UART0_Config), (8 bytes).
    Removing main.o(.text.EBI_Config), (42 bytes).
    Removing main.o(.ARM.exidx.text.EBI_Config), (8 bytes).
    Removing main.o(.text.GPIO_Config), (34 bytes).
    Removing main.o(.ARM.exidx.text.GPIO_Config), (8 bytes).
    Removing main.o(.text.EADC_Config), (114 bytes).
    Removing main.o(.ARM.exidx.text.EADC_Config), (8 bytes).
    Removing main.o(.text.SW1_Interrupt_Setup), (62 bytes).
    Removing main.o(.ARM.exidx.text.SW1_Interrupt_Setup), (8 bytes).
    Removing main.o(.ARM.exidx.text.GPA_IRQHandler), (8 bytes).
    Removing main.o(.text.Joystick_Init), (74 bytes).
    Removing main.o(.ARM.exidx.text.Joystick_Init), (8 bytes).
    Removing main.o(.ARM.exidx.text.Joystick_Polling_Read), (8 bytes).
    Removing main.o(.text.enableTimer), (28 bytes).
    Removing main.o(.ARM.exidx.text.enableTimer), (8 bytes).
    Removing main.o(.text.disableTimer), (28 bytes).
    Removing main.o(.ARM.exidx.text.disableTimer), (8 bytes).
    Removing main.o(.ARM.exidx.text.main), (8 bytes).
    Removing main.o(.bss.Timer1_flag), (1 bytes).
    Removing main.o(.bss.Timer1_cnt), (1 bytes).
    Removing main.o(.ARM.use_no_argv), (4 bytes).
    Removing ebi_lcd_module.o(.text), (0 bytes).
    Removing ebi_lcd_module.o(.ARM.exidx.text.TMR3_IRQHandler), (8 bytes).
    Removing ebi_lcd_module.o(.text.Timer3_Init), (68 bytes).
    Removing ebi_lcd_module.o(.ARM.exidx.text.Timer3_Init), (8 bytes).
    Removing ebi_lcd_module.o(.text.LCD_WR_REG), (24 bytes).
    Removing ebi_lcd_module.o(.ARM.exidx.text.LCD_WR_REG), (8 bytes).
    Removing ebi_lcd_module.o(.ARM.exidx.text.LCD_WR_DATA), (8 bytes).
    Removing ebi_lcd_module.o(.text.LCD_RD_DATA), (10 bytes).
    Removing ebi_lcd_module.o(.ARM.exidx.text.LCD_RD_DATA), (8 bytes).
    Removing ebi_lcd_module.o(.ARM.exidx.text.LCD_SetWindow), (8 bytes).
    Removing ebi_lcd_module.o(.ARM.exidx.text.ILI9341_Initial), (8 bytes).
    Removing ebi_lcd_module.o(.ARM.exidx.text.LCD_PutChar8x16), (8 bytes).
    Removing ebi_lcd_module.o(.ARM.exidx.text.LCD_PutString), (8 bytes).
    Removing ebi_lcd_module.o(.text.LCD_PutChar16x32), (394 bytes).
    Removing ebi_lcd_module.o(.ARM.exidx.text.LCD_PutChar16x32), (8 bytes).
    Removing ebi_lcd_module.o(.ARM.exidx.text.LCD_BlankArea), (8 bytes).
    Removing ebi_lcd_module.o(.text.Get_TP_X), (272 bytes).
    Removing ebi_lcd_module.o(.ARM.exidx.text.Get_TP_X), (8 bytes).
    Removing ebi_lcd_module.o(.text.Get_TP_Y), (276 bytes).
    Removing ebi_lcd_module.o(.ARM.exidx.text.Get_TP_Y), (8 bytes).
    Removing ebi_lcd_module.o(.ARM.exidx.text.EADC01_IRQHandler), (8 bytes).
    Removing image.o(.text), (0 bytes).
    Removing image_16x32.o(.text), (0 bytes).
    Removing image_16x32.o(.rodata.Font16x32), (768 bytes).
    Removing picture.o(.text), (0 bytes).
    Removing picture.o(.rodata.gImage_Dog), (153600 bytes).
    Removing gameloop.o(.text), (0 bytes).
    Removing gameloop.o(.ARM.exidx.text.LCD_Picture), (8 bytes).
    Removing gameloop.o(.ARM.exidx.text.LCD_Draw_FilledSquare), (8 bytes).
    Removing gameloop.o(.ARM.exidx.text.LCD_Draw_SquareBorder), (8 bytes).
    Removing gameloop.o(.text.LCD_Draw_SquareRow), (154 bytes).
    Removing gameloop.o(.ARM.exidx.text.LCD_Draw_SquareRow), (8 bytes).
    Removing gameloop.o(.text.LCD_Draw_SquareColumn), (154 bytes).
    Removing gameloop.o(.ARM.exidx.text.LCD_Draw_SquareColumn), (8 bytes).
    Removing gameloop.o(.text.Draw_I_Shape), (336 bytes).
    Removing gameloop.o(.ARM.exidx.text.Draw_I_Shape), (8 bytes).
    Removing gameloop.o(.text.Draw_J_Shape), (340 bytes).
    Removing gameloop.o(.ARM.exidx.text.Draw_J_Shape), (8 bytes).
    Removing gameloop.o(.text.Draw_L_Shape), (366 bytes).
    Removing gameloop.o(.ARM.exidx.text.Draw_L_Shape), (8 bytes).
    Removing gameloop.o(.text.Draw_S_Shape), (358 bytes).
    Removing gameloop.o(.ARM.exidx.text.Draw_S_Shape), (8 bytes).
    Removing gameloop.o(.text.Draw_O_Shape), (350 bytes).
    Removing gameloop.o(.ARM.exidx.text.Draw_O_Shape), (8 bytes).
    Removing gameloop.o(.text.Draw_T_Shape), (350 bytes).
    Removing gameloop.o(.ARM.exidx.text.Draw_T_Shape), (8 bytes).
    Removing gameloop.o(.text.Draw_Z_Shape), (358 bytes).
    Removing gameloop.o(.ARM.exidx.text.Draw_Z_Shape), (8 bytes).
    Removing gameloop.o(.text.Draw_Sidebar_UI), (148 bytes).
    Removing gameloop.o(.ARM.exidx.text.Draw_Sidebar_UI), (8 bytes).
    Removing gameloop.o(.ARM.exidx.text.LCD_Draw_Border), (8 bytes).
    Removing gameloop.o(.ARM.exidx.text.LCD_DisplayTime), (8 bytes).
    Removing gameloop.o(.text.Draw_Score_Level), (94 bytes).
    Removing gameloop.o(.ARM.exidx.text.Draw_Score_Level), (8 bytes).
    Removing gameloop.o(.ARM.exidx.text.gameLoop), (8 bytes).
    Removing welcomescreen.o(.text), (0 bytes).
    Removing backgroundscreenplay.o(.text), (0 bytes).
    Removing gamelogic.o(.text), (0 bytes).
    Removing gamelogic.o(.ARM.exidx.text.Rotate_Clockwise), (8 bytes).
    Removing gamelogic.o(.ARM.exidx.text.Draw_Tetromino), (8 bytes).
    Removing gamelogic.o(.ARM.exidx.text.Prepare_Next_Shape), (8 bytes).
    Removing gamelogic.o(.ARM.exidx.text.CreateTetromino), (8 bytes).
    Removing gamelogic.o(.ARM.exidx.text.GetShapeColor), (8 bytes).
    Removing gamelogic.o(.ARM.exidx.text.Promote_Next_Shape), (8 bytes).
    Removing gamelogic.o(.text.Erase_Current_Shape), (326 bytes).
    Removing gamelogic.o(.ARM.exidx.text.Erase_Current_Shape), (8 bytes).
    Removing gamelogic.o(.text.Draw_Current_Shape), (376 bytes).
    Removing gamelogic.o(.ARM.exidx.text.Draw_Current_Shape), (8 bytes).
    Removing gamelogic.o(.ARM.exidx.text.Draw_next_Shape), (8 bytes).
    Removing gamelogic.o(.ARM.exidx.text.Erase_next_Shape), (8 bytes).
    Removing gamelogic.o(.ARM.exidx.text.Erase_Current_Shape_Rotate), (8 bytes).
    Removing gamelogic.o(.ARM.exidx.text.Draw_Current_Shape_Rotate), (8 bytes).
    Removing gamelogic.o(.ARM.exidx.text.Timer1_SetIntervalByLevel), (8 bytes).
    Removing gamelogic.o(.text.UpdateScore), (106 bytes).
    Removing gamelogic.o(.ARM.exidx.text.UpdateScore), (8 bytes).
    Removing gamelogic.o(.text.SpawnNewTetromino), (214 bytes).
    Removing gamelogic.o(.ARM.exidx.text.SpawnNewTetromino), (8 bytes).
    Removing gamelogic.o(.ARM.exidx.text.Check_Collision), (8 bytes).
    Removing gamelogic.o(.ARM.exidx.text.Lock_Tetromino_To_Board), (8 bytes).
    Removing gamelogic.o(.ARM.exidx.text.CheckAndClearLines), (8 bytes).
    Removing gamelogic.o(.ARM.exidx.text.MoveTetrominoDown), (8 bytes).
    Removing gamelogic.o(.ARM.exidx.text.DrawBoard), (8 bytes).
    Removing gamelogic.o(.ARM.exidx.text.displayTime), (8 bytes).
    Removing gamelogic.o(.ARM.exidx.text.HardDrop), (8 bytes).
    Removing gamelogic.o(.ARM.exidx.text.MoveTetrominoLeft), (8 bytes).
    Removing gamelogic.o(.ARM.exidx.text.MoveTetrominoRight), (8 bytes).
    Removing gamelogic.o(.ARM.exidx.text.SaveHighScore), (8 bytes).
    Removing gamelogic.o(.ARM.exidx.text.DisplayHighScores), (8 bytes).
    Removing gamelogic.o(.data.shapes), (252 bytes).
    Removing gamelogic.o(.data.shapeFunctions), (28 bytes).
    Removing gamelogic.o(.data.shapeNames), (28 bytes).
    Removing clk.o(.text), (0 bytes).
    Removing clk.o(.text.CLK_DisableCKO), (18 bytes).
    Removing clk.o(.ARM.exidx.text.CLK_DisableCKO), (8 bytes).
    Removing clk.o(.text.CLK_DisableModuleClock), (36 bytes).
    Removing clk.o(.ARM.exidx.text.CLK_DisableModuleClock), (8 bytes).
    Removing clk.o(.text.CLK_EnableCKO), (38 bytes).
    Removing clk.o(.ARM.exidx.text.CLK_EnableCKO), (8 bytes).
    Removing clk.o(.text.CLK_EnableModuleClock), (34 bytes).
    Removing clk.o(.ARM.exidx.text.CLK_EnableModuleClock), (8 bytes).
    Removing clk.o(.text.CLK_SetModuleClock), (158 bytes).
    Removing clk.o(.ARM.exidx.text.CLK_SetModuleClock), (8 bytes).
    Removing clk.o(.text.CLK_PowerDown), (50 bytes).
    Removing clk.o(.ARM.exidx.text.CLK_PowerDown), (8 bytes).
    Removing clk.o(.text.CLK_Idle), (36 bytes).
    Removing clk.o(.ARM.exidx.text.CLK_Idle), (8 bytes).
    Removing clk.o(.text.CLK_GetHXTFreq), (28 bytes).
    Removing clk.o(.ARM.exidx.text.CLK_GetHXTFreq), (8 bytes).
    Removing clk.o(.text.CLK_GetLXTFreq), (20 bytes).
    Removing clk.o(.ARM.exidx.text.CLK_GetLXTFreq), (8 bytes).
    Removing clk.o(.text.CLK_GetPCLK0Freq), (128 bytes).
    Removing clk.o(.ARM.exidx.text.CLK_GetPCLK0Freq), (8 bytes).
    Removing clk.o(.text.CLK_GetPCLK1Freq), (130 bytes).
    Removing clk.o(.ARM.exidx.text.CLK_GetPCLK1Freq), (8 bytes).
    Removing clk.o(.text.CLK_GetHCLKFreq), (18 bytes).
    Removing clk.o(.ARM.exidx.text.CLK_GetHCLKFreq), (8 bytes).
    Removing clk.o(.text.CLK_GetCPUFreq), (18 bytes).
    Removing clk.o(.ARM.exidx.text.CLK_GetCPUFreq), (8 bytes).
    Removing clk.o(.text.CLK_SetCoreClock), (336 bytes).
    Removing clk.o(.ARM.exidx.text.CLK_SetCoreClock), (8 bytes).
    Removing clk.o(.text.CLK_WaitClockReady), (108 bytes).
    Removing clk.o(.ARM.exidx.text.CLK_WaitClockReady), (8 bytes).
    Removing clk.o(.text.CLK_EnablePLL), (1364 bytes).
    Removing clk.o(.ARM.exidx.text.CLK_EnablePLL), (8 bytes).
    Removing clk.o(.text.CLK_SetHCLK), (168 bytes).
    Removing clk.o(.ARM.exidx.text.CLK_SetHCLK), (8 bytes).
    Removing clk.o(.text.CLK_SetSysTickClockSrc), (20 bytes).
    Removing clk.o(.ARM.exidx.text.CLK_SetSysTickClockSrc), (8 bytes).
    Removing clk.o(.text.CLK_EnableXtalRC), (16 bytes).
    Removing clk.o(.ARM.exidx.text.CLK_EnableXtalRC), (8 bytes).
    Removing clk.o(.text.CLK_DisableXtalRC), (18 bytes).
    Removing clk.o(.ARM.exidx.text.CLK_DisableXtalRC), (8 bytes).
    Removing clk.o(.text.CLK_DisablePLL), (18 bytes).
    Removing clk.o(.ARM.exidx.text.CLK_DisablePLL), (8 bytes).
    Removing clk.o(.text.CLK_GetPLLClockFreq), (86 bytes).
    Removing clk.o(.ARM.exidx.text.CLK_GetPLLClockFreq), (8 bytes).
    Removing clk.o(.text.CLK_EnableSysTick), (64 bytes).
    Removing clk.o(.ARM.exidx.text.CLK_EnableSysTick), (8 bytes).
    Removing clk.o(.text.CLK_DisableSysTick), (14 bytes).
    Removing clk.o(.ARM.exidx.text.CLK_DisableSysTick), (8 bytes).
    Removing clk.o(.text.CLK_SetPowerDownMode), (168 bytes).
    Removing clk.o(.ARM.exidx.text.CLK_SetPowerDownMode), (8 bytes).
    Removing clk.o(.text.CLK_EnableDPDWKPin), (86 bytes).
    Removing clk.o(.ARM.exidx.text.CLK_EnableDPDWKPin), (8 bytes).
    Removing clk.o(.text.CLK_GetPMUWKSrc), (12 bytes).
    Removing clk.o(.ARM.exidx.text.CLK_GetPMUWKSrc), (8 bytes).
    Removing clk.o(.text.CLK_EnableSPDWKPin), (40 bytes).
    Removing clk.o(.ARM.exidx.text.CLK_EnableSPDWKPin), (8 bytes).
    Removing clk.o(.text.CLK_GetModuleClockSource), (180 bytes).
    Removing clk.o(.ARM.exidx.text.CLK_GetModuleClockSource), (8 bytes).
    Removing clk.o(.text.CLK_GetModuleClockDivider), (100 bytes).
    Removing clk.o(.ARM.exidx.text.CLK_GetModuleClockDivider), (8 bytes).
    Removing clk.o(.bss.g_CLK_i32ErrCode), (4 bytes).
    Removing clk.o(.rodata.cst4), (4 bytes).
    Removing retarget.o(.text), (0 bytes).
    Removing retarget.o(.text.__aeabi_assert), (316 bytes).
    Removing retarget.o(.ARM.exidx.text.__aeabi_assert), (8 bytes).
    Removing retarget.o(.text.abort), (2 bytes).
    Removing retarget.o(.ARM.exidx.text.abort), (8 bytes).
    Removing retarget.o(.ARM.exidx.text.ProcessHardFault), (8 bytes).
    Removing retarget.o(.text.SendChar_ToUART), (74 bytes).
    Removing retarget.o(.ARM.exidx.text.SendChar_ToUART), (8 bytes).
    Removing retarget.o(.text.SendChar), (74 bytes).
    Removing retarget.o(.ARM.exidx.text.SendChar), (8 bytes).
    Removing retarget.o(.text.GetChar), (40 bytes).
    Removing retarget.o(.ARM.exidx.text.GetChar), (8 bytes).
    Removing retarget.o(.text.kbhit), (14 bytes).
    Removing retarget.o(.ARM.exidx.text.kbhit), (8 bytes).
    Removing retarget.o(.text.IsDebugFifoEmpty), (14 bytes).
    Removing retarget.o(.ARM.exidx.text.IsDebugFifoEmpty), (8 bytes).
    Removing retarget.o(.text._ttywrch), (74 bytes).
    Removing retarget.o(.ARM.exidx.text._ttywrch), (8 bytes).
    Removing retarget.o(.ARM.exidx.text.fputc), (8 bytes).
    Removing retarget.o(.text.fgetc), (40 bytes).
    Removing retarget.o(.ARM.exidx.text.fgetc), (8 bytes).
    Removing retarget.o(.text.ferror), (6 bytes).
    Removing retarget.o(.ARM.exidx.text.ferror), (8 bytes).
    Removing retarget.o(.bss.__stdin), (84 bytes).
    Removing sys.o(.text), (0 bytes).
    Removing sys.o(.text.SYS_ClearResetSrc), (14 bytes).
    Removing sys.o(.ARM.exidx.text.SYS_ClearResetSrc), (8 bytes).
    Removing sys.o(.text.SYS_GetBODStatus), (14 bytes).
    Removing sys.o(.ARM.exidx.text.SYS_GetBODStatus), (8 bytes).
    Removing sys.o(.text.SYS_GetResetSrc), (10 bytes).
    Removing sys.o(.ARM.exidx.text.SYS_GetResetSrc), (8 bytes).
    Removing sys.o(.text.SYS_IsRegLocked), (18 bytes).
    Removing sys.o(.ARM.exidx.text.SYS_IsRegLocked), (8 bytes).
    Removing sys.o(.text.SYS_ReadPDID), (8 bytes).
    Removing sys.o(.ARM.exidx.text.SYS_ReadPDID), (8 bytes).
    Removing sys.o(.text.SYS_ResetChip), (16 bytes).
    Removing sys.o(.ARM.exidx.text.SYS_ResetChip), (8 bytes).
    Removing sys.o(.text.SYS_ResetCPU), (16 bytes).
    Removing sys.o(.ARM.exidx.text.SYS_ResetCPU), (8 bytes).
    Removing sys.o(.text.SYS_ResetModule), (36 bytes).
    Removing sys.o(.ARM.exidx.text.SYS_ResetModule), (8 bytes).
    Removing sys.o(.text.SYS_EnableBOD), (36 bytes).
    Removing sys.o(.ARM.exidx.text.SYS_EnableBOD), (8 bytes).
    Removing sys.o(.text.SYS_DisableBOD), (16 bytes).
    Removing sys.o(.ARM.exidx.text.SYS_DisableBOD), (8 bytes).
    Removing sys.o(.text.SYS_SetPowerLevel), (20 bytes).
    Removing sys.o(.ARM.exidx.text.SYS_SetPowerLevel), (8 bytes).
    Removing sys.o(.text.SYS_SetVRef), (18 bytes).
    Removing sys.o(.ARM.exidx.text.SYS_SetVRef), (8 bytes).
    Removing timer.o(.text), (0 bytes).
    Removing timer.o(.text.TIMER_Open), (170 bytes).
    Removing timer.o(.ARM.exidx.text.TIMER_Open), (8 bytes).
    Removing timer.o(.text.TIMER_GetModuleClock), (104 bytes).
    Removing timer.o(.ARM.exidx.text.TIMER_GetModuleClock), (8 bytes).
    Removing timer.o(.text.TIMER_Close), (8 bytes).
    Removing timer.o(.ARM.exidx.text.TIMER_Close), (8 bytes).
    Removing timer.o(.text.TIMER_Delay), (430 bytes).
    Removing timer.o(.ARM.exidx.text.TIMER_Delay), (8 bytes).
    Removing timer.o(.text.TIMER_EnableCapture), (24 bytes).
    Removing timer.o(.ARM.exidx.text.TIMER_EnableCapture), (8 bytes).
    Removing timer.o(.text.TIMER_DisableCapture), (10 bytes).
    Removing timer.o(.ARM.exidx.text.TIMER_DisableCapture), (8 bytes).
    Removing timer.o(.text.TIMER_EnableEventCounter), (20 bytes).
    Removing timer.o(.ARM.exidx.text.TIMER_EnableEventCounter), (8 bytes).
    Removing timer.o(.text.TIMER_DisableEventCounter), (10 bytes).
    Removing timer.o(.ARM.exidx.text.TIMER_DisableEventCounter), (8 bytes).
    Removing timer.o(.text.TIMER_EnableFreqCounter), (66 bytes).
    Removing timer.o(.ARM.exidx.text.TIMER_EnableFreqCounter), (8 bytes).
    Removing timer.o(.text.TIMER_DisableFreqCounter), (10 bytes).
    Removing timer.o(.ARM.exidx.text.TIMER_DisableFreqCounter), (8 bytes).
    Removing timer.o(.text.TIMER_SetTriggerSource), (12 bytes).
    Removing timer.o(.ARM.exidx.text.TIMER_SetTriggerSource), (8 bytes).
    Removing timer.o(.text.TIMER_SetTriggerTarget), (12 bytes).
    Removing timer.o(.ARM.exidx.text.TIMER_SetTriggerTarget), (8 bytes).
    Removing timer.o(.text.TIMER_ResetCounter), (216 bytes).
    Removing timer.o(.ARM.exidx.text.TIMER_ResetCounter), (8 bytes).
    Removing timer.o(.rodata.cst32), (32 bytes).
    Removing uart.o(.text), (0 bytes).
    Removing uart.o(.text.UART_ClearIntFlag), (62 bytes).
    Removing uart.o(.ARM.exidx.text.UART_ClearIntFlag), (8 bytes).
    Removing uart.o(.text.UART_Close), (6 bytes).
    Removing uart.o(.ARM.exidx.text.UART_Close), (8 bytes).
    Removing uart.o(.text.UART_DisableFlowCtrl), (10 bytes).
    Removing uart.o(.ARM.exidx.text.UART_DisableFlowCtrl), (8 bytes).
    Removing uart.o(.text.UART_DisableInt), (10 bytes).
    Removing uart.o(.ARM.exidx.text.UART_DisableInt), (8 bytes).
    Removing uart.o(.text.UART_EnableFlowCtrl), (26 bytes).
    Removing uart.o(.ARM.exidx.text.UART_EnableFlowCtrl), (8 bytes).
    Removing uart.o(.text.UART_EnableInt), (8 bytes).
    Removing uart.o(.ARM.exidx.text.UART_EnableInt), (8 bytes).
    Removing uart.o(.text.UART_Open), (372 bytes).
    Removing uart.o(.ARM.exidx.text.UART_Open), (8 bytes).
    Removing uart.o(.text.UART_Read), (190 bytes).
    Removing uart.o(.ARM.exidx.text.UART_Read), (8 bytes).
    Removing uart.o(.text.UART_SetLineConfig), (344 bytes).
    Removing uart.o(.ARM.exidx.text.UART_SetLineConfig), (8 bytes).
    Removing uart.o(.text.UART_SetTimeoutCnt), (20 bytes).
    Removing uart.o(.ARM.exidx.text.UART_SetTimeoutCnt), (8 bytes).
    Removing uart.o(.text.UART_SelectIrDAMode), (358 bytes).
    Removing uart.o(.ARM.exidx.text.UART_SelectIrDAMode), (8 bytes).
    Removing uart.o(.text.UART_SelectRS485Mode), (34 bytes).
    Removing uart.o(.ARM.exidx.text.UART_SelectRS485Mode), (8 bytes).
    Removing uart.o(.text.UART_SelectLINMode), (22 bytes).
    Removing uart.o(.ARM.exidx.text.UART_SelectLINMode), (8 bytes).
    Removing uart.o(.text.UART_Write), (190 bytes).
    Removing uart.o(.ARM.exidx.text.UART_Write), (8 bytes).
    Removing uart.o(.rodata.cst16), (16 bytes).
    Removing gpio.o(.text), (0 bytes).
    Removing gpio.o(.text.GPIO_SetMode), (264 bytes).
    Removing gpio.o(.ARM.exidx.text.GPIO_SetMode), (8 bytes).
    Removing gpio.o(.text.GPIO_EnableInt), (50 bytes).
    Removing gpio.o(.ARM.exidx.text.GPIO_EnableInt), (8 bytes).
    Removing gpio.o(.text.GPIO_DisableInt), (30 bytes).
    Removing gpio.o(.ARM.exidx.text.GPIO_DisableInt), (8 bytes).
    Removing gpio.o(.text.GPIO_SetSlewCtl), (264 bytes).
    Removing gpio.o(.ARM.exidx.text.GPIO_SetSlewCtl), (8 bytes).
    Removing gpio.o(.text.GPIO_SetPullCtl), (264 bytes).
    Removing gpio.o(.ARM.exidx.text.GPIO_SetPullCtl), (8 bytes).
    Removing eadc.o(.text), (0 bytes).
    Removing eadc.o(.text.EADC_Open), (104 bytes).
    Removing eadc.o(.ARM.exidx.text.EADC_Open), (8 bytes).
    Removing eadc.o(.text.EADC_Close), (10 bytes).
    Removing eadc.o(.ARM.exidx.text.EADC_Close), (8 bytes).
    Removing eadc.o(.text.EADC_ConfigSampleModule), (38 bytes).
    Removing eadc.o(.ARM.exidx.text.EADC_ConfigSampleModule), (8 bytes).
    Removing eadc.o(.text.EADC_SetTriggerDelayTime), (36 bytes).
    Removing eadc.o(.ARM.exidx.text.EADC_SetTriggerDelayTime), (8 bytes).
    Removing eadc.o(.text.EADC_SetExtendSampleTime), (30 bytes).
    Removing eadc.o(.ARM.exidx.text.EADC_SetExtendSampleTime), (8 bytes).
    Removing eadc.o(.bss.g_EADC_i32ErrCode), (4 bytes).
    Removing ebi.o(.text), (0 bytes).
    Removing ebi.o(.text.EBI_Open), (292 bytes).
    Removing ebi.o(.ARM.exidx.text.EBI_Open), (8 bytes).
    Removing ebi.o(.text.EBI_Close), (18 bytes).
    Removing ebi.o(.ARM.exidx.text.EBI_Close), (8 bytes).
    Removing ebi.o(.text.EBI_SetBusTiming), (36 bytes).
    Removing ebi.o(.ARM.exidx.text.EBI_SetBusTiming), (8 bytes).
    Removing ddiv.o(.text), (222 bytes).
    Removing dflti.o(.text), (34 bytes).
    Removing dfixi.o(.text), (62 bytes).
    Removing depilogue.o(.text), (186 bytes).
    Removing dadd.o(.text), (334 bytes).
    Removing dmul.o(.text), (228 bytes).
    Removing dfixul.o(.text), (48 bytes).
    Removing cdrcmple.o(.text), (48 bytes).

340 unused section(s) (total 172220 bytes) removed from the image.

==============================================================================

Image Symbol Table

    Local Symbols

    Symbol Name                              Value     Ov Type        Size  Object(Section)

    ../clib/division.s                       0x00000000   Number         0  aeabi_sdiv.o ABSOLUTE
    ../clib/microlib/division.c              0x00000000   Number         0  uidiv.o ABSOLUTE
    ../clib/microlib/division.c              0x00000000   Number         0  uldiv.o ABSOLUTE
    ../clib/microlib/init/entry.s            0x00000000   Number         0  entry.o ABSOLUTE
    ../clib/microlib/init/entry.s            0x00000000   Number         0  entry2.o ABSOLUTE
    ../clib/microlib/init/entry.s            0x00000000   Number         0  entry5.o ABSOLUTE
    ../clib/microlib/init/entry.s            0x00000000   Number         0  entry7a.o ABSOLUTE
    ../clib/microlib/init/entry.s            0x00000000   Number         0  entry7b.o ABSOLUTE
    ../clib/microlib/init/entry.s            0x00000000   Number         0  entry8a.o ABSOLUTE
    ../clib/microlib/init/entry.s            0x00000000   Number         0  entry8b.o ABSOLUTE
    ../clib/microlib/init/entry.s            0x00000000   Number         0  entry9a.o ABSOLUTE
    ../clib/microlib/init/entry.s            0x00000000   Number         0  entry9b.o ABSOLUTE
    ../clib/microlib/init/entry.s            0x00000000   Number         0  entry10a.o ABSOLUTE
    ../clib/microlib/init/entry.s            0x00000000   Number         0  entry10b.o ABSOLUTE
    ../clib/microlib/init/entry.s            0x00000000   Number         0  entry11a.o ABSOLUTE
    ../clib/microlib/init/entry.s            0x00000000   Number         0  entry11b.o ABSOLUTE
    ../clib/microlib/longlong.c              0x00000000   Number         0  llushr.o ABSOLUTE
    ../clib/microlib/longlong.c              0x00000000   Number         0  llshl.o ABSOLUTE
    ../clib/microlib/longlong.c              0x00000000   Number         0  llsshr.o ABSOLUTE
    ../clib/microlib/printf/printf.c         0x00000000   Number         0  printfb.o ABSOLUTE
    ../clib/microlib/printf/printf.c         0x00000000   Number         0  printf0.o ABSOLUTE
    ../clib/microlib/printf/printf.c         0x00000000   Number         0  printf1.o ABSOLUTE
    ../clib/microlib/printf/printf.c         0x00000000   Number         0  printf2.o ABSOLUTE
    ../clib/microlib/printf/printf.c         0x00000000   Number         0  printf3.o ABSOLUTE
    ../clib/microlib/printf/printf.c         0x00000000   Number         0  printf4.o ABSOLUTE
    ../clib/microlib/printf/printf.c         0x00000000   Number         0  printf5.o ABSOLUTE
    ../clib/microlib/printf/printf.c         0x00000000   Number         0  printf6.o ABSOLUTE
    ../clib/microlib/printf/printf.c         0x00000000   Number         0  printf7.o ABSOLUTE
    ../clib/microlib/printf/printf.c         0x00000000   Number         0  printf8.o ABSOLUTE
    ../clib/microlib/printf/printf.c         0x00000000   Number         0  printfa.o ABSOLUTE
    ../clib/microlib/printf/stubs.s          0x00000000   Number         0  printfstubs.o ABSOLUTE
    ../clib/microlib/stdio/fputs.c           0x00000000   Number         0  fputs.o ABSOLUTE
    ../clib/microlib/stdio/fputs.c           0x00000000   Number         0  fputs_e.o ABSOLUTE
    ../clib/microlib/stdio/fwrite.c          0x00000000   Number         0  fwrite.o ABSOLUTE
    ../clib/microlib/stdio/fwrite.c          0x00000000   Number         0  fwrite_e.o ABSOLUTE
    ../clib/microlib/stdio/puts.c            0x00000000   Number         0  puts.o ABSOLUTE
    ../clib/microlib/stdio/puts.c            0x00000000   Number         0  puts_e.o ABSOLUTE
    ../clib/microlib/stdio/streams.c         0x00000000   Number         0  stderr.o ABSOLUTE
    ../clib/microlib/stdlib/rand.c           0x00000000   Number         0  rand.o ABSOLUTE
    ../clib/microlib/string/memset.c         0x00000000   Number         0  memseta.o ABSOLUTE
    ../clib/microlib/stubs.s                 0x00000000   Number         0  iusefp.o ABSOLUTE
    ../fplib/microlib/fpadd.c                0x00000000   Number         0  dadd.o ABSOLUTE
    ../fplib/microlib/fpdiv.c                0x00000000   Number         0  ddiv.o ABSOLUTE
    ../fplib/microlib/fpepilogue.c           0x00000000   Number         0  depilogue.o ABSOLUTE
    ../fplib/microlib/fpfix.c                0x00000000   Number         0  dfixi.o ABSOLUTE
    ../fplib/microlib/fpfix.c                0x00000000   Number         0  dfixul.o ABSOLUTE
    ../fplib/microlib/fpflt.c                0x00000000   Number         0  dflti.o ABSOLUTE
    ../fplib/microlib/fpmul.c                0x00000000   Number         0  dmul.o ABSOLUTE
    EBI_LCD_Module.c                         0x00000000   Number         0  ebi_lcd_module.o ABSOLUTE
    Library/Device/Nuvoton/M480/Source/ARM/startup_M480.s 0x00000000   Number         0  startup_m480.o ABSOLUTE
    WelcomeScreen.c                          0x00000000   Number         0  welcomescreen.o ABSOLUTE
    backgroundScreenPlay.c                   0x00000000   Number         0  backgroundscreenplay.o ABSOLUTE
    cdrcmple.s                               0x00000000   Number         0  cdrcmple.o ABSOLUTE
    clk.c                                    0x00000000   Number         0  clk.o ABSOLUTE
    eadc.c                                   0x00000000   Number         0  eadc.o ABSOLUTE
    ebi.c                                    0x00000000   Number         0  ebi.o ABSOLUTE
    gameLogic.c                              0x00000000   Number         0  gamelogic.o ABSOLUTE
    gameLoop.c                               0x00000000   Number         0  gameloop.o ABSOLUTE
    gpio.c                                   0x00000000   Number         0  gpio.o ABSOLUTE
    handlers.s                               0x00000000   Number         0  handlers.o ABSOLUTE
    image.c                                  0x00000000   Number         0  image.o ABSOLUTE
    image_16x32.c                            0x00000000   Number         0  image_16x32.o ABSOLUTE
    init.s                                   0x00000000   Number         0  init.o ABSOLUTE
    main.c                                   0x00000000   Number         0  main.o ABSOLUTE
    picture.c                                0x00000000   Number         0  picture.o ABSOLUTE
    retarget.c                               0x00000000   Number         0  retarget.o ABSOLUTE
    sys.c                                    0x00000000   Number         0  sys.o ABSOLUTE
    system_M480.c                            0x00000000   Number         0  system_m480.o ABSOLUTE
    timer.c                                  0x00000000   Number         0  timer.o ABSOLUTE
    uart.c                                   0x00000000   Number         0  uart.o ABSOLUTE
    RESET                                    0x00000000   Section      500  startup_m480.o(RESET)
    .ARM.Collect$$$$00000000                 0x000001f4   Section        0  entry.o(.ARM.Collect$$$$00000000)
    .ARM.Collect$$$$00000001                 0x000001f4   Section        4  entry2.o(.ARM.Collect$$$$00000001)
    .ARM.Collect$$$$00000004                 0x000001f8   Section        4  entry5.o(.ARM.Collect$$$$00000004)
    .ARM.Collect$$$$00000008                 0x000001fc   Section        0  entry7b.o(.ARM.Collect$$$$00000008)
    .ARM.Collect$$$$0000000A                 0x000001fc   Section        0  entry8b.o(.ARM.Collect$$$$0000000A)
    .ARM.Collect$$$$0000000B                 0x000001fc   Section        8  entry9a.o(.ARM.Collect$$$$0000000B)
    __lit__00000000                          0x00000204   Data           4  entry2.o(.ARM.Collect$$$$00002712)
    .ARM.Collect$$$$0000000D                 0x00000204   Section        0  entry10a.o(.ARM.Collect$$$$0000000D)
    .ARM.Collect$$$$0000000F                 0x00000204   Section        0  entry11a.o(.ARM.Collect$$$$0000000F)
    .ARM.Collect$$$$00002712                 0x00000204   Section        4  entry2.o(.ARM.Collect$$$$00002712)
    $v0                                      0x00000208   Number         0  startup_m480.o(.text)
    .text                                    0x00000208   Section      124  startup_m480.o(.text)
    Default_Handler                          0x00000269   Thumb Code     2  startup_m480.o(.text)
    .text                                    0x00000284   Section        0  rand.o(.text)
    .text                                    0x000002a8   Section        0  memseta.o(.text)
    .text                                    0x000002cc   Section        0  uldiv.o(.text)
    .text                                    0x0000032e   Section        0  llushr.o(.text)
    .text                                    0x00000350   Section       48  init.o(.text)
    .text                                    0x00000380   Section        0  llshl.o(.text)
    [Anonymous Symbol]                       0x000003a0   Section        0  gamelogic.o(.text.CheckAndClearLines)
    [Anonymous Symbol]                       0x0000058c   Section        0  gamelogic.o(.text.Check_Collision)
    [Anonymous Symbol]                       0x000006c8   Section        0  gamelogic.o(.text.CreateTetromino)
    [Anonymous Symbol]                       0x0000079c   Section        0  gamelogic.o(.text.DisplayHighScores)
    [Anonymous Symbol]                       0x00000870   Section        0  gamelogic.o(.text.DrawBoard)
    [Anonymous Symbol]                       0x000008d8   Section        0  gamelogic.o(.text.Draw_Current_Shape_Rotate)
    [Anonymous Symbol]                       0x0000092c   Section        0  gamelogic.o(.text.Draw_Tetromino)
    [Anonymous Symbol]                       0x00000984   Section        0  gamelogic.o(.text.Draw_next_Shape)
    [Anonymous Symbol]                       0x00000afc   Section        0  ebi_lcd_module.o(.text.EADC01_IRQHandler)
    [Anonymous Symbol]                       0x00000b18   Section        0  gamelogic.o(.text.Erase_Current_Shape_Rotate)
    [Anonymous Symbol]                       0x00000b84   Section        0  gamelogic.o(.text.Erase_next_Shape)
    [Anonymous Symbol]                       0x00000ccc   Section        0  main.o(.text.GPA_IRQHandler)
    [Anonymous Symbol]                       0x00000d40   Section        0  gamelogic.o(.text.GetShapeColor)
    [Anonymous Symbol]                       0x00000d58   Section        0  gamelogic.o(.text.HardDrop)
    [Anonymous Symbol]                       0x00000fa0   Section        0  ebi_lcd_module.o(.text.ILI9341_Initial)
    [Anonymous Symbol]                       0x00001290   Section        0  main.o(.text.Joystick_Polling_Read)
    [Anonymous Symbol]                       0x0000141c   Section        0  ebi_lcd_module.o(.text.LCD_BlankArea)
    [Anonymous Symbol]                       0x000016a4   Section        0  gameloop.o(.text.LCD_DisplayTime)
    [Anonymous Symbol]                       0x000016e0   Section        0  gameloop.o(.text.LCD_Draw_Border)
    [Anonymous Symbol]                       0x000018d0   Section        0  gameloop.o(.text.LCD_Draw_FilledSquare)
    [Anonymous Symbol]                       0x00001930   Section        0  gameloop.o(.text.LCD_Draw_SquareBorder)
    [Anonymous Symbol]                       0x00001b60   Section        0  gameloop.o(.text.LCD_Picture)
    [Anonymous Symbol]                       0x00001b94   Section        0  ebi_lcd_module.o(.text.LCD_PutChar8x16)
    [Anonymous Symbol]                       0x00001d88   Section        0  ebi_lcd_module.o(.text.LCD_PutString)
    [Anonymous Symbol]                       0x00001dd4   Section        0  ebi_lcd_module.o(.text.LCD_SetWindow)
    [Anonymous Symbol]                       0x00001e2c   Section        0  ebi_lcd_module.o(.text.LCD_WR_DATA)
    [Anonymous Symbol]                       0x00001e38   Section        0  gamelogic.o(.text.Lock_Tetromino_To_Board)
    [Anonymous Symbol]                       0x00001f6c   Section        0  gamelogic.o(.text.MoveTetrominoDown)
    [Anonymous Symbol]                       0x000023c4   Section        0  gamelogic.o(.text.MoveTetrominoLeft)
    [Anonymous Symbol]                       0x00002500   Section        0  gamelogic.o(.text.MoveTetrominoRight)
    [Anonymous Symbol]                       0x0000263c   Section        0  gamelogic.o(.text.Prepare_Next_Shape)
    [Anonymous Symbol]                       0x00002668   Section        0  retarget.o(.text.ProcessHardFault)
    [Anonymous Symbol]                       0x00002804   Section        0  gamelogic.o(.text.Promote_Next_Shape)
    [Anonymous Symbol]                       0x0000283c   Section        0  gamelogic.o(.text.Rotate_Clockwise)
    [Anonymous Symbol]                       0x000028ac   Section        0  main.o(.text.SYS_Init)
    [Anonymous Symbol]                       0x00002bc0   Section        0  gamelogic.o(.text.SaveHighScore)
    [Anonymous Symbol]                       0x00002c40   Section        0  system_m480.o(.text.SystemInit)
    [Anonymous Symbol]                       0x00002cb0   Section        0  main.o(.text.TMR0_IRQHandler)
    [Anonymous Symbol]                       0x00002cdc   Section        0  main.o(.text.TMR1_IRQHandler)
    [Anonymous Symbol]                       0x00002cfc   Section        0  main.o(.text.TMR2_IRQHandler)
    [Anonymous Symbol]                       0x00002d20   Section        0  ebi_lcd_module.o(.text.TMR3_IRQHandler)
    [Anonymous Symbol]                       0x00002d4c   Section        0  gamelogic.o(.text.Timer1_SetIntervalByLevel)
    [Anonymous Symbol]                       0x00002d70   Section        0  gamelogic.o(.text.displayTime)
    [Anonymous Symbol]                       0x00002dc8   Section        0  retarget.o(.text.fputc)
    [Anonymous Symbol]                       0x00002e14   Section        0  gameloop.o(.text.gameLoop)
    [Anonymous Symbol]                       0x00002f04   Section        0  main.o(.text.main)
    i.__0printf$8                            0x000034e8   Section        0  printf8.o(i.__0printf$8)
    i.__0sprintf$8                           0x00003508   Section        0  printf8.o(i.__0sprintf$8)
    i.__scatterload_copy                     0x00003530   Section       14  handlers.o(i.__scatterload_copy)
    i.__scatterload_null                     0x0000353e   Section        2  handlers.o(i.__scatterload_null)
    i.__scatterload_zeroinit                 0x00003540   Section       14  handlers.o(i.__scatterload_zeroinit)
    _printf_core                             0x00003551   Thumb Code   996  printf8.o(i._printf_core)
    i._printf_core                           0x00003550   Section        0  printf8.o(i._printf_core)
    _printf_post_padding                     0x00003961   Thumb Code    36  printf8.o(i._printf_post_padding)
    i._printf_post_padding                   0x00003960   Section        0  printf8.o(i._printf_post_padding)
    _printf_pre_padding                      0x00003985   Thumb Code    46  printf8.o(i._printf_pre_padding)
    i._printf_pre_padding                    0x00003984   Section        0  printf8.o(i._printf_pre_padding)
    _sputc                                   0x000039b3   Thumb Code    10  printf8.o(i._sputc)
    i._sputc                                 0x000039b2   Section        0  printf8.o(i._sputc)
    i.puts                                   0x000039bc   Section        0  puts.o(i.puts)
    .Lswitch.table.HardDrop                  0x0004f1e0   Data          16  gamelogic.o(.rodata.cst16)
    .Lswitch.table.HardDrop.24               0x0004f1f0   Data          32  gamelogic.o(.rodata.cst32)
    .Lswitch.table.HardDrop.25               0x0004f210   Data          32  gamelogic.o(.rodata.cst32)
    .Lswitch.table.HardDrop.26               0x0004f230   Data          32  gamelogic.o(.rodata.cst32)
    .Lswitch.table.HardDrop.27               0x0004f250   Data          32  gamelogic.o(.rodata.cst32)
    .Lswitch.table.HardDrop.28               0x0004f270   Data          32  gamelogic.o(.rodata.cst32)
    .Lswitch.table.HardDrop.29               0x0004f290   Data          32  gamelogic.o(.rodata.cst32)
    .Lswitch.table.HardDrop.30               0x0004f2b0   Data          32  gamelogic.o(.rodata.cst32)
    .L.str.2                                 0x0004f2fc   Data           5  gameloop.o(.rodata.str1.1)
    [Anonymous Symbol]                       0x0004f2fc   Section        0  gameloop.o(.rodata.str1.1)
    .L.str.1                                 0x0004f301   Data           6  gameloop.o(.rodata.str1.1)
    .L.str.5                                 0x0004f307   Data           6  gameloop.o(.rodata.str1.1)
    .L.str.3                                 0x0004f30d   Data           6  gameloop.o(.rodata.str1.1)
    .L.str.4                                 0x0004f313   Data           8  gameloop.o(.rodata.str1.1)
    .L.str                                   0x0004f31b   Data           5  gameloop.o(.rodata.str1.1)
    .L.str.7                                 0x0004f320   Data           4  gameloop.o(.rodata.str1.1)
    [Anonymous Symbol]                       0x0004f324   Section        0  gamelogic.o(.rodata.str1.1)
    .L.str.9                                 0x0004f32e   Data           7  gamelogic.o(.rodata.str1.1)
    .L.str.8                                 0x0004f332   Data           3  gamelogic.o(.rodata.str1.1)
    .L.str.8                                 0x0004f335   Data          32  retarget.o(.rodata.str1.1)
    [Anonymous Symbol]                       0x0004f335   Section        0  retarget.o(.rodata.str1.1)
    .L.str.11                                0x0004f355   Data          29  retarget.o(.rodata.str1.1)
    .L.str.7                                 0x0004f372   Data          27  retarget.o(.rodata.str1.1)
    .L.str.9                                 0x0004f38d   Data           4  retarget.o(.rodata.str1.1)
    .L.str.10                                0x0004f391   Data           4  retarget.o(.rodata.str1.1)
    .Lstr.16                                 0x0004f395   Data          35  retarget.o(.rodata.str1.1)
    _rand_state                              0x20000000   Data           4  rand.o(.data)
    .data                                    0x20000000   Section        4  rand.o(.data)
    Joystick_Polling_Read.down_debounce      0x20000020   Data           1  main.o(.bss.Joystick_Polling_Read.down_debounce)
    [Anonymous Symbol]                       0x20000020   Section        0  main.o(.bss.Joystick_Polling_Read.down_debounce)
    Joystick_Polling_Read.up_debounce        0x20000021   Data           1  main.o(.bss.Joystick_Polling_Read.up_debounce)
    [Anonymous Symbol]                       0x20000021   Section        0  main.o(.bss.Joystick_Polling_Read.up_debounce)
    gameLoop.initialized                     0x200007b0   Data           1  gameloop.o(.bss.gameLoop.initialized)
    [Anonymous Symbol]                       0x200007b0   Section        0  gameloop.o(.bss.gameLoop.initialized)
    lastLeftTime                             0x200007cc   Data           4  main.o(.bss.lastLeftTime)
    [Anonymous Symbol]                       0x200007cc   Section        0  main.o(.bss.lastLeftTime)
    lastRightTime                            0x200007d0   Data           4  main.o(.bss.lastRightTime)
    [Anonymous Symbol]                       0x200007d0   Section        0  main.o(.bss.lastRightTime)
    STACK                                    0x20000808   Section     2048  startup_m480.o(STACK)

    Global Symbols

    Symbol Name                              Value     Ov Type        Size  Object(Section)

    BuildAttributes$$THM_ISAv4$E$P$D$K$B$S$7EM$VFPi3$EXTD16$VFPS$VFMA$PE$A:L22UL41UL21$X:L11$S22US41US21$IEEE1$IW$~IW$USESV6$~STKCKD$USESV7$~SHL$OTIME$ROPI$EBA8$MICROLIB$REQ8$PRES8$EABIv2 0x00000000   Number         0  anon$$obj.o ABSOLUTE
    __Vectors                                0x00000000   Data           4  startup_m480.o(RESET)
    _printf_a                                0x00000000   Number         0  printfstubs.o ABSOLUTE
    _printf_c                                0x00000000   Number         0  printfstubs.o ABSOLUTE
    _printf_charcount                        0x00000000   Number         0  printfstubs.o ABSOLUTE
    _printf_d                                0x00000000   Number         0  printfstubs.o ABSOLUTE
    _printf_e                                0x00000000   Number         0  printfstubs.o ABSOLUTE
    _printf_f                                0x00000000   Number         0  printfstubs.o ABSOLUTE
    _printf_flags                            0x00000000   Number         0  printfstubs.o ABSOLUTE
    _printf_fp_dec                           0x00000000   Number         0  printfstubs.o ABSOLUTE
    _printf_fp_hex                           0x00000000   Number         0  printfstubs.o ABSOLUTE
    _printf_g                                0x00000000   Number         0  printfstubs.o ABSOLUTE
    _printf_i                                0x00000000   Number         0  printfstubs.o ABSOLUTE
    _printf_int_dec                          0x00000000   Number         0  printfstubs.o ABSOLUTE
    _printf_l                                0x00000000   Number         0  printfstubs.o ABSOLUTE
    _printf_lc                               0x00000000   Number         0  printfstubs.o ABSOLUTE
    _printf_ll                               0x00000000   Number         0  printfstubs.o ABSOLUTE
    _printf_lld                              0x00000000   Number         0  printfstubs.o ABSOLUTE
    _printf_lli                              0x00000000   Number         0  printfstubs.o ABSOLUTE
    _printf_llo                              0x00000000   Number         0  printfstubs.o ABSOLUTE
    _printf_llu                              0x00000000   Number         0  printfstubs.o ABSOLUTE
    _printf_llx                              0x00000000   Number         0  printfstubs.o ABSOLUTE
    _printf_longlong_dec                     0x00000000   Number         0  printfstubs.o ABSOLUTE
    _printf_longlong_hex                     0x00000000   Number         0  printfstubs.o ABSOLUTE
    _printf_longlong_oct                     0x00000000   Number         0  printfstubs.o ABSOLUTE
    _printf_ls                               0x00000000   Number         0  printfstubs.o ABSOLUTE
    _printf_mbtowc                           0x00000000   Number         0  printfstubs.o ABSOLUTE
    _printf_n                                0x00000000   Number         0  printfstubs.o ABSOLUTE
    _printf_o                                0x00000000   Number         0  printfstubs.o ABSOLUTE
    _printf_p                                0x00000000   Number         0  printfstubs.o ABSOLUTE
    _printf_percent                          0x00000000   Number         0  printfstubs.o ABSOLUTE
    _printf_pre_padding                      0x00000000   Number         0  printfstubs.o ABSOLUTE
    _printf_return_value                     0x00000000   Number         0  printfstubs.o ABSOLUTE
    _printf_s                                0x00000000   Number         0  printfstubs.o ABSOLUTE
    _printf_sizespec                         0x00000000   Number         0  printfstubs.o ABSOLUTE
    _printf_str                              0x00000000   Number         0  printfstubs.o ABSOLUTE
    _printf_truncate_signed                  0x00000000   Number         0  printfstubs.o ABSOLUTE
    _printf_truncate_unsigned                0x00000000   Number         0  printfstubs.o ABSOLUTE
    _printf_u                                0x00000000   Number         0  printfstubs.o ABSOLUTE
    _printf_wc                               0x00000000   Number         0  printfstubs.o ABSOLUTE
    _printf_wctomb                           0x00000000   Number         0  printfstubs.o ABSOLUTE
    _printf_widthprec                        0x00000000   Number         0  printfstubs.o ABSOLUTE
    _printf_x                                0x00000000   Number         0  printfstubs.o ABSOLUTE
    __cpp_initialize__aeabi_                  - Undefined Weak Reference
    __cxa_finalize                            - Undefined Weak Reference
    __decompress                              - Undefined Weak Reference
    _clock_init                               - Undefined Weak Reference
    _microlib_exit                            - Undefined Weak Reference
    __Vectors_End                            0x000001f4   Data           0  startup_m480.o(RESET)
    __Vectors_Size                           0x000001f4   Number         0  startup_m480.o ABSOLUTE
    __main                                   0x000001f5   Thumb Code     0  entry.o(.ARM.Collect$$$$00000000)
    _main_stk                                0x000001f5   Thumb Code     0  entry2.o(.ARM.Collect$$$$00000001)
    _main_scatterload                        0x000001f9   Thumb Code     0  entry5.o(.ARM.Collect$$$$00000004)
    __main_after_scatterload                 0x000001fd   Thumb Code     0  entry5.o(.ARM.Collect$$$$00000004)
    _main_clock                              0x000001fd   Thumb Code     0  entry7b.o(.ARM.Collect$$$$00000008)
    _main_cpp_init                           0x000001fd   Thumb Code     0  entry8b.o(.ARM.Collect$$$$0000000A)
    _main_init                               0x000001fd   Thumb Code     0  entry9a.o(.ARM.Collect$$$$0000000B)
    __rt_final_cpp                           0x00000205   Thumb Code     0  entry10a.o(.ARM.Collect$$$$0000000D)
    __rt_final_exit                          0x00000205   Thumb Code     0  entry11a.o(.ARM.Collect$$$$0000000F)
    Reset_Handler                            0x00000209   Thumb Code    64  startup_m480.o(.text)
    NMI_Handler                              0x00000249   Thumb Code     2  startup_m480.o(.text)
    HardFault_Handler                        0x0000024b   Thumb Code    16  startup_m480.o(.text)
    MemManage_Handler                        0x0000025b   Thumb Code     2  startup_m480.o(.text)
    BusFault_Handler                         0x0000025d   Thumb Code     2  startup_m480.o(.text)
    UsageFault_Handler                       0x0000025f   Thumb Code     2  startup_m480.o(.text)
    SVC_Handler                              0x00000261   Thumb Code     2  startup_m480.o(.text)
    DebugMon_Handler                         0x00000263   Thumb Code     2  startup_m480.o(.text)
    PendSV_Handler                           0x00000265   Thumb Code     2  startup_m480.o(.text)
    SysTick_Handler                          0x00000267   Thumb Code     2  startup_m480.o(.text)
    ACMP01_IRQHandler                        0x00000269   Thumb Code     0  startup_m480.o(.text)
    BOD_IRQHandler                           0x00000269   Thumb Code     0  startup_m480.o(.text)
    BPWM0_IRQHandler                         0x00000269   Thumb Code     0  startup_m480.o(.text)
    BPWM1_IRQHandler                         0x00000269   Thumb Code     0  startup_m480.o(.text)
    BRAKE0_IRQHandler                        0x00000269   Thumb Code     0  startup_m480.o(.text)
    BRAKE1_IRQHandler                        0x00000269   Thumb Code     0  startup_m480.o(.text)
    CAN0_IRQHandler                          0x00000269   Thumb Code     0  startup_m480.o(.text)
    CAN1_IRQHandler                          0x00000269   Thumb Code     0  startup_m480.o(.text)
    CAN2_IRQHandler                          0x00000269   Thumb Code     0  startup_m480.o(.text)
    CCAP_IRQHandler                          0x00000269   Thumb Code     0  startup_m480.o(.text)
    CKFAIL_IRQHandler                        0x00000269   Thumb Code     0  startup_m480.o(.text)
    CRYPTO_IRQHandler                        0x00000269   Thumb Code     0  startup_m480.o(.text)
    DAC_IRQHandler                           0x00000269   Thumb Code     0  startup_m480.o(.text)
    EADC00_IRQHandler                        0x00000269   Thumb Code     0  startup_m480.o(.text)
    EADC02_IRQHandler                        0x00000269   Thumb Code     0  startup_m480.o(.text)
    EADC03_IRQHandler                        0x00000269   Thumb Code     0  startup_m480.o(.text)
    EADC10_IRQHandler                        0x00000269   Thumb Code     0  startup_m480.o(.text)
    EADC11_IRQHandler                        0x00000269   Thumb Code     0  startup_m480.o(.text)
    EADC12_IRQHandler                        0x00000269   Thumb Code     0  startup_m480.o(.text)
    EADC13_IRQHandler                        0x00000269   Thumb Code     0  startup_m480.o(.text)
    ECAP0_IRQHandler                         0x00000269   Thumb Code     0  startup_m480.o(.text)
    ECAP1_IRQHandler                         0x00000269   Thumb Code     0  startup_m480.o(.text)
    EHCI_IRQHandler                          0x00000269   Thumb Code     0  startup_m480.o(.text)
    EINT0_IRQHandler                         0x00000269   Thumb Code     0  startup_m480.o(.text)
    EINT1_IRQHandler                         0x00000269   Thumb Code     0  startup_m480.o(.text)
    EINT2_IRQHandler                         0x00000269   Thumb Code     0  startup_m480.o(.text)
    EINT3_IRQHandler                         0x00000269   Thumb Code     0  startup_m480.o(.text)
    EINT4_IRQHandler                         0x00000269   Thumb Code     0  startup_m480.o(.text)
    EINT5_IRQHandler                         0x00000269   Thumb Code     0  startup_m480.o(.text)
    EINT6_IRQHandler                         0x00000269   Thumb Code     0  startup_m480.o(.text)
    EINT7_IRQHandler                         0x00000269   Thumb Code     0  startup_m480.o(.text)
    EMAC_RX_IRQHandler                       0x00000269   Thumb Code     0  startup_m480.o(.text)
    EMAC_TX_IRQHandler                       0x00000269   Thumb Code     0  startup_m480.o(.text)
    EPWM0P0_IRQHandler                       0x00000269   Thumb Code     0  startup_m480.o(.text)
    EPWM0P1_IRQHandler                       0x00000269   Thumb Code     0  startup_m480.o(.text)
    EPWM0P2_IRQHandler                       0x00000269   Thumb Code     0  startup_m480.o(.text)
    EPWM1P0_IRQHandler                       0x00000269   Thumb Code     0  startup_m480.o(.text)
    EPWM1P1_IRQHandler                       0x00000269   Thumb Code     0  startup_m480.o(.text)
    EPWM1P2_IRQHandler                       0x00000269   Thumb Code     0  startup_m480.o(.text)
    GPB_IRQHandler                           0x00000269   Thumb Code     0  startup_m480.o(.text)
    GPC_IRQHandler                           0x00000269   Thumb Code     0  startup_m480.o(.text)
    GPD_IRQHandler                           0x00000269   Thumb Code     0  startup_m480.o(.text)
    GPE_IRQHandler                           0x00000269   Thumb Code     0  startup_m480.o(.text)
    GPF_IRQHandler                           0x00000269   Thumb Code     0  startup_m480.o(.text)
    GPG_IRQHandler                           0x00000269   Thumb Code     0  startup_m480.o(.text)
    GPH_IRQHandler                           0x00000269   Thumb Code     0  startup_m480.o(.text)
    I2C0_IRQHandler                          0x00000269   Thumb Code     0  startup_m480.o(.text)
    I2C1_IRQHandler                          0x00000269   Thumb Code     0  startup_m480.o(.text)
    I2C2_IRQHandler                          0x00000269   Thumb Code     0  startup_m480.o(.text)
    I2S0_IRQHandler                          0x00000269   Thumb Code     0  startup_m480.o(.text)
    IRC_IRQHandler                           0x00000269   Thumb Code     0  startup_m480.o(.text)
    OHCI_IRQHandler                          0x00000269   Thumb Code     0  startup_m480.o(.text)
    OPA0_IRQHandler                          0x00000269   Thumb Code     0  startup_m480.o(.text)
    PDMA_IRQHandler                          0x00000269   Thumb Code     0  startup_m480.o(.text)
    PWRWU_IRQHandler                         0x00000269   Thumb Code     0  startup_m480.o(.text)
    QEI0_IRQHandler                          0x00000269   Thumb Code     0  startup_m480.o(.text)
    QEI1_IRQHandler                          0x00000269   Thumb Code     0  startup_m480.o(.text)
    QSPI0_IRQHandler                         0x00000269   Thumb Code     0  startup_m480.o(.text)
    QSPI1_IRQHandler                         0x00000269   Thumb Code     0  startup_m480.o(.text)
    RAMPE_IRQHandler                         0x00000269   Thumb Code     0  startup_m480.o(.text)
    RTC_IRQHandler                           0x00000269   Thumb Code     0  startup_m480.o(.text)
    SC0_IRQHandler                           0x00000269   Thumb Code     0  startup_m480.o(.text)
    SC1_IRQHandler                           0x00000269   Thumb Code     0  startup_m480.o(.text)
    SC2_IRQHandler                           0x00000269   Thumb Code     0  startup_m480.o(.text)
    SDH0_IRQHandler                          0x00000269   Thumb Code     0  startup_m480.o(.text)
    SDH1_IRQHandler                          0x00000269   Thumb Code     0  startup_m480.o(.text)
    SPI0_IRQHandler                          0x00000269   Thumb Code     0  startup_m480.o(.text)
    SPI1_IRQHandler                          0x00000269   Thumb Code     0  startup_m480.o(.text)
    SPI2_IRQHandler                          0x00000269   Thumb Code     0  startup_m480.o(.text)
    SPI3_IRQHandler                          0x00000269   Thumb Code     0  startup_m480.o(.text)
    SPIM_IRQHandler                          0x00000269   Thumb Code     0  startup_m480.o(.text)
    TAMPER_IRQHandler                        0x00000269   Thumb Code     0  startup_m480.o(.text)
    TRNG_IRQHandler                          0x00000269   Thumb Code     0  startup_m480.o(.text)
    UART0_IRQHandler                         0x00000269   Thumb Code     0  startup_m480.o(.text)
    UART1_IRQHandler                         0x00000269   Thumb Code     0  startup_m480.o(.text)
    UART2_IRQHandler                         0x00000269   Thumb Code     0  startup_m480.o(.text)
    UART3_IRQHandler                         0x00000269   Thumb Code     0  startup_m480.o(.text)
    UART4_IRQHandler                         0x00000269   Thumb Code     0  startup_m480.o(.text)
    UART5_IRQHandler                         0x00000269   Thumb Code     0  startup_m480.o(.text)
    UART6_IRQHandler                         0x00000269   Thumb Code     0  startup_m480.o(.text)
    UART7_IRQHandler                         0x00000269   Thumb Code     0  startup_m480.o(.text)
    USBD20_IRQHandler                        0x00000269   Thumb Code     0  startup_m480.o(.text)
    USBD_IRQHandler                          0x00000269   Thumb Code     0  startup_m480.o(.text)
    USBOTG20_IRQHandler                      0x00000269   Thumb Code     0  startup_m480.o(.text)
    USBOTG_IRQHandler                        0x00000269   Thumb Code     0  startup_m480.o(.text)
    USCI0_IRQHandler                         0x00000269   Thumb Code     0  startup_m480.o(.text)
    USCI1_IRQHandler                         0x00000269   Thumb Code     0  startup_m480.o(.text)
    WDT_IRQHandler                           0x00000269   Thumb Code     0  startup_m480.o(.text)
    WWDT_IRQHandler                          0x00000269   Thumb Code     0  startup_m480.o(.text)
    rand                                     0x00000285   Thumb Code    20  rand.o(.text)
    srand                                    0x00000299   Thumb Code     6  rand.o(.text)
    __aeabi_memset                           0x000002a9   Thumb Code    14  memseta.o(.text)
    __aeabi_memset4                          0x000002a9   Thumb Code     0  memseta.o(.text)
    __aeabi_memset8                          0x000002a9   Thumb Code     0  memseta.o(.text)
    __aeabi_memclr                           0x000002b7   Thumb Code     4  memseta.o(.text)
    __aeabi_memclr4                          0x000002b7   Thumb Code     0  memseta.o(.text)
    __aeabi_memclr8                          0x000002b7   Thumb Code     0  memseta.o(.text)
    _memset$wrapper                          0x000002bb   Thumb Code    18  memseta.o(.text)
    __aeabi_uldivmod                         0x000002cd   Thumb Code    98  uldiv.o(.text)
    __aeabi_llsr                             0x0000032f   Thumb Code    32  llushr.o(.text)
    _ll_ushift_r                             0x0000032f   Thumb Code     0  llushr.o(.text)
    __scatterload                            0x00000351   Thumb Code    38  init.o(.text)
    __scatterload_rt2                        0x00000351   Thumb Code     0  init.o(.text)
    __aeabi_llsl                             0x00000381   Thumb Code    30  llshl.o(.text)
    _ll_shift_l                              0x00000381   Thumb Code     0  llshl.o(.text)
    CheckAndClearLines                       0x000003a1   Thumb Code   490  gamelogic.o(.text.CheckAndClearLines)
    Check_Collision                          0x0000058d   Thumb Code   314  gamelogic.o(.text.Check_Collision)
    CreateTetromino                          0x000006c9   Thumb Code   210  gamelogic.o(.text.CreateTetromino)
    DisplayHighScores                        0x0000079d   Thumb Code   200  gamelogic.o(.text.DisplayHighScores)
    DrawBoard                                0x00000871   Thumb Code   102  gamelogic.o(.text.DrawBoard)
    Draw_Current_Shape_Rotate                0x000008d9   Thumb Code    84  gamelogic.o(.text.Draw_Current_Shape_Rotate)
    Draw_Tetromino                           0x0000092d   Thumb Code    86  gamelogic.o(.text.Draw_Tetromino)
    Draw_next_Shape                          0x00000985   Thumb Code   376  gamelogic.o(.text.Draw_next_Shape)
    EADC01_IRQHandler                        0x00000afd   Thumb Code    26  ebi_lcd_module.o(.text.EADC01_IRQHandler)
    Erase_Current_Shape_Rotate               0x00000b19   Thumb Code   106  gamelogic.o(.text.Erase_Current_Shape_Rotate)
    Erase_next_Shape                         0x00000b85   Thumb Code   326  gamelogic.o(.text.Erase_next_Shape)
    GPA_IRQHandler                           0x00000ccd   Thumb Code   116  main.o(.text.GPA_IRQHandler)
    GetShapeColor                            0x00000d41   Thumb Code    22  gamelogic.o(.text.GetShapeColor)
    HardDrop                                 0x00000d59   Thumb Code   582  gamelogic.o(.text.HardDrop)
    ILI9341_Initial                          0x00000fa1   Thumb Code   716  ebi_lcd_module.o(.text.ILI9341_Initial)
    Joystick_Polling_Read                    0x00001291   Thumb Code   394  main.o(.text.Joystick_Polling_Read)
    LCD_BlankArea                            0x0000141d   Thumb Code   646  ebi_lcd_module.o(.text.LCD_BlankArea)
    LCD_DisplayTime                          0x000016a5   Thumb Code    48  gameloop.o(.text.LCD_DisplayTime)
    LCD_Draw_Border                          0x000016e1   Thumb Code   494  gameloop.o(.text.LCD_Draw_Border)
    LCD_Draw_FilledSquare                    0x000018d1   Thumb Code    94  gameloop.o(.text.LCD_Draw_FilledSquare)
    LCD_Draw_SquareBorder                    0x00001931   Thumb Code   560  gameloop.o(.text.LCD_Draw_SquareBorder)
    LCD_Picture                              0x00001b61   Thumb Code    50  gameloop.o(.text.LCD_Picture)
    LCD_PutChar8x16                          0x00001b95   Thumb Code   498  ebi_lcd_module.o(.text.LCD_PutChar8x16)
    LCD_PutString                            0x00001d89   Thumb Code    74  ebi_lcd_module.o(.text.LCD_PutString)
    LCD_SetWindow                            0x00001dd5   Thumb Code    88  ebi_lcd_module.o(.text.LCD_SetWindow)
    LCD_WR_DATA                              0x00001e2d   Thumb Code    10  ebi_lcd_module.o(.text.LCD_WR_DATA)
    Lock_Tetromino_To_Board                  0x00001e39   Thumb Code   308  gamelogic.o(.text.Lock_Tetromino_To_Board)
    MoveTetrominoDown                        0x00001f6d   Thumb Code  1068  gamelogic.o(.text.MoveTetrominoDown)
    MoveTetrominoLeft                        0x000023c5   Thumb Code   314  gamelogic.o(.text.MoveTetrominoLeft)
    MoveTetrominoRight                       0x00002501   Thumb Code   314  gamelogic.o(.text.MoveTetrominoRight)
    Prepare_Next_Shape                       0x0000263d   Thumb Code    42  gamelogic.o(.text.Prepare_Next_Shape)
    ProcessHardFault                         0x00002669   Thumb Code   264  retarget.o(.text.ProcessHardFault)
    Promote_Next_Shape                       0x00002805   Thumb Code    54  gamelogic.o(.text.Promote_Next_Shape)
    Rotate_Clockwise                         0x0000283d   Thumb Code   110  gamelogic.o(.text.Rotate_Clockwise)
    SYS_Init                                 0x000028ad   Thumb Code   788  main.o(.text.SYS_Init)
    SaveHighScore                            0x00002bc1   Thumb Code   126  gamelogic.o(.text.SaveHighScore)
    SystemInit                               0x00002c41   Thumb Code   112  system_m480.o(.text.SystemInit)
    TMR0_IRQHandler                          0x00002cb1   Thumb Code    44  main.o(.text.TMR0_IRQHandler)
    TMR1_IRQHandler                          0x00002cdd   Thumb Code    30  main.o(.text.TMR1_IRQHandler)
    TMR2_IRQHandler                          0x00002cfd   Thumb Code    36  main.o(.text.TMR2_IRQHandler)
    TMR3_IRQHandler                          0x00002d21   Thumb Code    44  ebi_lcd_module.o(.text.TMR3_IRQHandler)
    Timer1_SetIntervalByLevel                0x00002d4d   Thumb Code    36  gamelogic.o(.text.Timer1_SetIntervalByLevel)
    displayTime                              0x00002d71   Thumb Code    86  gamelogic.o(.text.displayTime)
    fputc                                    0x00002dc9   Thumb Code    74  retarget.o(.text.fputc)
    gameLoop                                 0x00002e15   Thumb Code   238  gameloop.o(.text.gameLoop)
    main                                     0x00002f05   Thumb Code  1464  main.o(.text.main)
    __0printf$8                              0x000034e9   Thumb Code    22  printf8.o(i.__0printf$8)
    __1printf$8                              0x000034e9   Thumb Code     0  printf8.o(i.__0printf$8)
    __2printf                                0x000034e9   Thumb Code     0  printf8.o(i.__0printf$8)
    __0sprintf$8                             0x00003509   Thumb Code    34  printf8.o(i.__0sprintf$8)
    __1sprintf$8                             0x00003509   Thumb Code     0  printf8.o(i.__0sprintf$8)
    __2sprintf                               0x00003509   Thumb Code     0  printf8.o(i.__0sprintf$8)
    __scatterload_copy                       0x00003531   Thumb Code    14  handlers.o(i.__scatterload_copy)
    __scatterload_null                       0x0000353f   Thumb Code     2  handlers.o(i.__scatterload_null)
    __scatterload_zeroinit                   0x00003541   Thumb Code    14  handlers.o(i.__scatterload_zeroinit)
    puts                                     0x000039bd   Thumb Code    30  puts.o(i.puts)
    Font8x16                                 0x000039e0   Data        2048  image.o(.rodata.Font8x16)
    WelcomeScreen                            0x000041e0   Data       153600  welcomescreen.o(.rodata.WelcomeScreen)
    backgroundScreenPlay                     0x000299e0   Data       153600  backgroundscreenplay.o(.rodata.backgroundScreenPlay)
    level_cmp                                0x0004f2d0   Data          44  gamelogic.o(.rodata.level_cmp)
    Region$$Table$$Base                      0x0004f3b8   Number         0  anon$$obj.o(Region$$Table)
    Region$$Table$$Limit                     0x0004f3d8   Number         0  anon$$obj.o(Region$$Table)
    CyclesPerUs                              0x20000004   Data           4  system_m480.o(.data.CyclesPerUs)
    currentShapeIndex                        0x20000008   Data           4  gameloop.o(.data.currentShapeIndex)
    level                                    0x2000000c   Data           1  gamelogic.o(.data.level)
    needsRedraw                              0x20000010   Data           4  gameloop.o(.data.needsRedraw)
    nextShapeIndex                           0x20000014   Data           4  gameloop.o(.data.nextShapeIndex)
    timer_running                            0x20000018   Data           1  main.o(.data.timer_running)
    Timer0_cnt                               0x20000022   Data           1  main.o(.bss.Timer0_cnt)
    Timer0_flag                              0x20000023   Data           1  main.o(.bss.Timer0_flag)
    Timer3_cnt                               0x20000024   Data           1  ebi_lcd_module.o(.bss.Timer3_cnt)
    Timer3_flag                              0x20000025   Data           1  ebi_lcd_module.o(.bss.Timer3_flag)
    __stdout                                 0x20000028   Data          84  retarget.o(.bss.__stdout)
    board                                    0x2000007c   Data        1792  gamelogic.o(.bss.board)
    currentState                             0x2000077c   Data           1  gamelogic.o(.bss.currentState)
    currentTetromino                         0x20000780   Data          36  gameloop.o(.bss.currentTetromino)
    currentX                                 0x200007a4   Data           4  gameloop.o(.bss.currentX)
    currentY                                 0x200007a8   Data           4  gameloop.o(.bss.currentY)
    g_u32AdcIntFlag_TP                       0x200007ac   Data           4  ebi_lcd_module.o(.bss.g_u32AdcIntFlag_TP)
    highScores                               0x200007b4   Data          20  gamelogic.o(.bss.highScores)
    isPaused                                 0x200007c8   Data           4  gameloop.o(.bss.isPaused)
    millis                                   0x200007d4   Data           4  main.o(.bss.millis)
    minutes                                  0x200007d8   Data           1  main.o(.bss.minutes)
    nextTetromino                            0x200007dc   Data          36  gameloop.o(.bss.nextTetromino)
    score                                    0x20000800   Data           4  gamelogic.o(.bss.score)
    seconds                                  0x20000804   Data           1  main.o(.bss.seconds)
    switchPressed                            0x20000805   Data           1  main.o(.bss.switchPressed)
    __initial_sp                             0x20001008   Data           0  startup_m480.o(STACK)



==============================================================================

Memory Map of the image

  Image Entry point : 0x00000209

  Load Region LR_1 (Base: 0x00000000, Size: 0x0004f3f4, Max: 0xffffffff, ABSOLUTE)

    Execution Region ER_RO (Exec base: 0x00000000, Load base: 0x00000000, Size: 0x0004f3d8, Max: 0xffffffff, ABSOLUTE)

    Exec Addr    Load Addr    Size         Type   Attr      Idx    E Section Name        Object

    0x00000000   0x00000000   0x000001f4   Data   RO           19    RESET               startup_m480.o
    0x000001f4   0x000001f4   0x00000000   Code   RO          537  * .ARM.Collect$$$$00000000  mc_w.l(entry.o)
    0x000001f4   0x000001f4   0x00000004   Code   RO          823    .ARM.Collect$$$$00000001  mc_w.l(entry2.o)
    0x000001f8   0x000001f8   0x00000004   Code   RO          826    .ARM.Collect$$$$00000004  mc_w.l(entry5.o)
    0x000001fc   0x000001fc   0x00000000   Code   RO          828    .ARM.Collect$$$$00000008  mc_w.l(entry7b.o)
    0x000001fc   0x000001fc   0x00000000   Code   RO          830    .ARM.Collect$$$$0000000A  mc_w.l(entry8b.o)
    0x000001fc   0x000001fc   0x00000008   Code   RO          831    .ARM.Collect$$$$0000000B  mc_w.l(entry9a.o)
    0x00000204   0x00000204   0x00000000   Code   RO          833    .ARM.Collect$$$$0000000D  mc_w.l(entry10a.o)
    0x00000204   0x00000204   0x00000000   Code   RO          835    .ARM.Collect$$$$0000000F  mc_w.l(entry11a.o)
    0x00000204   0x00000204   0x00000004   Code   RO          824    .ARM.Collect$$$$00002712  mc_w.l(entry2.o)
    0x00000208   0x00000208   0x0000007c   Code   RO           20  * .text               startup_m480.o
    0x00000284   0x00000284   0x00000024   Code   RO          551    .text               mc_w.l(rand.o)
    0x000002a8   0x000002a8   0x00000024   Code   RO          554    .text               mc_w.l(memseta.o)
    0x000002cc   0x000002cc   0x00000062   Code   RO          848    .text               mc_w.l(uldiv.o)
    0x0000032e   0x0000032e   0x00000020   Code   RO          850    .text               mc_w.l(llushr.o)
    0x0000034e   0x0000034e   0x00000002   PAD
    0x00000350   0x00000350   0x00000030   Code   RO          863    .text               mc_w.l(init.o)
    0x00000380   0x00000380   0x0000001e   Code   RO          865    .text               mc_w.l(llshl.o)
    0x0000039e   0x0000039e   0x00000002   PAD
    0x000003a0   0x000003a0   0x000001ea   Code   RO          240    .text.CheckAndClearLines  gamelogic.o
    0x0000058a   0x0000058a   0x00000002   PAD
    0x0000058c   0x0000058c   0x0000013a   Code   RO          236    .text.Check_Collision  gamelogic.o
    0x000006c6   0x000006c6   0x00000002   PAD
    0x000006c8   0x000006c8   0x000000d2   Code   RO          212    .text.CreateTetromino  gamelogic.o
    0x0000079a   0x0000079a   0x00000002   PAD
    0x0000079c   0x0000079c   0x000000d4   Code   RO          256    .text.DisplayHighScores  gamelogic.o
    0x00000870   0x00000870   0x00000066   Code   RO          244    .text.DrawBoard     gamelogic.o
    0x000008d6   0x000008d6   0x00000002   PAD
    0x000008d8   0x000008d8   0x00000054   Code   RO          228    .text.Draw_Current_Shape_Rotate  gamelogic.o
    0x0000092c   0x0000092c   0x00000056   Code   RO          208    .text.Draw_Tetromino  gamelogic.o
    0x00000982   0x00000982   0x00000002   PAD
    0x00000984   0x00000984   0x00000178   Code   RO          222    .text.Draw_next_Shape  gamelogic.o
    0x00000afc   0x00000afc   0x0000001a   Code   RO          111    .text.EADC01_IRQHandler  ebi_lcd_module.o
    0x00000b16   0x00000b16   0x00000002   PAD
    0x00000b18   0x00000b18   0x0000006a   Code   RO          226    .text.Erase_Current_Shape_Rotate  gamelogic.o
    0x00000b82   0x00000b82   0x00000002   PAD
    0x00000b84   0x00000b84   0x00000146   Code   RO          224    .text.Erase_next_Shape  gamelogic.o
    0x00000cca   0x00000cca   0x00000002   PAD
    0x00000ccc   0x00000ccc   0x00000074   Code   RO           51    .text.GPA_IRQHandler  main.o
    0x00000d40   0x00000d40   0x00000016   Code   RO          214    .text.GetShapeColor  gamelogic.o
    0x00000d56   0x00000d56   0x00000002   PAD
    0x00000d58   0x00000d58   0x00000246   Code   RO          248    .text.HardDrop      gamelogic.o
    0x00000f9e   0x00000f9e   0x00000002   PAD
    0x00000fa0   0x00000fa0   0x000002f0   Code   RO           97    .text.ILI9341_Initial  ebi_lcd_module.o
    0x00001290   0x00001290   0x0000018a   Code   RO           55    .text.Joystick_Polling_Read  main.o
    0x0000141a   0x0000141a   0x00000002   PAD
    0x0000141c   0x0000141c   0x00000286   Code   RO          105    .text.LCD_BlankArea  ebi_lcd_module.o
    0x000016a2   0x000016a2   0x00000002   PAD
    0x000016a4   0x000016a4   0x0000003c   Code   RO          170    .text.LCD_DisplayTime  gameloop.o
    0x000016e0   0x000016e0   0x000001ee   Code   RO          168    .text.LCD_Draw_Border  gameloop.o
    0x000018ce   0x000018ce   0x00000002   PAD
    0x000018d0   0x000018d0   0x0000005e   Code   RO          144    .text.LCD_Draw_FilledSquare  gameloop.o
    0x0000192e   0x0000192e   0x00000002   PAD
    0x00001930   0x00001930   0x00000230   Code   RO          146    .text.LCD_Draw_SquareBorder  gameloop.o
    0x00001b60   0x00001b60   0x00000032   Code   RO          142    .text.LCD_Picture   gameloop.o
    0x00001b92   0x00001b92   0x00000002   PAD
    0x00001b94   0x00001b94   0x000001f2   Code   RO           99    .text.LCD_PutChar8x16  ebi_lcd_module.o
    0x00001d86   0x00001d86   0x00000002   PAD
    0x00001d88   0x00001d88   0x0000004a   Code   RO          101    .text.LCD_PutString  ebi_lcd_module.o
    0x00001dd2   0x00001dd2   0x00000002   PAD
    0x00001dd4   0x00001dd4   0x00000058   Code   RO           95    .text.LCD_SetWindow  ebi_lcd_module.o
    0x00001e2c   0x00001e2c   0x0000000a   Code   RO           91    .text.LCD_WR_DATA   ebi_lcd_module.o
    0x00001e36   0x00001e36   0x00000002   PAD
    0x00001e38   0x00001e38   0x00000134   Code   RO          238    .text.Lock_Tetromino_To_Board  gamelogic.o
    0x00001f6c   0x00001f6c   0x00000458   Code   RO          242    .text.MoveTetrominoDown  gamelogic.o
    0x000023c4   0x000023c4   0x0000013a   Code   RO          250    .text.MoveTetrominoLeft  gamelogic.o
    0x000024fe   0x000024fe   0x00000002   PAD
    0x00002500   0x00002500   0x0000013a   Code   RO          252    .text.MoveTetrominoRight  gamelogic.o
    0x0000263a   0x0000263a   0x00000002   PAD
    0x0000263c   0x0000263c   0x0000002a   Code   RO          210    .text.Prepare_Next_Shape  gamelogic.o
    0x00002666   0x00002666   0x00000002   PAD
    0x00002668   0x00002668   0x0000019c   Code   RO          352    .text.ProcessHardFault  retarget.o
    0x00002804   0x00002804   0x00000036   Code   RO          216    .text.Promote_Next_Shape  gamelogic.o
    0x0000283a   0x0000283a   0x00000002   PAD
    0x0000283c   0x0000283c   0x0000006e   Code   RO          206    .text.Rotate_Clockwise  gamelogic.o
    0x000028aa   0x000028aa   0x00000002   PAD
    0x000028ac   0x000028ac   0x00000314   Code   RO           27    .text.SYS_Init      main.o
    0x00002bc0   0x00002bc0   0x0000007e   Code   RO          254    .text.SaveHighScore  gamelogic.o
    0x00002c3e   0x00002c3e   0x00000002   PAD
    0x00002c40   0x00002c40   0x00000070   Code   RO            4    .text.SystemInit    system_m480.o
    0x00002cb0   0x00002cb0   0x0000002c   Code   RO           37    .text.TMR0_IRQHandler  main.o
    0x00002cdc   0x00002cdc   0x0000001e   Code   RO           33    .text.TMR1_IRQHandler  main.o
    0x00002cfa   0x00002cfa   0x00000002   PAD
    0x00002cfc   0x00002cfc   0x00000024   Code   RO           29    .text.TMR2_IRQHandler  main.o
    0x00002d20   0x00002d20   0x0000002c   Code   RO           85    .text.TMR3_IRQHandler  ebi_lcd_module.o
    0x00002d4c   0x00002d4c   0x00000024   Code   RO          230    .text.Timer1_SetIntervalByLevel  gamelogic.o
    0x00002d70   0x00002d70   0x00000056   Code   RO          246    .text.displayTime   gamelogic.o
    0x00002dc6   0x00002dc6   0x00000002   PAD
    0x00002dc8   0x00002dc8   0x0000004a   Code   RO          366    .text.fputc         retarget.o
    0x00002e12   0x00002e12   0x00000002   PAD
    0x00002e14   0x00002e14   0x000000ee   Code   RO          174    .text.gameLoop      gameloop.o
    0x00002f02   0x00002f02   0x00000002   PAD
    0x00002f04   0x00002f04   0x000005e4   Code   RO           61    .text.main          main.o
    0x000034e8   0x000034e8   0x00000020   Code   RO          763    i.__0printf$8       mc_w.l(printf8.o)
    0x00003508   0x00003508   0x00000028   Code   RO          765    i.__0sprintf$8      mc_w.l(printf8.o)
    0x00003530   0x00003530   0x0000000e   Code   RO          871    i.__scatterload_copy  mc_w.l(handlers.o)
    0x0000353e   0x0000353e   0x00000002   Code   RO          872    i.__scatterload_null  mc_w.l(handlers.o)
    0x00003540   0x00003540   0x0000000e   Code   RO          873    i.__scatterload_zeroinit  mc_w.l(handlers.o)
    0x0000354e   0x0000354e   0x00000002   PAD
    0x00003550   0x00003550   0x00000410   Code   RO          770    i._printf_core      mc_w.l(printf8.o)
    0x00003960   0x00003960   0x00000024   Code   RO          771    i._printf_post_padding  mc_w.l(printf8.o)
    0x00003984   0x00003984   0x0000002e   Code   RO          772    i._printf_pre_padding  mc_w.l(printf8.o)
    0x000039b2   0x000039b2   0x0000000a   Code   RO          774    i._sputc            mc_w.l(printf8.o)
    0x000039bc   0x000039bc   0x00000024   Code   RO          540    i.puts              mc_w.l(puts.o)
    0x000039e0   0x000039e0   0x00000800   Data   RO          124    .rodata.Font8x16    image.o
    0x000041e0   0x000041e0   0x00025800   Data   RO          194    .rodata.WelcomeScreen  welcomescreen.o
    0x000299e0   0x000299e0   0x00025800   Data   RO          200    .rodata.backgroundScreenPlay  backgroundscreenplay.o
    0x0004f1e0   0x0004f1e0   0x00000010   Data   RO          268    .rodata.cst16       gamelogic.o
    0x0004f1f0   0x0004f1f0   0x000000e0   Data   RO          269    .rodata.cst32       gamelogic.o
    0x0004f2d0   0x0004f2d0   0x0000002c   Data   RO          260    .rodata.level_cmp   gamelogic.o
    0x0004f2fc   0x0004f2fc   0x00000028   Data   RO          180    .rodata.str1.1      gameloop.o
    0x0004f324   0x0004f324   0x00000011   Data   RO          266    .rodata.str1.1      gamelogic.o
    0x0004f335   0x0004f335   0x00000083   Data   RO          372    .rodata.str1.1      retarget.o
    0x0004f3b8   0x0004f3b8   0x00000020   Data   RO          870    Region$$Table       anon$$obj.o


    Execution Region ER_RW (Exec base: 0x20000000, Load base: 0x0004f3d8, Size: 0x0000001c, Max: 0xffffffff, ABSOLUTE)

    Exec Addr    Load Addr    Size         Type   Attr      Idx    E Section Name        Object

    0x20000000   0x0004f3d8   0x00000004   Data   RW          552    .data               mc_w.l(rand.o)
    0x20000004   0x0004f3dc   0x00000004   Data   RW            7    .data.CyclesPerUs   system_m480.o
    0x20000008   0x0004f3e0   0x00000004   Data   RW          178    .data.currentShapeIndex  gameloop.o
    0x2000000c   0x0004f3e4   0x00000001   Data   RW          262    .data.level         gamelogic.o
    0x2000000d   0x0004f3e5   0x00000003   PAD
    0x20000010   0x0004f3e8   0x00000004   Data   RW          176    .data.needsRedraw   gameloop.o
    0x20000014   0x0004f3ec   0x00000004   Data   RW          177    .data.nextShapeIndex  gameloop.o
    0x20000018   0x0004f3f0   0x00000001   Data   RW           67    .data.timer_running  main.o


    Execution Region ER_ZI (Exec base: 0x20000020, Load base: 0x0004f3f4, Size: 0x00000fe8, Max: 0xffffffff, ABSOLUTE)

    Exec Addr    Load Addr    Size         Type   Attr      Idx    E Section Name        Object

    0x20000020        -       0x00000001   Zero   RW           73    .bss.Joystick_Polling_Read.down_debounce  main.o
    0x20000021        -       0x00000001   Zero   RW           72    .bss.Joystick_Polling_Read.up_debounce  main.o
    0x20000022        -       0x00000001   Zero   RW           66    .bss.Timer0_cnt     main.o
    0x20000023        -       0x00000001   Zero   RW           65    .bss.Timer0_flag    main.o
    0x20000024        -       0x00000001   Zero   RW          114    .bss.Timer3_cnt     ebi_lcd_module.o
    0x20000025        -       0x00000001   Zero   RW          113    .bss.Timer3_flag    ebi_lcd_module.o
    0x20000026   0x0004f3f4   0x00000002   PAD
    0x20000028        -       0x00000054   Zero   RW          373    .bss.__stdout       retarget.o
    0x2000007c        -       0x00000700   Zero   RW          263    .bss.board          gamelogic.o
    0x2000077c        -       0x00000001   Zero   RW          259    .bss.currentState   gamelogic.o
    0x2000077d   0x0004f3f4   0x00000003   PAD
    0x20000780        -       0x00000024   Zero   RW          182    .bss.currentTetromino  gameloop.o
    0x200007a4        -       0x00000004   Zero   RW          184    .bss.currentX       gameloop.o
    0x200007a8        -       0x00000004   Zero   RW          185    .bss.currentY       gameloop.o
    0x200007ac        -       0x00000004   Zero   RW          115    .bss.g_u32AdcIntFlag_TP  ebi_lcd_module.o
    0x200007b0        -       0x00000001   Zero   RW          181    .bss.gameLoop.initialized  gameloop.o
    0x200007b1   0x0004f3f4   0x00000003   PAD
    0x200007b4        -       0x00000014   Zero   RW          258    .bss.highScores     gamelogic.o
    0x200007c8        -       0x00000004   Zero   RW          179    .bss.isPaused       gameloop.o
    0x200007cc        -       0x00000004   Zero   RW           75    .bss.lastLeftTime   main.o
    0x200007d0        -       0x00000004   Zero   RW           74    .bss.lastRightTime  main.o
    0x200007d4        -       0x00000004   Zero   RW           71    .bss.millis         main.o
    0x200007d8        -       0x00000001   Zero   RW           70    .bss.minutes        main.o
    0x200007d9   0x0004f3f4   0x00000003   PAD
    0x200007dc        -       0x00000024   Zero   RW          183    .bss.nextTetromino  gameloop.o
    0x20000800        -       0x00000004   Zero   RW          261    .bss.score          gamelogic.o
    0x20000804        -       0x00000001   Zero   RW           69    .bss.seconds        main.o
    0x20000805        -       0x00000001   Zero   RW           68    .bss.switchPressed  main.o
    0x20000806   0x0004f3f4   0x00000002   PAD
    0x20000808        -       0x00000800   Zero   RW           17    STACK               startup_m480.o


==============================================================================

Image component sizes


      Code (inc. data)   RO Data    RW Data    ZI Data      Debug   Object Name

         0          0     153600          0          0        569   backgroundscreenplay.o
      2138         36          0          0          6      18554   ebi_lcd_module.o
      5412         80        301          1       1817      24935   gamelogic.o
      1496         12         40         12         85      14839   gameloop.o
         0          0       2048          0          0        529   image.o
      2916         50          0          1         19      10739   main.o
       486        148        131          0         84       5479   retarget.o
       124         26        500          0       2048        928   startup_m480.o
       112          0          0          4          0       4350   system_m480.o
         0          0     153600          0          0        548   welcomescreen.o

    ----------------------------------------------------------------------
     12740        352     310252         24       4072      81470   Object Totals
         0          0         32          0          0          0   (incl. Generated)
        56          0          0          6         13          0   (incl. Padding)

    ----------------------------------------------------------------------

      Code (inc. data)   RO Data    RW Data    ZI Data      Debug   Library Member Name

         0          0          0          0          0          0   entry.o
         0          0          0          0          0          0   entry10a.o
         0          0          0          0          0          0   entry11a.o
         8          4          0          0          0          0   entry2.o
         4          0          0          0          0          0   entry5.o
         0          0          0          0          0          0   entry7b.o
         0          0          0          0          0          0   entry8b.o
         8          4          0          0          0          0   entry9a.o
        30          0          0          0          0          0   handlers.o
        48         10          0          0          0         68   init.o
        30          0          0          0          0         68   llshl.o
        32          0          0          0          0         68   llushr.o
        36          0          0          0          0        108   memseta.o
      1204         60          0          0          0        504   printf8.o
        36          6          0          0          0         80   puts.o
        36         10          0          4          0        136   rand.o
        98          0          0          0          0         92   uldiv.o

    ----------------------------------------------------------------------
      1576         94          0          4          0       1124   Library Totals
         6          0          0          0          0          0   (incl. Padding)

    ----------------------------------------------------------------------

      Code (inc. data)   RO Data    RW Data    ZI Data      Debug   Library Name

      1570         94          0          4          0       1124   mc_w.l

    ----------------------------------------------------------------------
      1576         94          0          4          0       1124   Library Totals

    ----------------------------------------------------------------------

==============================================================================


      Code (inc. data)   RO Data    RW Data    ZI Data      Debug   

     14316        446     310252         28       4072      82230   Grand Totals
     14316        446     310252         28       4072      82230   ELF Image Totals
     14316        446     310252         28          0          0   ROM Totals

==============================================================================

    Total RO  Size (Code + RO Data)               324568 ( 316.96kB)
    Total RW  Size (RW Data + ZI Data)              4100 (   4.00kB)
    Total ROM Size (Code + RO Data + RW Data)     324596 ( 316.99kB)

==============================================================================

