Component: Arm Compiler for Embedded 6.22 Tool: armlink [5ee90200]

==============================================================================

Small function inlining results

Inlined total of 0 calls.

==============================================================================

Section Cross References

    system_m480.o(.text.SystemCoreClockUpdate) refers to clk.o(.text.CLK_GetPLLClockFreq) for CLK_GetPLLClockFreq
    system_m480.o(.text.SystemCoreClockUpdate) refers to system_m480.o(.data.PllClock) for PllClock
    system_m480.o(.text.SystemCoreClockUpdate) refers to system_m480.o(.data.gau32ClkSrcTbl) for gau32ClkSrcTbl
    system_m480.o(.text.SystemCoreClockUpdate) refers to system_m480.o(.data.SystemCoreClock) for SystemCoreClock
    system_m480.o(.text.SystemCoreClockUpdate) refers to system_m480.o(.data.CyclesPerUs) for CyclesPerUs
    system_m480.o(.ARM.exidx.text.SystemCoreClockUpdate) refers to system_m480.o(.text.SystemCoreClockUpdate) for [Anonymous Symbol]
    system_m480.o(.ARM.exidx.text.SystemInit) refers to system_m480.o(.text.SystemInit) for [Anonymous Symbol]
    startup_m480.o(RESET) refers to startup_m480.o(STACK) for __initial_sp
    startup_m480.o(RESET) refers to startup_m480.o(.text) for Reset_Handler
    startup_m480.o(RESET) refers to main.o(.text.GPC_IRQHandler) for GPC_IRQHandler
    startup_m480.o(RESET) refers to main.o(.text.TMR0_IRQHandler) for TMR0_IRQHandler
    startup_m480.o(RESET) refers to main.o(.text.TMR1_IRQHandler) for TMR1_IRQHandler
    startup_m480.o(RESET) refers to ebi_lcd_module.o(.text.TMR3_IRQHandler) for TMR3_IRQHandler
    startup_m480.o(RESET) refers to ebi_lcd_module.o(.text.EADC01_IRQHandler) for EADC01_IRQHandler
    startup_m480.o(RESET) refers to main.o(.text.GPG_IRQHandler) for GPG_IRQHandler
    startup_m480.o(.text) refers to system_m480.o(.text.SystemInit) for SystemInit
    startup_m480.o(.text) refers to entry.o(.ARM.Collect$$$$00000000) for __main
    startup_m480.o(.text) refers to retarget.o(.text.ProcessHardFault) for ProcessHardFault
    main.o(.ARM.exidx.text.SYS_Init) refers to main.o(.text.SYS_Init) for [Anonymous Symbol]
    main.o(.text.TMR1_IRQHandler) refers to main.o(.bss.Timer1_flag) for Timer1_flag
    main.o(.text.TMR1_IRQHandler) refers to main.o(.bss.Timer1_cnt) for Timer1_cnt
    main.o(.ARM.exidx.text.TMR1_IRQHandler) refers to main.o(.text.TMR1_IRQHandler) for [Anonymous Symbol]
    main.o(.text.Timer1_Init) refers to main.o(.bss.Timer1_flag) for Timer1_flag
    main.o(.text.Timer1_Init) refers to main.o(.bss.Timer1_cnt) for Timer1_cnt
    main.o(.ARM.exidx.text.Timer1_Init) refers to main.o(.text.Timer1_Init) for [Anonymous Symbol]
    main.o(.text.TMR0_IRQHandler) refers to main.o(.bss.Timer0_flag) for Timer0_flag
    main.o(.ARM.exidx.text.TMR0_IRQHandler) refers to main.o(.text.TMR0_IRQHandler) for [Anonymous Symbol]
    main.o(.text.Timer0_Init) refers to main.o(.bss.Timer0_flag) for Timer0_flag
    main.o(.text.Timer0_Init) refers to main.o(.bss.Timer0_cnt) for Timer0_cnt
    main.o(.ARM.exidx.text.Timer0_Init) refers to main.o(.text.Timer0_Init) for [Anonymous Symbol]
    main.o(.ARM.exidx.text.Timer0_Start) refers to main.o(.text.Timer0_Start) for [Anonymous Symbol]
    main.o(.ARM.exidx.text.Timer0_Stop) refers to main.o(.text.Timer0_Stop) for [Anonymous Symbol]
    main.o(.ARM.exidx.text.UART0_Config) refers to main.o(.text.UART0_Config) for [Anonymous Symbol]
    main.o(.ARM.exidx.text.EBI_Config) refers to main.o(.text.EBI_Config) for [Anonymous Symbol]
    main.o(.ARM.exidx.text.GPIO_Config) refers to main.o(.text.GPIO_Config) for [Anonymous Symbol]
    main.o(.ARM.exidx.text.EADC_Config) refers to main.o(.text.EADC_Config) for [Anonymous Symbol]
    main.o(.ARM.exidx.text.SW1_Interrupt_Setup) refers to main.o(.text.SW1_Interrupt_Setup) for [Anonymous Symbol]
    main.o(.text.SW1_IRQHandler) refers to ebi_lcd_module.o(.text.LCD_PutString) for LCD_PutString
    main.o(.ARM.exidx.text.SW1_IRQHandler) refers to main.o(.text.SW1_IRQHandler) for [Anonymous Symbol]
    main.o(.ARM.exidx.text.Joystick_Init) refers to main.o(.text.Joystick_Init) for [Anonymous Symbol]
    main.o(.text.GPG_IRQHandler) refers to gamelogic.o(.text.Rotate_Current_Block) for Rotate_Current_Block
    main.o(.text.GPG_IRQHandler) refers to gamelogic.o(.text.Move_Block_Right) for Move_Block_Right
    main.o(.ARM.exidx.text.GPG_IRQHandler) refers to main.o(.text.GPG_IRQHandler) for [Anonymous Symbol]
    main.o(.text.GPC_IRQHandler) refers to gamelogic.o(.text.Move_Block_Left) for Move_Block_Left
    main.o(.text.GPC_IRQHandler) refers to gamelogic.o(.text.Drop_Block_Fast) for Drop_Block_Fast
    main.o(.ARM.exidx.text.GPC_IRQHandler) refers to main.o(.text.GPC_IRQHandler) for [Anonymous Symbol]
    main.o(.text.GPIO_PG_IRQHandler) refers to gamestate.o(.bss.currentState) for currentState
    main.o(.text.GPIO_PG_IRQHandler) refers to gamestate.o(.bss.isPaused) for isPaused
[...]
    printf3.o(i.__0sprintf$3) refers to printf3.o(i._printf_core) for _printf_core
    printf3.o(i.__0sprintf$3) refers to printf3.o(i._sputc) for _sputc
    printf3.o(i.__0vfprintf$3) refers to printf3.o(i._printf_core) for _printf_core
    printf3.o(i.__0vfprintf$3) refers to retarget.o(.text.fputc) for fputc
    printf3.o(i.__0vprintf$3) refers to printf3.o(i._printf_core) for _printf_core
    printf3.o(i.__0vprintf$3) refers to retarget.o(.text.fputc) for fputc
    printf3.o(i.__0vprintf$3) refers to retarget.o(.bss.__stdout) for __stdout
    printf3.o(i.__0vsnprintf$3) refers to printf3.o(i._printf_core) for _printf_core
    printf3.o(i.__0vsnprintf$3) refers to printf3.o(i._snputc) for _snputc
    printf3.o(i.__0vsprintf$3) refers to printf3.o(i._printf_core) for _printf_core
    printf3.o(i.__0vsprintf$3) refers to printf3.o(i._sputc) for _sputc
    printf3.o(i._printf_core) refers to uidiv.o(.text) for __aeabi_uidivmod
    printf4.o(i.__0fprintf$4) refers to printf4.o(i._printf_core) for _printf_core
    printf4.o(i.__0fprintf$4) refers to retarget.o(.text.fputc) for fputc
    printf4.o(i.__0printf$4) refers to printf4.o(i._printf_core) for _printf_core
    printf4.o(i.__0printf$4) refers to retarget.o(.text.fputc) for fputc
    printf4.o(i.__0printf$4) refers to retarget.o(.bss.__stdout) for __stdout
    printf4.o(i.__0snprintf$4) refers to printf4.o(i._printf_core) for _printf_core
    printf4.o(i.__0snprintf$4) refers to printf4.o(i._snputc) for _snputc
    printf4.o(i.__0sprintf$4) refers to printf4.o(i._printf_core) for _printf_core
    printf4.o(i.__0sprintf$4) refers to printf4.o(i._sputc) for _sputc
    printf4.o(i.__0vfprintf$4) refers to printf4.o(i._printf_core) for _printf_core
    printf4.o(i.__0vfprintf$4) refers to retarget.o(.text.fputc) for fputc
    printf4.o(i.__0vprintf$4) refers to printf4.o(i._printf_core) for _printf_core
    printf4.o(i.__0vprintf$4) refers to retarget.o(.text.fputc) for fputc
    printf4.o(i.__0vprintf$4) refers to retarget.o(.bss.__stdout) for __stdout
    printf4.o(i.__0vsnprintf$4) refers to printf4.o(i._printf_core) for _printf_core
    printf4.o(i.__0vsnprintf$4) refers to printf4.o(i._snputc) for _snputc
    printf4.o(i.__0vsprintf$4) refers to printf4.o(i._printf_core) for _printf_core
    printf4.o(i.__0vsprintf$4) refers to printf4.o(i._sputc) for _sputc
    printf4.o(i._printf_core) refers to uldiv.o(.text) for __aeabi_uldivmod
    printf5.o(i.__0fprintf$5) refers to printf5.o(i._printf_core) for _printf_core
    printf5.o(i.__0fprintf$5) refers to retarget.o(.text.fputc) for fputc
    printf5.o(i.__0printf$5) refers to printf5.o(i._printf_core) for _printf_core
    printf5.o(i.__0printf$5) refers to retarget.o(.text.fputc) for fputc
    printf5.o(i.__0printf$5) refers to retarget.o(.bss.__stdout) for __stdout
    printf5.o(i.__0snprintf$5) refers to printf5.o(i._printf_core) for _printf_core
    printf5.o(i.__0snprintf$5) refers to printf5.o(i._snputc) for _snputc
    printf5.o(i.__0sprintf$5) refers to printf5.o(i._printf_core) for _printf_core
    printf5.o(i.__0sprintf$5) refers to printf5.o(i._sputc) for _sputc
    printf5.o(i.__0vfprintf$5) refers to printf5.o(i._printf_core) for _printf_core
    printf5.o(i.__0vfprintf$5) refers to retarget.o(.text.fputc) for fputc
    printf5.o(i.__0vprintf$5) refers to printf5.o(i._printf_core) for _printf_core
    printf5.o(i.__0vprintf$5) refers to retarget.o(.text.fputc) for fputc
    printf5.o(i.__0vprintf$5) refers to retarget.o(.bss.__stdout) for __stdout
    printf5.o(i.__0vsnprintf$5) refers to printf5.o(i._printf_core) for _printf_core
    printf5.o(i.__0vsnprintf$5) refers to printf5.o(i._snputc) for _snputc
    printf5.o(i.__0vsprintf$5) refers to printf5.o(i._printf_core) for _printf_core
    printf5.o(i.__0vsprintf$5) refers to printf5.o(i._sputc) for _sputc
    printf5.o(i._printf_core) refers to uldiv.o(.text) for __aeabi_uldivmod
    printf6.o(i.__0fprintf$6) refers to printf6.o(i._printf_core) for _printf_core
    printf6.o(i.__0fprintf$6) refers to retarget.o(.text.fputc) for fputc
    printf6.o(i.__0printf$6) refers to printf6.o(i._printf_core) for _printf_core
    printf6.o(i.__0printf$6) refers to retarget.o(.text.fputc) for fputc
    printf6.o(i.__0printf$6) refers to retarget.o(.bss.__stdout) for __stdout
    printf6.o(i.__0snprintf$6) refers to printf6.o(i._printf_core) for _printf_core
    printf6.o(i.__0snprintf$6) refers to printf6.o(i._snputc) for _snputc
    printf6.o(i.__0sprintf$6) refers to printf6.o(i._printf_core) for _printf_core
    printf6.o(i.__0sprintf$6) refers to printf6.o(i._sputc) for _sputc
    printf6.o(i.__0vfprintf$6) refers to printf6.o(i._printf_core) for _printf_core
    printf6.o(i.__0vfprintf$6) refers to retarget.o(.text.fputc) for fputc
    printf6.o(i.__0vprintf$6) refers to printf6.o(i._printf_core) for _printf_core
    printf6.o(i.__0vprintf$6) refers to retarget.o(.text.fputc) for fputc
    printf6.o(i.__0vprintf$6) refers to retarget.o(.bss.__stdout) for __stdout
    printf6.o(i.__0vsnprintf$6) refers to printf6.o(i._printf_core) for _printf_core
    printf6.o(i.__0vsnprintf$6) refers to printf6.o(i._snputc) for _snputc
    printf6.o(i.__0vsprintf$6) refers to printf6.o(i._printf_core) for _printf_core
    printf6.o(i.__0vsprintf$6) refers to printf6.o(i._sputc) for _sputc
    printf6.o(i._printf_core) refers to printf6.o(i._printf_pre_padding) for _printf_pre_padding
    printf6.o(i._printf_core) refers to uidiv.o(.text) for __aeabi_uidivmod
    printf6.o(i._printf_core) refers to printf6.o(i._printf_post_padding) for _printf_post_padding
    printf7.o(i.__0fprintf$7) refers to printf7.o(i._printf_core) for _printf_core
    printf7.o(i.__0fprintf$7) refers to retarget.o(.text.fputc) for fputc
    printf7.o(i.__0printf$7) refers to printf7.o(i._printf_core) for _printf_core
    printf7.o(i.__0printf$7) refers to retarget.o(.text.fputc) for fputc
    printf7.o(i.__0printf$7) refers to retarget.o(.bss.__stdout) for __stdout
    printf7.o(i.__0snprintf$7) refers to printf7.o(i._printf_core) for _printf_core
    printf7.o(i.__0snprintf$7) refers to printf7.o(i._snputc) for _snputc
    printf7.o(i.__0sprintf$7) refers to printf7.o(i._printf_core) for _printf_core
    printf7.o(i.__0sprintf$7) refers to printf7.o(i._sputc) for _sputc
    printf7.o(i.__0vfprintf$7) refers to printf7.o(i._printf_core) for _printf_core
    printf7.o(i.__0vfprintf$7) refers to retarget.o(.text.fputc) for fputc
    printf7.o(i.__0vprintf$7) refers to printf7.o(i._printf_core) for _printf_core
    printf7.o(i.__0vprintf$7) refers to retarget.o(.text.fputc) for fputc
    printf7.o(i.__0vprintf$7) refers to retarget.o(.bss.__stdout) for __stdout
    printf7.o(i.__0vsnprintf$7) refers to printf7.o(i._printf_core) for _printf_core
    printf7.o(i.__0vsnprintf$7) refers to printf7.o(i._snputc) for _snputc
    printf7.o(i.__0vsprintf$7) refers to printf7.o(i._printf_core) for _printf_core
    printf7.o(i.__0vsprintf$7) refers to printf7.o(i._sputc) for _sputc
    printf7.o(i._printf_core) refers to printf7.o(i._printf_pre_padding) for _printf_pre_padding
    printf7.o(i._printf_core) refers to uldiv.o(.text) for __aeabi_uldivmod
    printf7.o(i._printf_core) refers to printf7.o(i._printf_post_padding) for _printf_post_padding
    printf8.o(i.__0fprintf$8) refers to printf8.o(i._printf_core) for _printf_core
    printf8.o(i.__0fprintf$8) refers to retarget.o(.text.fputc) for fputc
    printf8.o(i.__0printf$8) refers to printf8.o(i._printf_core) for _printf_core
    printf8.o(i.__0printf$8) refers to retarget.o(.text.fputc) for fputc
    printf8.o(i.__0printf$8) refers to retarget.o(.bss.__stdout) for __stdout
    printf8.o(i.__0snprintf$8) refers to printf8.o(i._printf_core) for _printf_core
    printf8.o(i.__0snprintf$8) refers to printf8.o(i._snputc) for _snputc
    printf8.o(i.__0sprintf$8) refers to printf8.o(i._printf_core) for _printf_core
    printf8.o(i.__0sprintf$8) refers to printf8.o(i._sputc) for _sputc
    printf8.o(i.__0vfprintf$8) refers to printf8.o(i._printf_core) for _printf_core
    printf8.o(i.__0vfprintf$8) refers to retarget.o(.text.fputc) for fputc
    printf8.o(i.__0vprintf$8) refers to printf8.o(i._printf_core) for _printf_core
    printf8.o(i.__0vprintf$8) refers to retarget.o(.text.fputc) for fputc
    printf8.o(i.__0vprintf$8) refers to retarget.o(.bss.__stdout) for __stdout
    printf8.o(i.__0vsnprintf$8) refers to printf8.o(i._printf_core) for _printf_core
    printf8.o(i.__0vsnprintf$8) refers to printf8.o(i._snputc) for _snputc
    printf8.o(i.__0vsprintf$8) refers to printf8.o(i._printf_core) for _printf_core
    printf8.o(i.__0vsprintf$8) refers to printf8.o(i._sputc) for _sputc
    printf8.o(i._printf_core) refers to printf8.o(i._printf_pre_padding) for _printf_pre_padding
    printf8.o(i._printf_core) refers to uldiv.o(.text) for __aeabi_uldivmod
    printf8.o(i._printf_core) refers to printf8.o(i._printf_post_padding) for _printf_post_padding
    printfa.o(i.__0fprintf) refers (Special) to iusefp.o(.text) for __I$use$fp
    printfa.o(i.__0fprintf) refers to printfa.o(i._printf_core) for _printf_core
    printfa.o(i.__0fprintf) refers to retarget.o(.text.fputc) for fputc
    printfa.o(i.__0printf) refers (Special) to iusefp.o(.text) for __I$use$fp
    printfa.o(i.__0printf) refers to printfa.o(i._printf_core) for _printf_core
    printfa.o(i.__0printf) refers to retarget.o(.text.fputc) for fputc
    printfa.o(i.__0printf) refers to retarget.o(.bss.__stdout) for __stdout
    printfa.o(i.__0snprintf) refers (Special) to iusefp.o(.text) for __I$use$fp
    printfa.o(i.__0snprintf) refers to printfa.o(i._printf_core) for _printf_core
    printfa.o(i.__0snprintf) refers to printfa.o(i._snputc) for _snputc
    printfa.o(i.__0sprintf) refers (Special) to iusefp.o(.text) for __I$use$fp
    printfa.o(i.__0sprintf) refers to printfa.o(i._printf_core) for _printf_core
    printfa.o(i.__0sprintf) refers to printfa.o(i._sputc) for _sputc
    printfa.o(i.__0vfprintf) refers (Special) to iusefp.o(.text) for __I$use$fp
    printfa.o(i.__0vfprintf) refers to printfa.o(i._printf_core) for _printf_core
    printfa.o(i.__0vfprintf) refers to retarget.o(.text.fputc) for fputc
    printfa.o(i.__0vprintf) refers (Special) to iusefp.o(.text) for __I$use$fp
    printfa.o(i.__0vprintf) refers to printfa.o(i._printf_core) for _printf_core
    printfa.o(i.__0vprintf) refers to retarget.o(.text.fputc) for fputc
    printfa.o(i.__0vprintf) refers to retarget.o(.bss.__stdout) for __stdout
    printfa.o(i.__0vsnprintf) refers (Special) to iusefp.o(.text) for __I$use$fp
    printfa.o(i.__0vsnprintf) refers to printfa.o(i._printf_core) for _printf_core
    printfa.o(i.__0vsnprintf) refers to printfa.o(i._snputc) for _snputc
    printfa.o(i.__0vsprintf) refers (Special) to iusefp.o(.text) for __I$use$fp
    printfa.o(i.__0vsprintf) refers to printfa.o(i._printf_core) for _printf_core
    printfa.o(i.__0vsprintf) refers to printfa.o(i._sputc) for _sputc
    printfa.o(i._fp_digits) refers (Special) to iusefp.o(.text) for __I$use$fp
    printfa.o(i._fp_digits) refers to dmul.o(.text) for __aeabi_dmul
    printfa.o(i._fp_digits) refers to ddiv.o(.text) for __aeabi_ddiv
    printfa.o(i._fp_digits) refers to cdrcmple.o(.text) for __aeabi_cdrcmple
    printfa.o(i._fp_digits) refers to dadd.o(.text) for __aeabi_dadd
    printfa.o(i._fp_digits) refers to dfixul.o(.text) for __aeabi_d2ulz
    printfa.o(i._fp_digits) refers to uldiv.o(.text) for __aeabi_uldivmod
    printfa.o(i._printf_core) refers (Special) to iusefp.o(.text) for __I$use$fp
    printfa.o(i._printf_core) refers to printfa.o(i._printf_pre_padding) for _printf_pre_padding
    printfa.o(i._printf_core) refers to uldiv.o(.text) for __aeabi_uldivmod
    printfa.o(i._printf_core) refers to printfa.o(i._printf_post_padding) for _printf_post_padding
    printfa.o(i._printf_core) refers to printfa.o(i._fp_digits) for _fp_digits
    printfa.o(i._printf_core) refers to uidiv.o(.text) for __aeabi_uidivmod
    printfa.o(i._printf_post_padding) refers (Special) to iusefp.o(.text) for __I$use$fp
    printfa.o(i._printf_pre_padding) refers (Special) to iusefp.o(.text) for __I$use$fp
    printfa.o(i._snputc) refers (Special) to iusefp.o(.text) for __I$use$fp
    printfa.o(i._sputc) refers (Special) to iusefp.o(.text) for __I$use$fp
    ddiv.o(.text) refers (Special) to iusefp.o(.text) for __I$use$fp
    ddiv.o(.text) refers to depilogue.o(.text) for _double_round
    dflti.o(.text) refers (Special) to iusefp.o(.text) for __I$use$fp
    dflti.o(.text) refers to depilogue.o(.text) for _double_epilogue
    dfixi.o(.text) refers (Special) to iusefp.o(.text) for __I$use$fp
    dfixi.o(.text) refers to llushr.o(.text) for __aeabi_llsr
    entry2.o(.ARM.Collect$$$$00000001) refers to entry2.o(.ARM.Collect$$$$00002712) for __lit__00000000
    entry2.o(.ARM.Collect$$$$00002712) refers to startup_m480.o(STACK) for __initial_sp
    entry2.o(__vectab_stack_and_reset_area) refers to startup_m480.o(STACK) for __initial_sp
    entry2.o(__vectab_stack_and_reset_area) refers to entry.o(.ARM.Collect$$$$00000000) for __main
    entry5.o(.ARM.Collect$$$$00000004) refers to init.o(.text) for __scatterload
    entry9a.o(.ARM.Collect$$$$0000000B) refers to main.o(.text.main) for main
    entry9b.o(.ARM.Collect$$$$0000000C) refers to main.o(.text.main) for main
    uldiv.o(.text) refers to llushr.o(.text) for __aeabi_llsr
    uldiv.o(.text) refers to llshl.o(.text) for __aeabi_llsl
    depilogue.o(.text) refers (Special) to iusefp.o(.text) for __I$use$fp
    depilogue.o(.text) refers to llshl.o(.text) for __aeabi_llsl
    depilogue.o(.text) refers to llushr.o(.text) for __aeabi_llsr
    dadd.o(.text) refers (Special) to iusefp.o(.text) for __I$use$fp
    dadd.o(.text) refers to llshl.o(.text) for __aeabi_llsl
    dadd.o(.text) refers to llsshr.o(.text) for __aeabi_lasr
    dadd.o(.text) refers to depilogue.o(.text) for _double_epilogue
    dmul.o(.text) refers (Special) to iusefp.o(.text) for __I$use$fp
    dmul.o(.text) refers to depilogue.o(.text) for _double_epilogue
    dfixul.o(.text) refers (Special) to iusefp.o(.text) for __I$use$fp
    dfixul.o(.text) refers to llushr.o(.text) for __aeabi_llsr
    dfixul.o(.text) refers to llshl.o(.text) for __aeabi_llsl
    cdrcmple.o(.text) refers (Special) to iusefp.o(.text) for __I$use$fp
    init.o(.text) refers to entry5.o(.ARM.Collect$$$$00000004) for __main_after_scatterload


==============================================================================

Removing Unused input sections from the image.

    Removing system_m480.o(.text), (0 bytes).
    Removing system_m480.o(.text.SystemCoreClockUpdate), (104 bytes).
    Removing system_m480.o(.ARM.exidx.text.SystemCoreClockUpdate), (8 bytes).
    Removing system_m480.o(.ARM.exidx.text.SystemInit), (8 bytes).
    Removing system_m480.o(.data.SystemCoreClock), (4 bytes).
    Removing system_m480.o(.data.PllClock), (4 bytes).
    Removing system_m480.o(.data.gau32ClkSrcTbl), (32 bytes).
    Removing startup_m480.o(HEAP), (256 bytes).
    Removing main.o(.text), (0 bytes).
    Removing main.o(.ARM.exidx.text.SYS_Init), (8 bytes).
    Removing main.o(.ARM.exidx.text.TMR1_IRQHandler), (8 bytes).
    Removing main.o(.text.Timer1_Init), (126 bytes).
    Removing main.o(.ARM.exidx.text.Timer1_Init), (8 bytes).
    Removing main.o(.ARM.exidx.text.TMR0_IRQHandler), (8 bytes).
    Removing main.o(.text.Timer0_Init), (124 bytes).
    Removing main.o(.ARM.exidx.text.Timer0_Init), (8 bytes).
    Removing main.o(.ARM.exidx.text.Timer0_Start), (8 bytes).
    Removing main.o(.ARM.exidx.text.Timer0_Stop), (8 bytes).
    Removing main.o(.text.UART0_Config), (80 bytes).
    Removing main.o(.ARM.exidx.text.UART0_Config), (8 bytes).
    Removing main.o(.text.EBI_Config), (42 bytes).
    Removing main.o(.ARM.exidx.text.EBI_Config), (8 bytes).
    Removing main.o(.text.GPIO_Config), (34 bytes).
    Removing main.o(.ARM.exidx.text.GPIO_Config), (8 bytes).
    Removing main.o(.text.EADC_Config), (114 bytes).
    Removing main.o(.ARM.exidx.text.EADC_Config), (8 bytes).
    Removing main.o(.text.SW1_Interrupt_Setup), (70 bytes).
    Removing main.o(.ARM.exidx.text.SW1_Interrupt_Setup), (8 bytes).
    Removing main.o(.text.SW1_IRQHandler), (68 bytes).
    Removing main.o(.ARM.exidx.text.SW1_IRQHandler), (8 bytes).
    Removing main.o(.text.Joystick_Init), (194 bytes).
    Removing main.o(.ARM.exidx.text.Joystick_Init), (8 bytes).
    Removing main.o(.ARM.exidx.text.GPG_IRQHandler), (8 bytes).
    Removing main.o(.ARM.exidx.text.GPC_IRQHandler), (8 bytes).
    Removing main.o(.text.GPIO_PG_IRQHandler), (226 bytes).
    Removing main.o(.ARM.exidx.text.GPIO_PG_IRQHandler), (8 bytes).
    Removing main.o(.text.GPIO_PC_IRQHandler), (228 bytes).
    Removing main.o(.ARM.exidx.text.GPIO_PC_IRQHandler), (8 bytes).
    Removing main.o(.ARM.exidx.text.main), (8 bytes).
    Removing main.o(.data.timer_running), (1 bytes).
    Removing main.o(.ARM.use_no_argv), (4 bytes).
    Removing ebi_lcd_module.o(.text), (0 bytes).
    Removing ebi_lcd_module.o(.ARM.exidx.text.TMR3_IRQHandler), (8 bytes).
    Removing ebi_lcd_module.o(.text.Timer3_Init), (68 bytes).
    Removing ebi_lcd_module.o(.ARM.exidx.text.Timer3_Init), (8 bytes).
    Removing ebi_lcd_module.o(.text.LCD_WR_REG), (24 bytes).
    Removing ebi_lcd_module.o(.ARM.exidx.text.LCD_WR_REG), (8 bytes).
    Removing ebi_lcd_module.o(.ARM.exidx.text.LCD_WR_DATA), (8 bytes).
    Removing ebi_lcd_module.o(.text.LCD_RD_DATA), (10 bytes).
    Removing ebi_lcd_module.o(.ARM.exidx.text.LCD_RD_DATA), (8 bytes).
    Removing ebi_lcd_module.o(.ARM.exidx.text.LCD_SetWindow), (8 bytes).
    Removing ebi_lcd_module.o(.ARM.exidx.text.ILI9341_Initial), (8 bytes).
    Removing ebi_lcd_module.o(.ARM.exidx.text.LCD_PutChar8x16), (8 bytes).
    Removing ebi_lcd_module.o(.ARM.exidx.text.LCD_PutString), (8 bytes).
    Removing ebi_lcd_module.o(.text.LCD_PutChar16x32), (394 bytes).
    Removing ebi_lcd_module.o(.ARM.exidx.text.LCD_PutChar16x32), (8 bytes).
    Removing ebi_lcd_module.o(.ARM.exidx.text.LCD_BlankArea), (8 bytes).
    Removing ebi_lcd_module.o(.text.Get_TP_X), (272 bytes).
    Removing ebi_lcd_module.o(.ARM.exidx.text.Get_TP_X), (8 bytes).
    Removing ebi_lcd_module.o(.text.Get_TP_Y), (276 bytes).
    Removing ebi_lcd_module.o(.ARM.exidx.text.Get_TP_Y), (8 bytes).
    Removing ebi_lcd_module.o(.ARM.exidx.text.EADC01_IRQHandler), (8 bytes).
    Removing image.o(.text), (0 bytes).
    Removing image_16x32.o(.text), (0 bytes).
    Removing image_16x32.o(.rodata.Font16x32), (768 bytes).
    Removing picture.o(.text), (0 bytes).
    Removing picture.o(.rodata.gImage_Dog), (153600 bytes).
    Removing gameloop.o(.text), (0 bytes).
    Removing gameloop.o(.ARM.exidx.text.LCD_Picture), (8 bytes).
    Removing gameloop.o(.text.LCD_Draw_FilledSquare), (94 bytes).
    Removing gameloop.o(.ARM.exidx.text.LCD_Draw_FilledSquare), (8 bytes).
    Removing gameloop.o(.ARM.exidx.text.LCD_Draw_SquareBorder), (8 bytes).
    Removing gameloop.o(.text.LCD_Draw_SquareRow), (154 bytes).
    Removing gameloop.o(.ARM.exidx.text.LCD_Draw_SquareRow), (8 bytes).
    Removing gameloop.o(.text.LCD_Draw_SquareColumn), (154 bytes).
    Removing gameloop.o(.ARM.exidx.text.LCD_Draw_SquareColumn), (8 bytes).
    Removing gameloop.o(.ARM.exidx.text.Draw_I_Shape), (8 bytes).
    Removing gameloop.o(.ARM.exidx.text.Draw_J_Shape), (8 bytes).
    Removing gameloop.o(.ARM.exidx.text.Draw_L_Shape), (8 bytes).
    Removing gameloop.o(.ARM.exidx.text.Draw_S_Shape), (8 bytes).
    Removing gameloop.o(.ARM.exidx.text.Draw_O_Shape), (8 bytes).
    Removing gameloop.o(.ARM.exidx.text.Draw_T_Shape), (8 bytes).
    Removing gameloop.o(.ARM.exidx.text.Draw_Z_Shape), (8 bytes).
    Removing gameloop.o(.text.Draw_Sidebar_UI), (148 bytes).
    Removing gameloop.o(.ARM.exidx.text.Draw_Sidebar_UI), (8 bytes).
    Removing gameloop.o(.ARM.exidx.text.LCD_Draw_Border), (8 bytes).
    Removing gameloop.o(.text.Is_Button_Pressed), (4 bytes).
    Removing gameloop.o(.ARM.exidx.text.Is_Button_Pressed), (8 bytes).
    Removing gameloop.o(.text.Check_Input), (2 bytes).
    Removing gameloop.o(.ARM.exidx.text.Check_Input), (8 bytes).
    Removing gameloop.o(.text.LCD_DrawTime), (116 bytes).
    Removing gameloop.o(.ARM.exidx.text.LCD_DrawTime), (8 bytes).
    Removing gameloop.o(.ARM.exidx.text.gameLoop), (8 bytes).
    Removing gameloop.o(.ARM.exidx.text.Draw_Grid), (8 bytes).
    Removing welcomescreen.o(.text), (0 bytes).
    Removing backgroundscreenplay.o(.text), (0 bytes).
    Removing gamelogic.o(.text), (0 bytes).
    Removing gamelogic.o(.ARM.exidx.text.Rotate_Clockwise), (8 bytes).
    Removing gamelogic.o(.text.Draw_Tetromino), (166 bytes).
    Removing gamelogic.o(.ARM.exidx.text.Draw_Tetromino), (8 bytes).
    Removing gamelogic.o(.text.Prepare_Next_Shape), (42 bytes).
    Removing gamelogic.o(.ARM.exidx.text.Prepare_Next_Shape), (8 bytes).
    Removing gamelogic.o(.ARM.exidx.text.Draw_Current_Shape), (8 bytes).
    Removing gamelogic.o(.text.Test_Draw_All_Shapes), (76 bytes).
    Removing gamelogic.o(.ARM.exidx.text.Test_Draw_All_Shapes), (8 bytes).
    Removing gamelogic.o(.ARM.exidx.text.LCD_DisplayTime), (8 bytes).
    Removing gamelogic.o(.ARM.exidx.text.Check_Collision), (8 bytes).
    Removing gamelogic.o(.ARM.exidx.text.Merge_Shape_Into_Grid), (8 bytes).
    Removing gamelogic.o(.ARM.exidx.text.Clear_Lines), (8 bytes).
    Removing gamelogic.o(.ARM.exidx.text.Update_Level_Speed), (8 bytes).
    Removing gamelogic.o(.ARM.exidx.text.Spawn_New_Shape), (8 bytes).
    Removing gamelogic.o(.ARM.exidx.text.Rotate_Current_Block), (8 bytes).
    Removing gamelogic.o(.ARM.exidx.text.Move_Block_Left), (8 bytes).
    Removing gamelogic.o(.ARM.exidx.text.Move_Block_Right), (8 bytes).
    Removing gamelogic.o(.ARM.exidx.text.Drop_Block_Fast), (8 bytes).
    Removing gamestate.o(.text), (0 bytes).
    Removing gamestate.o(.ARM.exidx.text.SetState), (8 bytes).
    Removing gamestate.o(.bss.isPaused), (1 bytes).
    Removing clk.o(.text), (0 bytes).
    Removing clk.o(.text.CLK_DisableCKO), (18 bytes).
    Removing clk.o(.ARM.exidx.text.CLK_DisableCKO), (8 bytes).
    Removing clk.o(.text.CLK_DisableModuleClock), (36 bytes).
    Removing clk.o(.ARM.exidx.text.CLK_DisableModuleClock), (8 bytes).
    Removing clk.o(.text.CLK_EnableCKO), (38 bytes).
    Removing clk.o(.ARM.exidx.text.CLK_EnableCKO), (8 bytes).
    Removing clk.o(.text.CLK_EnableModuleClock), (34 bytes).
    Removing clk.o(.ARM.exidx.text.CLK_EnableModuleClock), (8 bytes).
    Removing clk.o(.text.CLK_SetModuleClock), (158 bytes).
    Removing clk.o(.ARM.exidx.text.CLK_SetModuleClock), (8 bytes).
    Removing clk.o(.text.CLK_PowerDown), (50 bytes).
    Removing clk.o(.ARM.exidx.text.CLK_PowerDown), (8 bytes).
    Removing clk.o(.text.CLK_Idle), (36 bytes).
    Removing clk.o(.ARM.exidx.text.CLK_Idle), (8 bytes).
    Removing clk.o(.text.CLK_GetHXTFreq), (28 bytes).
    Removing clk.o(.ARM.exidx.text.CLK_GetHXTFreq), (8 bytes).
    Removing clk.o(.text.CLK_GetLXTFreq), (20 bytes).
    Removing clk.o(.ARM.exidx.text.CLK_GetLXTFreq), (8 bytes).
    Removing clk.o(.text.CLK_GetPCLK0Freq), (128 bytes).
    Removing clk.o(.ARM.exidx.text.CLK_GetPCLK0Freq), (8 bytes).
    Removing clk.o(.text.CLK_GetPCLK1Freq), (130 bytes).
    Removing clk.o(.ARM.exidx.text.CLK_GetPCLK1Freq), (8 bytes).
    Removing clk.o(.text.CLK_GetHCLKFreq), (18 bytes).
    Removing clk.o(.ARM.exidx.text.CLK_GetHCLKFreq), (8 bytes).
    Removing clk.o(.text.CLK_GetCPUFreq), (18 bytes).
    Removing clk.o(.ARM.exidx.text.CLK_GetCPUFreq), (8 bytes).
    Removing clk.o(.text.CLK_SetCoreClock), (336 bytes).
    Removing clk.o(.ARM.exidx.text.CLK_SetCoreClock), (8 bytes).
    Removing clk.o(.text.CLK_WaitClockReady), (108 bytes).
    Removing clk.o(.ARM.exidx.text.CLK_WaitClockReady), (8 bytes).
    Removing clk.o(.text.CLK_EnablePLL), (1364 bytes).
    Removing clk.o(.ARM.exidx.text.CLK_EnablePLL), (8 bytes).
    Removing clk.o(.text.CLK_SetHCLK), (168 bytes).
    Removing clk.o(.ARM.exidx.text.CLK_SetHCLK), (8 bytes).
    Removing clk.o(.text.CLK_SetSysTickClockSrc), (20 bytes).
    Removing clk.o(.ARM.exidx.text.CLK_SetSysTickClockSrc), (8 bytes).
    Removing clk.o(.text.CLK_EnableXtalRC), (16 bytes).
    Removing clk.o(.ARM.exidx.text.CLK_EnableXtalRC), (8 bytes).
    Removing clk.o(.text.CLK_DisableXtalRC), (18 bytes).
    Removing clk.o(.ARM.exidx.text.CLK_DisableXtalRC), (8 bytes).
    Removing clk.o(.text.CLK_DisablePLL), (18 bytes).
    Removing clk.o(.ARM.exidx.text.CLK_DisablePLL), (8 bytes).
    Removing clk.o(.text.CLK_GetPLLClockFreq), (86 bytes).
    Removing clk.o(.ARM.exidx.text.CLK_GetPLLClockFreq), (8 bytes).
    Removing clk.o(.text.CLK_EnableSysTick), (64 bytes).
    Removing clk.o(.ARM.exidx.text.CLK_EnableSysTick), (8 bytes).
    Removing clk.o(.text.CLK_DisableSysTick), (14 bytes).
    Removing clk.o(.ARM.exidx.text.CLK_DisableSysTick), (8 bytes).
    Removing clk.o(.text.CLK_SetPowerDownMode), (168 bytes).
    Removing clk.o(.ARM.exidx.text.CLK_SetPowerDownMode), (8 bytes).
    Removing clk.o(.text.CLK_EnableDPDWKPin), (86 bytes).
    Removing clk.o(.ARM.exidx.text.CLK_EnableDPDWKPin), (8 bytes).
    Removing clk.o(.text.CLK_GetPMUWKSrc), (12 bytes).
    Removing clk.o(.ARM.exidx.text.CLK_GetPMUWKSrc), (8 bytes).
    Removing clk.o(.text.CLK_EnableSPDWKPin), (40 bytes).
    Removing clk.o(.ARM.exidx.text.CLK_EnableSPDWKPin), (8 bytes).
    Removing clk.o(.text.CLK_GetModuleClockSource), (180 bytes).
    Removing clk.o(.ARM.exidx.text.CLK_GetModuleClockSource), (8 bytes).
    Removing clk.o(.text.CLK_GetModuleClockDivider), (100 bytes).
    Removing clk.o(.ARM.exidx.text.CLK_GetModuleClockDivider), (8 bytes).
    Removing clk.o(.bss.g_CLK_i32ErrCode), (4 bytes).
    Removing clk.o(.rodata.cst4), (4 bytes).
    Removing retarget.o(.text), (0 bytes).
    Removing retarget.o(.text.__aeabi_assert), (316 bytes).
    Removing retarget.o(.ARM.exidx.text.__aeabi_assert), (8 bytes).
    Removing retarget.o(.text.abort), (2 bytes).
    Removing retarget.o(.ARM.exidx.text.abort), (8 bytes).
    Removing retarget.o(.ARM.exidx.text.ProcessHardFault), (8 bytes).
    Removing retarget.o(.text.SendChar_ToUART), (74 bytes).
    Removing retarget.o(.ARM.exidx.text.SendChar_ToUART), (8 bytes).
    Removing retarget.o(.text.SendChar), (74 bytes).
    Removing retarget.o(.ARM.exidx.text.SendChar), (8 bytes).
    Removing retarget.o(.text.GetChar), (40 bytes).
    Removing retarget.o(.ARM.exidx.text.GetChar), (8 bytes).
    Removing retarget.o(.text.kbhit), (14 bytes).
    Removing retarget.o(.ARM.exidx.text.kbhit), (8 bytes).
    Removing retarget.o(.text.IsDebugFifoEmpty), (14 bytes).
    Removing retarget.o(.ARM.exidx.text.IsDebugFifoEmpty), (8 bytes).
    Removing retarget.o(.text._ttywrch), (74 bytes).
    Removing retarget.o(.ARM.exidx.text._ttywrch), (8 bytes).
    Removing retarget.o(.ARM.exidx.text.fputc), (8 bytes).
    Removing retarget.o(.text.fgetc), (40 bytes).
    Removing retarget.o(.ARM.exidx.text.fgetc), (8 bytes).
    Removing retarget.o(.text.ferror), (6 bytes).
    Removing retarget.o(.ARM.exidx.text.ferror), (8 bytes).
    Removing retarget.o(.bss.__stdin), (84 bytes).
    Removing sys.o(.text), (0 bytes).
    Removing sys.o(.text.SYS_ClearResetSrc), (14 bytes).
    Removing sys.o(.ARM.exidx.text.SYS_ClearResetSrc), (8 bytes).
    Removing sys.o(.text.SYS_GetBODStatus), (14 bytes).
    Removing sys.o(.ARM.exidx.text.SYS_GetBODStatus), (8 bytes).
    Removing sys.o(.text.SYS_GetResetSrc), (10 bytes).
    Removing sys.o(.ARM.exidx.text.SYS_GetResetSrc), (8 bytes).
    Removing sys.o(.text.SYS_IsRegLocked), (18 bytes).
    Removing sys.o(.ARM.exidx.text.SYS_IsRegLocked), (8 bytes).
    Removing sys.o(.text.SYS_ReadPDID), (8 bytes).
    Removing sys.o(.ARM.exidx.text.SYS_ReadPDID), (8 bytes).
    Removing sys.o(.text.SYS_ResetChip), (16 bytes).
    Removing sys.o(.ARM.exidx.text.SYS_ResetChip), (8 bytes).
    Removing sys.o(.text.SYS_ResetCPU), (16 bytes).
    Removing sys.o(.ARM.exidx.text.SYS_ResetCPU), (8 bytes).
    Removing sys.o(.text.SYS_ResetModule), (36 bytes).
    Removing sys.o(.ARM.exidx.text.SYS_ResetModule), (8 bytes).
    Removing sys.o(.text.SYS_EnableBOD), (36 bytes).
    Removing sys.o(.ARM.exidx.text.SYS_EnableBOD), (8 bytes).
    Removing sys.o(.text.SYS_DisableBOD), (16 bytes).
    Removing sys.o(.ARM.exidx.text.SYS_DisableBOD), (8 bytes).
    Removing sys.o(.text.SYS_SetPowerLevel), (20 bytes).
    Removing sys.o(.ARM.exidx.text.SYS_SetPowerLevel), (8 bytes).
    Removing sys.o(.text.SYS_SetVRef), (18 bytes).
    Removing sys.o(.ARM.exidx.text.SYS_SetVRef), (8 bytes).
    Removing timer.o(.text), (0 bytes).
    Removing timer.o(.text.TIMER_Open), (170 bytes).
    Removing timer.o(.ARM.exidx.text.TIMER_Open), (8 bytes).
    Removing timer.o(.text.TIMER_GetModuleClock), (104 bytes).
    Removing timer.o(.ARM.exidx.text.TIMER_GetModuleClock), (8 bytes).
    Removing timer.o(.text.TIMER_Close), (8 bytes).
    Removing timer.o(.ARM.exidx.text.TIMER_Close), (8 bytes).
    Removing timer.o(.text.TIMER_Delay), (430 bytes).
    Removing timer.o(.ARM.exidx.text.TIMER_Delay), (8 bytes).
    Removing timer.o(.text.TIMER_EnableCapture), (24 bytes).
    Removing timer.o(.ARM.exidx.text.TIMER_EnableCapture), (8 bytes).
    Removing timer.o(.text.TIMER_DisableCapture), (10 bytes).
    Removing timer.o(.ARM.exidx.text.TIMER_DisableCapture), (8 bytes).
    Removing timer.o(.text.TIMER_EnableEventCounter), (20 bytes).
    Removing timer.o(.ARM.exidx.text.TIMER_EnableEventCounter), (8 bytes).
    Removing timer.o(.text.TIMER_DisableEventCounter), (10 bytes).
    Removing timer.o(.ARM.exidx.text.TIMER_DisableEventCounter), (8 bytes).
    Removing timer.o(.text.TIMER_EnableFreqCounter), (66 bytes).
    Removing timer.o(.ARM.exidx.text.TIMER_EnableFreqCounter), (8 bytes).
    Removing timer.o(.text.TIMER_DisableFreqCounter), (10 bytes).
    Removing timer.o(.ARM.exidx.text.TIMER_DisableFreqCounter), (8 bytes).
    Removing timer.o(.text.TIMER_SetTriggerSource), (12 bytes).
    Removing timer.o(.ARM.exidx.text.TIMER_SetTriggerSource), (8 bytes).
    Removing timer.o(.text.TIMER_SetTriggerTarget), (12 bytes).
    Removing timer.o(.ARM.exidx.text.TIMER_SetTriggerTarget), (8 bytes).
    Removing timer.o(.text.TIMER_ResetCounter), (216 bytes).
    Removing timer.o(.ARM.exidx.text.TIMER_ResetCounter), (8 bytes).
    Removing timer.o(.rodata.cst32), (32 bytes).
    Removing uart.o(.text), (0 bytes).
    Removing uart.o(.text.UART_ClearIntFlag), (62 bytes).
    Removing uart.o(.ARM.exidx.text.UART_ClearIntFlag), (8 bytes).
    Removing uart.o(.text.UART_Close), (6 bytes).
    Removing uart.o(.ARM.exidx.text.UART_Close), (8 bytes).
    Removing uart.o(.text.UART_DisableFlowCtrl), (10 bytes).
    Removing uart.o(.ARM.exidx.text.UART_DisableFlowCtrl), (8 bytes).
    Removing uart.o(.text.UART_DisableInt), (10 bytes).
    Removing uart.o(.ARM.exidx.text.UART_DisableInt), (8 bytes).
    Removing uart.o(.text.UART_EnableFlowCtrl), (26 bytes).
    Removing uart.o(.ARM.exidx.text.UART_EnableFlowCtrl), (8 bytes).
    Removing uart.o(.text.UART_EnableInt), (8 bytes).
    Removing uart.o(.ARM.exidx.text.UART_EnableInt), (8 bytes).
    Removing uart.o(.text.UART_Open), (372 bytes).
    Removing uart.o(.ARM.exidx.text.UART_Open), (8 bytes).
    Removing uart.o(.text.UART_Read), (190 bytes).
    Removing uart.o(.ARM.exidx.text.UART_Read), (8 bytes).
    Removing uart.o(.text.UART_SetLineConfig), (344 bytes).
    Removing uart.o(.ARM.exidx.text.UART_SetLineConfig), (8 bytes).
    Removing uart.o(.text.UART_SetTimeoutCnt), (20 bytes).
    Removing uart.o(.ARM.exidx.text.UART_SetTimeoutCnt), (8 bytes).
    Removing uart.o(.text.UART_SelectIrDAMode), (358 bytes).
    Removing uart.o(.ARM.exidx.text.UART_SelectIrDAMode), (8 bytes).
    Removing uart.o(.text.UART_SelectRS485Mode), (34 bytes).
    Removing uart.o(.ARM.exidx.text.UART_SelectRS485Mode), (8 bytes).
    Removing uart.o(.text.UART_SelectLINMode), (22 bytes).
    Removing uart.o(.ARM.exidx.text.UART_SelectLINMode), (8 bytes).
    Removing uart.o(.text.UART_Write), (190 bytes).
    Removing uart.o(.ARM.exidx.text.UART_Write), (8 bytes).
    Removing uart.o(.rodata.cst16), (16 bytes).
    Removing gpio.o(.text), (0 bytes).
    Removing gpio.o(.text.GPIO_SetMode), (264 bytes).
    Removing gpio.o(.ARM.exidx.text.GPIO_SetMode), (8 bytes).
    Removing gpio.o(.text.GPIO_EnableInt), (50 bytes).
    Removing gpio.o(.ARM.exidx.text.GPIO_EnableInt), (8 bytes).
    Removing gpio.o(.text.GPIO_DisableInt), (30 bytes).
    Removing gpio.o(.ARM.exidx.text.GPIO_DisableInt), (8 bytes).
    Removing gpio.o(.text.GPIO_SetSlewCtl), (264 bytes).
    Removing gpio.o(.ARM.exidx.text.GPIO_SetSlewCtl), (8 bytes).
    Removing gpio.o(.text.GPIO_SetPullCtl), (264 bytes).
    Removing gpio.o(.ARM.exidx.text.GPIO_SetPullCtl), (8 bytes).
    Removing eadc.o(.text), (0 bytes).
    Removing eadc.o(.text.EADC_Open), (104 bytes).
    Removing eadc.o(.ARM.exidx.text.EADC_Open), (8 bytes).
    Removing eadc.o(.text.EADC_Close), (10 bytes).
    Removing eadc.o(.ARM.exidx.text.EADC_Close), (8 bytes).
    Removing eadc.o(.text.EADC_ConfigSampleModule), (38 bytes).
    Removing eadc.o(.ARM.exidx.text.EADC_ConfigSampleModule), (8 bytes).
    Removing eadc.o(.text.EADC_SetTriggerDelayTime), (36 bytes).
    Removing eadc.o(.ARM.exidx.text.EADC_SetTriggerDelayTime), (8 bytes).
    Removing eadc.o(.text.EADC_SetExtendSampleTime), (30 bytes).
    Removing eadc.o(.ARM.exidx.text.EADC_SetExtendSampleTime), (8 bytes).
    Removing eadc.o(.bss.g_EADC_i32ErrCode), (4 bytes).
    Removing ebi.o(.text), (0 bytes).
    Removing ebi.o(.text.EBI_Open), (292 bytes).
    Removing ebi.o(.ARM.exidx.text.EBI_Open), (8 bytes).
    Removing ebi.o(.text.EBI_Close), (18 bytes).
    Removing ebi.o(.ARM.exidx.text.EBI_Close), (8 bytes).
    Removing ebi.o(.text.EBI_SetBusTiming), (36 bytes).
    Removing ebi.o(.ARM.exidx.text.EBI_SetBusTiming), (8 bytes).
    Removing ddiv.o(.text), (222 bytes).
    Removing dflti.o(.text), (34 bytes).
    Removing dfixi.o(.text), (62 bytes).
    Removing depilogue.o(.text), (186 bytes).
    Removing dadd.o(.text), (334 bytes).
    Removing dmul.o(.text), (228 bytes).
    Removing dfixul.o(.text), (48 bytes).
    Removing cdrcmple.o(.text), (48 bytes).

326 unused section(s) (total 169264 bytes) removed from the image.

==============================================================================

Image Symbol Table

    Local Symbols

    Symbol Name                              Value     Ov Type        Size  Object(Section)

    ../clib/division.s                       0x00000000   Number         0  aeabi_sdiv.o ABSOLUTE
    ../clib/microlib/division.c              0x00000000   Number         0  uidiv.o ABSOLUTE
    ../clib/microlib/division.c              0x00000000   Number         0  uldiv.o ABSOLUTE
    ../clib/microlib/init/entry.s            0x00000000   Number         0  entry.o ABSOLUTE
    ../clib/microlib/init/entry.s            0x00000000   Number         0  entry2.o ABSOLUTE
    ../clib/microlib/init/entry.s            0x00000000   Number         0  entry5.o ABSOLUTE
    ../clib/microlib/init/entry.s            0x00000000   Number         0  entry7a.o ABSOLUTE
    ../clib/microlib/init/entry.s            0x00000000   Number         0  entry7b.o ABSOLUTE
    ../clib/microlib/init/entry.s            0x00000000   Number         0  entry8a.o ABSOLUTE
    ../clib/microlib/init/entry.s            0x00000000   Number         0  entry8b.o ABSOLUTE
    ../clib/microlib/init/entry.s            0x00000000   Number         0  entry9a.o ABSOLUTE
    ../clib/microlib/init/entry.s            0x00000000   Number         0  entry9b.o ABSOLUTE
    ../clib/microlib/init/entry.s            0x00000000   Number         0  entry10a.o ABSOLUTE
    ../clib/microlib/init/entry.s            0x00000000   Number         0  entry10b.o ABSOLUTE
    ../clib/microlib/init/entry.s            0x00000000   Number         0  entry11a.o ABSOLUTE
    ../clib/microlib/init/entry.s            0x00000000   Number         0  entry11b.o ABSOLUTE
    ../clib/microlib/longlong.c              0x00000000   Number         0  llushr.o ABSOLUTE
    ../clib/microlib/longlong.c              0x00000000   Number         0  llshl.o ABSOLUTE
    ../clib/microlib/longlong.c              0x00000000   Number         0  llsshr.o ABSOLUTE
    ../clib/microlib/printf/printf.c         0x00000000   Number         0  printfb.o ABSOLUTE
    ../clib/microlib/printf/printf.c         0x00000000   Number         0  printf0.o ABSOLUTE
    ../clib/microlib/printf/printf.c         0x00000000   Number         0  printf1.o ABSOLUTE
    ../clib/microlib/printf/printf.c         0x00000000   Number         0  printf2.o ABSOLUTE
    ../clib/microlib/printf/printf.c         0x00000000   Number         0  printf3.o ABSOLUTE
    ../clib/microlib/printf/printf.c         0x00000000   Number         0  printf4.o ABSOLUTE
    ../clib/microlib/printf/printf.c         0x00000000   Number         0  printf5.o ABSOLUTE
    ../clib/microlib/printf/printf.c         0x00000000   Number         0  printf6.o ABSOLUTE
    ../clib/microlib/printf/printf.c         0x00000000   Number         0  printf7.o ABSOLUTE
    ../clib/microlib/printf/printf.c         0x00000000   Number         0  printf8.o ABSOLUTE
    ../clib/microlib/printf/printf.c         0x00000000   Number         0  printfa.o ABSOLUTE
    ../clib/microlib/printf/stubs.s          0x00000000   Number         0  printfstubs.o ABSOLUTE
    ../clib/microlib/stdio/fputs.c           0x00000000   Number         0  fputs.o ABSOLUTE
    ../clib/microlib/stdio/fputs.c           0x00000000   Number         0  fputs_e.o ABSOLUTE
    ../clib/microlib/stdio/fwrite.c          0x00000000   Number         0  fwrite.o ABSOLUTE
    ../clib/microlib/stdio/fwrite.c          0x00000000   Number         0  fwrite_e.o ABSOLUTE
    ../clib/microlib/stdio/puts.c            0x00000000   Number         0  puts.o ABSOLUTE
    ../clib/microlib/stdio/puts.c            0x00000000   Number         0  puts_e.o ABSOLUTE
    ../clib/microlib/stdio/streams.c         0x00000000   Number         0  stderr.o ABSOLUTE
    ../clib/microlib/stdlib/rand.c           0x00000000   Number         0  rand.o ABSOLUTE
    ../clib/microlib/stubs.s                 0x00000000   Number         0  iusefp.o ABSOLUTE
    ../fplib/microlib/fpadd.c                0x00000000   Number         0  dadd.o ABSOLUTE
    ../fplib/microlib/fpdiv.c                0x00000000   Number         0  ddiv.o ABSOLUTE
    ../fplib/microlib/fpepilogue.c           0x00000000   Number         0  depilogue.o ABSOLUTE
    ../fplib/microlib/fpfix.c                0x00000000   Number         0  dfixi.o ABSOLUTE
    ../fplib/microlib/fpfix.c                0x00000000   Number         0  dfixul.o ABSOLUTE
    ../fplib/microlib/fpflt.c                0x00000000   Number         0  dflti.o ABSOLUTE
    ../fplib/microlib/fpmul.c                0x00000000   Number         0  dmul.o ABSOLUTE
    EBI_LCD_Module.c                         0x00000000   Number         0  ebi_lcd_module.o ABSOLUTE
    Library/Device/Nuvoton/M480/Source/ARM/startup_M480.s 0x00000000   Number         0  startup_m480.o ABSOLUTE
    WelcomeScreen.c                          0x00000000   Number         0  welcomescreen.o ABSOLUTE
    backgroundScreenPlay.c                   0x00000000   Number         0  backgroundscreenplay.o ABSOLUTE
    cdrcmple.s                               0x00000000   Number         0  cdrcmple.o ABSOLUTE
    clk.c                                    0x00000000   Number         0  clk.o ABSOLUTE
    eadc.c                                   0x00000000   Number         0  eadc.o ABSOLUTE
    ebi.c                                    0x00000000   Number         0  ebi.o ABSOLUTE
    gameLogic.c                              0x00000000   Number         0  gamelogic.o ABSOLUTE
    gameLoop.c                               0x00000000   Number         0  gameloop.o ABSOLUTE
    gameState.c                              0x00000000   Number         0  gamestate.o ABSOLUTE
    gpio.c                                   0x00000000   Number         0  gpio.o ABSOLUTE
    handlers.s                               0x00000000   Number         0  handlers.o ABSOLUTE
    image.c                                  0x00000000   Number         0  image.o ABSOLUTE
    image_16x32.c                            0x00000000   Number         0  image_16x32.o ABSOLUTE
    init.s                                   0x00000000   Number         0  init.o ABSOLUTE
    main.c                                   0x00000000   Number         0  main.o ABSOLUTE
    picture.c                                0x00000000   Number         0  picture.o ABSOLUTE
    retarget.c                               0x00000000   Number         0  retarget.o ABSOLUTE
    sys.c                                    0x00000000   Number         0  sys.o ABSOLUTE
    system_M480.c                            0x00000000   Number         0  system_m480.o ABSOLUTE
    timer.c                                  0x00000000   Number         0  timer.o ABSOLUTE
    uart.c                                   0x00000000   Number         0  uart.o ABSOLUTE
    RESET                                    0x00000000   Section      500  startup_m480.o(RESET)
    .ARM.Collect$$$$00000000                 0x000001f4   Section        0  entry.o(.ARM.Collect$$$$00000000)
    .ARM.Collect$$$$00000001                 0x000001f4   Section        4  entry2.o(.ARM.Collect$$$$00000001)
    .ARM.Collect$$$$00000004                 0x000001f8   Section        4  entry5.o(.ARM.Collect$$$$00000004)
    .ARM.Collect$$$$00000008                 0x000001fc   Section        0  entry7b.o(.ARM.Collect$$$$00000008)
    .ARM.Collect$$$$0000000A                 0x000001fc   Section        0  entry8b.o(.ARM.Collect$$$$0000000A)
    .ARM.Collect$$$$0000000B                 0x000001fc   Section        8  entry9a.o(.ARM.Collect$$$$0000000B)
    __lit__00000000                          0x00000204   Data           4  entry2.o(.ARM.Collect$$$$00002712)
    .ARM.Collect$$$$0000000D                 0x00000204   Section        0  entry10a.o(.ARM.Collect$$$$0000000D)
    .ARM.Collect$$$$0000000F                 0x00000204   Section        0  entry11a.o(.ARM.Collect$$$$0000000F)
    .ARM.Collect$$$$00002712                 0x00000204   Section        4  entry2.o(.ARM.Collect$$$$00002712)
    $v0                                      0x00000208   Number         0  startup_m480.o(.text)
    .text                                    0x00000208   Section      124  startup_m480.o(.text)
    Default_Handler                          0x00000269   Thumb Code     2  startup_m480.o(.text)
    .text                                    0x00000284   Section        0  rand.o(.text)
    .text                                    0x000002a8   Section        0  uldiv.o(.text)
    .text                                    0x0000030a   Section        0  llushr.o(.text)
    .text                                    0x0000032c   Section       48  init.o(.text)
    .text                                    0x0000035c   Section        0  llshl.o(.text)
    [Anonymous Symbol]                       0x0000037c   Section        0  gamelogic.o(.text.Check_Collision)
    [Anonymous Symbol]                       0x00000460   Section        0  gamelogic.o(.text.Clear_Lines)
    [Anonymous Symbol]                       0x000005ec   Section        0  gamelogic.o(.text.Draw_Current_Shape)
    [Anonymous Symbol]                       0x00000678   Section        0  gameloop.o(.text.Draw_Grid)
    [Anonymous Symbol]                       0x00000740   Section        0  gameloop.o(.text.Draw_I_Shape)
    [Anonymous Symbol]                       0x00000890   Section        0  gameloop.o(.text.Draw_J_Shape)
    [Anonymous Symbol]                       0x000009e4   Section        0  gameloop.o(.text.Draw_L_Shape)
    [Anonymous Symbol]                       0x00000b54   Section        0  gameloop.o(.text.Draw_O_Shape)
    [Anonymous Symbol]                       0x00000cb4   Section        0  gameloop.o(.text.Draw_S_Shape)
    [Anonymous Symbol]                       0x00000e1c   Section        0  gameloop.o(.text.Draw_T_Shape)
    [Anonymous Symbol]                       0x00000f7c   Section        0  gameloop.o(.text.Draw_Z_Shape)
    [Anonymous Symbol]                       0x000010e4   Section        0  gamelogic.o(.text.Drop_Block_Fast)
    [Anonymous Symbol]                       0x00001278   Section        0  ebi_lcd_module.o(.text.EADC01_IRQHandler)
    [Anonymous Symbol]                       0x00001294   Section        0  main.o(.text.GPC_IRQHandler)
    [Anonymous Symbol]                       0x000012c8   Section        0  main.o(.text.GPG_IRQHandler)
    [Anonymous Symbol]                       0x000012fc   Section        0  ebi_lcd_module.o(.text.ILI9341_Initial)
    [Anonymous Symbol]                       0x000015ec   Section        0  ebi_lcd_module.o(.text.LCD_BlankArea)
    [Anonymous Symbol]                       0x00001874   Section        0  gamelogic.o(.text.LCD_DisplayTime)
    [Anonymous Symbol]                       0x000018c4   Section        0  gameloop.o(.text.LCD_Draw_Border)
    [Anonymous Symbol]                       0x00001ab4   Section        0  gameloop.o(.text.LCD_Draw_SquareBorder)
    [Anonymous Symbol]                       0x00001ce4   Section        0  gameloop.o(.text.LCD_Picture)
    [Anonymous Symbol]                       0x00001d18   Section        0  ebi_lcd_module.o(.text.LCD_PutChar8x16)
    [Anonymous Symbol]                       0x00001f0c   Section        0  ebi_lcd_module.o(.text.LCD_PutString)
    [Anonymous Symbol]                       0x00001f58   Section        0  ebi_lcd_module.o(.text.LCD_SetWindow)
    [Anonymous Symbol]                       0x00001fb0   Section        0  ebi_lcd_module.o(.text.LCD_WR_DATA)
    [Anonymous Symbol]                       0x00001fbc   Section        0  gamelogic.o(.text.Merge_Shape_Into_Grid)
    [Anonymous Symbol]                       0x00002044   Section        0  gamelogic.o(.text.Move_Block_Left)
    [Anonymous Symbol]                       0x00002078   Section        0  gamelogic.o(.text.Move_Block_Right)
    [Anonymous Symbol]                       0x000020ac   Section        0  retarget.o(.text.ProcessHardFault)
    [Anonymous Symbol]                       0x00002248   Section        0  gamelogic.o(.text.Rotate_Clockwise)
    [Anonymous Symbol]                       0x00002274   Section        0  gamelogic.o(.text.Rotate_Current_Block)
    [Anonymous Symbol]                       0x000023cc   Section        0  main.o(.text.SYS_Init)
    [Anonymous Symbol]                       0x000026c0   Section        0  gamestate.o(.text.SetState)
    [Anonymous Symbol]                       0x000027f8   Section        0  gamelogic.o(.text.Spawn_New_Shape)
    [Anonymous Symbol]                       0x00002888   Section        0  system_m480.o(.text.SystemInit)
    [Anonymous Symbol]                       0x000028f8   Section        0  main.o(.text.TMR0_IRQHandler)
    [Anonymous Symbol]                       0x00002918   Section        0  main.o(.text.TMR1_IRQHandler)
    [Anonymous Symbol]                       0x00002948   Section        0  ebi_lcd_module.o(.text.TMR3_IRQHandler)
    [Anonymous Symbol]                       0x00002974   Section        0  main.o(.text.Timer0_Start)
    [Anonymous Symbol]                       0x00002984   Section        0  main.o(.text.Timer0_Stop)
    [Anonymous Symbol]                       0x00002994   Section        0  gamelogic.o(.text.Update_Level_Speed)
    [Anonymous Symbol]                       0x000029e4   Section        0  retarget.o(.text.fputc)
    [Anonymous Symbol]                       0x00002a30   Section        0  gameloop.o(.text.gameLoop)
    [Anonymous Symbol]                       0x00002ba8   Section        0  main.o(.text.main)
    i.__0printf$8                            0x00003048   Section        0  printf8.o(i.__0printf$8)
    i.__0sprintf$8                           0x00003068   Section        0  printf8.o(i.__0sprintf$8)
    i.__scatterload_copy                     0x00003090   Section       14  handlers.o(i.__scatterload_copy)
    i.__scatterload_null                     0x0000309e   Section        2  handlers.o(i.__scatterload_null)
    i.__scatterload_zeroinit                 0x000030a0   Section       14  handlers.o(i.__scatterload_zeroinit)
    _printf_core                             0x000030b1   Thumb Code   996  printf8.o(i._printf_core)
    i._printf_core                           0x000030b0   Section        0  printf8.o(i._printf_core)
    _printf_post_padding                     0x000034c1   Thumb Code    36  printf8.o(i._printf_post_padding)
    i._printf_post_padding                   0x000034c0   Section        0  printf8.o(i._printf_post_padding)
    _printf_pre_padding                      0x000034e5   Thumb Code    46  printf8.o(i._printf_pre_padding)
    i._printf_pre_padding                    0x000034e4   Section        0  printf8.o(i._printf_pre_padding)
    _sputc                                   0x00003513   Thumb Code    10  printf8.o(i._sputc)
    i._sputc                                 0x00003512   Section        0  printf8.o(i._sputc)
    i.puts                                   0x0000351c   Section        0  puts.o(i.puts)
    .L.str.5                                 0x0004ed40   Data          11  gameloop.o(.rodata.str1.1)
    [Anonymous Symbol]                       0x0004ed40   Section        0  gameloop.o(.rodata.str1.1)
    .L.str.2                                 0x0004ed4b   Data           5  gameloop.o(.rodata.str1.1)
    .L.str.1                                 0x0004ed50   Data           6  gameloop.o(.rodata.str1.1)
    .L.str.3                                 0x0004ed56   Data           6  gameloop.o(.rodata.str1.1)
    .L.str.4                                 0x0004ed5c   Data           8  gameloop.o(.rodata.str1.1)
    .L.str                                   0x0004ed64   Data           5  gameloop.o(.rodata.str1.1)
    [Anonymous Symbol]                       0x0004ed69   Section        0  gamelogic.o(.rodata.str1.1)
    .L.str.8                                 0x0004ed73   Data          32  retarget.o(.rodata.str1.1)
    [Anonymous Symbol]                       0x0004ed73   Section        0  retarget.o(.rodata.str1.1)
    .L.str.11                                0x0004ed93   Data          29  retarget.o(.rodata.str1.1)
    .L.str.7                                 0x0004edb0   Data          27  retarget.o(.rodata.str1.1)
    .L.str.9                                 0x0004edcb   Data           4  retarget.o(.rodata.str1.1)
    .L.str.10                                0x0004edcf   Data           4  retarget.o(.rodata.str1.1)
    .Lstr.16                                 0x0004edd3   Data          35  retarget.o(.rodata.str1.1)
    _rand_state                              0x20000000   Data           4  rand.o(.data)
    .data                                    0x20000000   Section        4  rand.o(.data)
    STACK                                    0x20000348   Section     2048  startup_m480.o(STACK)

    Global Symbols

    Symbol Name                              Value     Ov Type        Size  Object(Section)

    BuildAttributes$$THM_ISAv4$E$P$D$K$B$S$7EM$VFPi3$EXTD16$VFPS$VFMA$PE$A:L22UL41UL21$X:L11$S22US41US21$IEEE1$IW$~IW$USESV6$~STKCKD$USESV7$~SHL$OTIME$ROPI$EBA8$MICROLIB$REQ8$PRES8$EABIv2 0x00000000   Number         0  anon$$obj.o ABSOLUTE
    __Vectors                                0x00000000   Data           4  startup_m480.o(RESET)
    _printf_a                                0x00000000   Number         0  printfstubs.o ABSOLUTE
    _printf_c                                0x00000000   Number         0  printfstubs.o ABSOLUTE
    _printf_charcount                        0x00000000   Number         0  printfstubs.o ABSOLUTE
    _printf_d                                0x00000000   Number         0  printfstubs.o ABSOLUTE
    _printf_e                                0x00000000   Number         0  printfstubs.o ABSOLUTE
    _printf_f                                0x00000000   Number         0  printfstubs.o ABSOLUTE
    _printf_flags                            0x00000000   Number         0  printfstubs.o ABSOLUTE
    _printf_fp_dec                           0x00000000   Number         0  printfstubs.o ABSOLUTE
    _printf_fp_hex                           0x00000000   Number         0  printfstubs.o ABSOLUTE
    _printf_g                                0x00000000   Number         0  printfstubs.o ABSOLUTE
    _printf_i                                0x00000000   Number         0  printfstubs.o ABSOLUTE
    _printf_int_dec                          0x00000000   Number         0  printfstubs.o ABSOLUTE
    _printf_l                                0x00000000   Number         0  printfstubs.o ABSOLUTE
    _printf_lc                               0x00000000   Number         0  printfstubs.o ABSOLUTE
    _printf_ll                               0x00000000   Number         0  printfstubs.o ABSOLUTE
    _printf_lld                              0x00000000   Number         0  printfstubs.o ABSOLUTE
    _printf_lli                              0x00000000   Number         0  printfstubs.o ABSOLUTE
    _printf_llo                              0x00000000   Number         0  printfstubs.o ABSOLUTE
    _printf_llu                              0x00000000   Number         0  printfstubs.o ABSOLUTE
    _printf_llx                              0x00000000   Number         0  printfstubs.o ABSOLUTE
    _printf_longlong_dec                     0x00000000   Number         0  printfstubs.o ABSOLUTE
    _printf_longlong_hex                     0x00000000   Number         0  printfstubs.o ABSOLUTE
    _printf_longlong_oct                     0x00000000   Number         0  printfstubs.o ABSOLUTE
    _printf_ls                               0x00000000   Number         0  printfstubs.o ABSOLUTE
    _printf_mbtowc                           0x00000000   Number         0  printfstubs.o ABSOLUTE
    _printf_n                                0x00000000   Number         0  printfstubs.o ABSOLUTE
    _printf_o                                0x00000000   Number         0  printfstubs.o ABSOLUTE
    _printf_p                                0x00000000   Number         0  printfstubs.o ABSOLUTE
    _printf_percent                          0x00000000   Number         0  printfstubs.o ABSOLUTE
    _printf_pre_padding                      0x00000000   Number         0  printfstubs.o ABSOLUTE
    _printf_return_value                     0x00000000   Number         0  printfstubs.o ABSOLUTE
    _printf_s                                0x00000000   Number         0  printfstubs.o ABSOLUTE
    _printf_sizespec                         0x00000000   Number         0  printfstubs.o ABSOLUTE
    _printf_str                              0x00000000   Number         0  printfstubs.o ABSOLUTE
    _printf_truncate_signed                  0x00000000   Number         0  printfstubs.o ABSOLUTE
    _printf_truncate_unsigned                0x00000000   Number         0  printfstubs.o ABSOLUTE
    _printf_u                                0x00000000   Number         0  printfstubs.o ABSOLUTE
    _printf_wc                               0x00000000   Number         0  printfstubs.o ABSOLUTE
    _printf_wctomb                           0x00000000   Number         0  printfstubs.o ABSOLUTE
    _printf_widthprec                        0x00000000   Number         0  printfstubs.o ABSOLUTE
    _printf_x                                0x00000000   Number         0  printfstubs.o ABSOLUTE
    __cpp_initialize__aeabi_                  - Undefined Weak Reference
    __cxa_finalize                            - Undefined Weak Reference
    __decompress                              - Undefined Weak Reference
    _clock_init                               - Undefined Weak Reference
    _microlib_exit                            - Undefined Weak Reference
    __Vectors_End                            0x000001f4   Data           0  startup_m480.o(RESET)
    __Vectors_Size                           0x000001f4   Number         0  startup_m480.o ABSOLUTE
    __main                                   0x000001f5   Thumb Code     0  entry.o(.ARM.Collect$$$$00000000)
    _main_stk                                0x000001f5   Thumb Code     0  entry2.o(.ARM.Collect$$$$00000001)
    _main_scatterload                        0x000001f9   Thumb Code     0  entry5.o(.ARM.Collect$$$$00000004)
    __main_after_scatterload                 0x000001fd   Thumb Code     0  entry5.o(.ARM.Collect$$$$00000004)
    _main_clock                              0x000001fd   Thumb Code     0  entry7b.o(.ARM.Collect$$$$00000008)
    _main_cpp_init                           0x000001fd   Thumb Code     0  entry8b.o(.ARM.Collect$$$$0000000A)
    _main_init                               0x000001fd   Thumb Code     0  entry9a.o(.ARM.Collect$$$$0000000B)
    __rt_final_cpp                           0x00000205   Thumb Code     0  entry10a.o(.ARM.Collect$$$$0000000D)
    __rt_final_exit                          0x00000205   Thumb Code     0  entry11a.o(.ARM.Collect$$$$0000000F)
    Reset_Handler                            0x00000209   Thumb Code    64  startup_m480.o(.text)
    NMI_Handler                              0x00000249   Thumb Code     2  startup_m480.o(.text)
    HardFault_Handler                        0x0000024b   Thumb Code    16  startup_m480.o(.text)
    MemManage_Handler                        0x0000025b   Thumb Code     2  startup_m480.o(.text)
    BusFault_Handler                         0x0000025d   Thumb Code     2  startup_m480.o(.text)
    UsageFault_Handler                       0x0000025f   Thumb Code     2  startup_m480.o(.text)
    SVC_Handler                              0x00000261   Thumb Code     2  startup_m480.o(.text)
    DebugMon_Handler                         0x00000263   Thumb Code     2  startup_m480.o(.text)
    PendSV_Handler                           0x00000265   Thumb Code     2  startup_m480.o(.text)
    SysTick_Handler                          0x00000267   Thumb Code     2  startup_m480.o(.text)
    ACMP01_IRQHandler                        0x00000269   Thumb Code     0  startup_m480.o(.text)
    BOD_IRQHandler                           0x00000269   Thumb Code     0  startup_m480.o(.text)
    BPWM0_IRQHandler                         0x00000269   Thumb Code     0  startup_m480.o(.text)
    BPWM1_IRQHandler                         0x00000269   Thumb Code     0  startup_m480.o(.text)
    BRAKE0_IRQHandler                        0x00000269   Thumb Code     0  startup_m480.o(.text)
    BRAKE1_IRQHandler                        0x00000269   Thumb Code     0  startup_m480.o(.text)
    CAN0_IRQHandler                          0x00000269   Thumb Code     0  startup_m480.o(.text)
    CAN1_IRQHandler                          0x00000269   Thumb Code     0  startup_m480.o(.text)
    CAN2_IRQHandler                          0x00000269   Thumb Code     0  startup_m480.o(.text)
    CCAP_IRQHandler                          0x00000269   Thumb Code     0  startup_m480.o(.text)
    CKFAIL_IRQHandler                        0x00000269   Thumb Code     0  startup_m480.o(.text)
    CRYPTO_IRQHandler                        0x00000269   Thumb Code     0  startup_m480.o(.text)
    DAC_IRQHandler                           0x00000269   Thumb Code     0  startup_m480.o(.text)
    EADC00_IRQHandler                        0x00000269   Thumb Code     0  startup_m480.o(.text)
    EADC02_IRQHandler                        0x00000269   Thumb Code     0  startup_m480.o(.text)
    EADC03_IRQHandler                        0x00000269   Thumb Code     0  startup_m480.o(.text)
    EADC10_IRQHandler                        0x00000269   Thumb Code     0  startup_m480.o(.text)
    EADC11_IRQHandler                        0x00000269   Thumb Code     0  startup_m480.o(.text)
    EADC12_IRQHandler                        0x00000269   Thumb Code     0  startup_m480.o(.text)
    EADC13_IRQHandler                        0x00000269   Thumb Code     0  startup_m480.o(.text)
    ECAP0_IRQHandler                         0x00000269   Thumb Code     0  startup_m480.o(.text)
    ECAP1_IRQHandler                         0x00000269   Thumb Code     0  startup_m480.o(.text)
    EHCI_IRQHandler                          0x00000269   Thumb Code     0  startup_m480.o(.text)
    EINT0_IRQHandler                         0x00000269   Thumb Code     0  startup_m480.o(.text)
    EINT1_IRQHandler                         0x00000269   Thumb Code     0  startup_m480.o(.text)
    EINT2_IRQHandler                         0x00000269   Thumb Code     0  startup_m480.o(.text)
    EINT3_IRQHandler                         0x00000269   Thumb Code     0  startup_m480.o(.text)
    EINT4_IRQHandler                         0x00000269   Thumb Code     0  startup_m480.o(.text)
    EINT5_IRQHandler                         0x00000269   Thumb Code     0  startup_m480.o(.text)
    EINT6_IRQHandler                         0x00000269   Thumb Code     0  startup_m480.o(.text)
    EINT7_IRQHandler                         0x00000269   Thumb Code     0  startup_m480.o(.text)
    EMAC_RX_IRQHandler                       0x00000269   Thumb Code     0  startup_m480.o(.text)
    EMAC_TX_IRQHandler                       0x00000269   Thumb Code     0  startup_m480.o(.text)
    EPWM0P0_IRQHandler                       0x00000269   Thumb Code     0  startup_m480.o(.text)
    EPWM0P1_IRQHandler                       0x00000269   Thumb Code     0  startup_m480.o(.text)
    EPWM0P2_IRQHandler                       0x00000269   Thumb Code     0  startup_m480.o(.text)
    EPWM1P0_IRQHandler                       0x00000269   Thumb Code     0  startup_m480.o(.text)
    EPWM1P1_IRQHandler                       0x00000269   Thumb Code     0  startup_m480.o(.text)
    EPWM1P2_IRQHandler                       0x00000269   Thumb Code     0  startup_m480.o(.text)
    GPA_IRQHandler                           0x00000269   Thumb Code     0  startup_m480.o(.text)
    GPB_IRQHandler                           0x00000269   Thumb Code     0  startup_m480.o(.text)
    GPD_IRQHandler                           0x00000269   Thumb Code     0  startup_m480.o(.text)
    GPE_IRQHandler                           0x00000269   Thumb Code     0  startup_m480.o(.text)
    GPF_IRQHandler                           0x00000269   Thumb Code     0  startup_m480.o(.text)
    GPH_IRQHandler                           0x00000269   Thumb Code     0  startup_m480.o(.text)
    I2C0_IRQHandler                          0x00000269   Thumb Code     0  startup_m480.o(.text)
    I2C1_IRQHandler                          0x00000269   Thumb Code     0  startup_m480.o(.text)
    I2C2_IRQHandler                          0x00000269   Thumb Code     0  startup_m480.o(.text)
    I2S0_IRQHandler                          0x00000269   Thumb Code     0  startup_m480.o(.text)
    IRC_IRQHandler                           0x00000269   Thumb Code     0  startup_m480.o(.text)
    OHCI_IRQHandler                          0x00000269   Thumb Code     0  startup_m480.o(.text)
    OPA0_IRQHandler                          0x00000269   Thumb Code     0  startup_m480.o(.text)
    PDMA_IRQHandler                          0x00000269   Thumb Code     0  startup_m480.o(.text)
    PWRWU_IRQHandler                         0x00000269   Thumb Code     0  startup_m480.o(.text)
    QEI0_IRQHandler                          0x00000269   Thumb Code     0  startup_m480.o(.text)
    QEI1_IRQHandler                          0x00000269   Thumb Code     0  startup_m480.o(.text)
    QSPI0_IRQHandler                         0x00000269   Thumb Code     0  startup_m480.o(.text)
    QSPI1_IRQHandler                         0x00000269   Thumb Code     0  startup_m480.o(.text)
    RAMPE_IRQHandler                         0x00000269   Thumb Code     0  startup_m480.o(.text)
    RTC_IRQHandler                           0x00000269   Thumb Code     0  startup_m480.o(.text)
    SC0_IRQHandler                           0x00000269   Thumb Code     0  startup_m480.o(.text)
    SC1_IRQHandler                           0x00000269   Thumb Code     0  startup_m480.o(.text)
    SC2_IRQHandler                           0x00000269   Thumb Code     0  startup_m480.o(.text)
    SDH0_IRQHandler                          0x00000269   Thumb Code     0  startup_m480.o(.text)
    SDH1_IRQHandler                          0x00000269   Thumb Code     0  startup_m480.o(.text)
    SPI0_IRQHandler                          0x00000269   Thumb Code     0  startup_m480.o(.text)
    SPI1_IRQHandler                          0x00000269   Thumb Code     0  startup_m480.o(.text)
    SPI2_IRQHandler                          0x00000269   Thumb Code     0  startup_m480.o(.text)
    SPI3_IRQHandler                          0x00000269   Thumb Code     0  startup_m480.o(.text)
    SPIM_IRQHandler                          0x00000269   Thumb Code     0  startup_m480.o(.text)
    TAMPER_IRQHandler                        0x00000269   Thumb Code     0  startup_m480.o(.text)
    TMR2_IRQHandler                          0x00000269   Thumb Code     0  startup_m480.o(.text)
    TRNG_IRQHandler                          0x00000269   Thumb Code     0  startup_m480.o(.text)
    UART0_IRQHandler                         0x00000269   Thumb Code     0  startup_m480.o(.text)
    UART1_IRQHandler                         0x00000269   Thumb Code     0  startup_m480.o(.text)
    UART2_IRQHandler                         0x00000269   Thumb Code     0  startup_m480.o(.text)
    UART3_IRQHandler                         0x00000269   Thumb Code     0  startup_m480.o(.text)
    UART4_IRQHandler                         0x00000269   Thumb Code     0  startup_m480.o(.text)
    UART5_IRQHandler                         0x00000269   Thumb Code     0  startup_m480.o(.text)
    UART6_IRQHandler                         0x00000269   Thumb Code     0  startup_m480.o(.text)
    UART7_IRQHandler                         0x00000269   Thumb Code     0  startup_m480.o(.text)
    USBD20_IRQHandler                        0x00000269   Thumb Code     0  startup_m480.o(.text)
    USBD_IRQHandler                          0x00000269   Thumb Code     0  startup_m480.o(.text)
    USBOTG20_IRQHandler                      0x00000269   Thumb Code     0  startup_m480.o(.text)
    USBOTG_IRQHandler                        0x00000269   Thumb Code     0  startup_m480.o(.text)
    USCI0_IRQHandler                         0x00000269   Thumb Code     0  startup_m480.o(.text)
    USCI1_IRQHandler                         0x00000269   Thumb Code     0  startup_m480.o(.text)
    WDT_IRQHandler                           0x00000269   Thumb Code     0  startup_m480.o(.text)
    WWDT_IRQHandler                          0x00000269   Thumb Code     0  startup_m480.o(.text)
    rand                                     0x00000285   Thumb Code    20  rand.o(.text)
    srand                                    0x00000299   Thumb Code     6  rand.o(.text)
    __aeabi_uldivmod                         0x000002a9   Thumb Code    98  uldiv.o(.text)
    __aeabi_llsr                             0x0000030b   Thumb Code    32  llushr.o(.text)
    _ll_ushift_r                             0x0000030b   Thumb Code     0  llushr.o(.text)
    __scatterload                            0x0000032d   Thumb Code    38  init.o(.text)
    __scatterload_rt2                        0x0000032d   Thumb Code     0  init.o(.text)
    __aeabi_llsl                             0x0000035d   Thumb Code    30  llshl.o(.text)
    _ll_shift_l                              0x0000035d   Thumb Code     0  llshl.o(.text)
    Check_Collision                          0x0000037d   Thumb Code   226  gamelogic.o(.text.Check_Collision)
    Clear_Lines                              0x00000461   Thumb Code   396  gamelogic.o(.text.Clear_Lines)
    Draw_Current_Shape                       0x000005ed   Thumb Code   120  gamelogic.o(.text.Draw_Current_Shape)
    Draw_Grid                                0x00000679   Thumb Code   200  gameloop.o(.text.Draw_Grid)
    Draw_I_Shape                             0x00000741   Thumb Code   336  gameloop.o(.text.Draw_I_Shape)
    Draw_J_Shape                             0x00000891   Thumb Code   340  gameloop.o(.text.Draw_J_Shape)
    Draw_L_Shape                             0x000009e5   Thumb Code   366  gameloop.o(.text.Draw_L_Shape)
    Draw_O_Shape                             0x00000b55   Thumb Code   350  gameloop.o(.text.Draw_O_Shape)
    Draw_S_Shape                             0x00000cb5   Thumb Code   358  gameloop.o(.text.Draw_S_Shape)
    Draw_T_Shape                             0x00000e1d   Thumb Code   350  gameloop.o(.text.Draw_T_Shape)
    Draw_Z_Shape                             0x00000f7d   Thumb Code   358  gameloop.o(.text.Draw_Z_Shape)
    Drop_Block_Fast                          0x000010e5   Thumb Code   402  gamelogic.o(.text.Drop_Block_Fast)
    EADC01_IRQHandler                        0x00001279   Thumb Code    26  ebi_lcd_module.o(.text.EADC01_IRQHandler)
    GPC_IRQHandler                           0x00001295   Thumb Code    50  main.o(.text.GPC_IRQHandler)
    GPG_IRQHandler                           0x000012c9   Thumb Code    50  main.o(.text.GPG_IRQHandler)
    ILI9341_Initial                          0x000012fd   Thumb Code   716  ebi_lcd_module.o(.text.ILI9341_Initial)
    LCD_BlankArea                            0x000015ed   Thumb Code   646  ebi_lcd_module.o(.text.LCD_BlankArea)
    LCD_DisplayTime                          0x00001875   Thumb Code    56  gamelogic.o(.text.LCD_DisplayTime)
    LCD_Draw_Border                          0x000018c5   Thumb Code   494  gameloop.o(.text.LCD_Draw_Border)
    LCD_Draw_SquareBorder                    0x00001ab5   Thumb Code   560  gameloop.o(.text.LCD_Draw_SquareBorder)
    LCD_Picture                              0x00001ce5   Thumb Code    50  gameloop.o(.text.LCD_Picture)
    LCD_PutChar8x16                          0x00001d19   Thumb Code   498  ebi_lcd_module.o(.text.LCD_PutChar8x16)
    LCD_PutString                            0x00001f0d   Thumb Code    74  ebi_lcd_module.o(.text.LCD_PutString)
    LCD_SetWindow                            0x00001f59   Thumb Code    88  ebi_lcd_module.o(.text.LCD_SetWindow)
    LCD_WR_DATA                              0x00001fb1   Thumb Code    10  ebi_lcd_module.o(.text.LCD_WR_DATA)
    Merge_Shape_Into_Grid                    0x00001fbd   Thumb Code   136  gamelogic.o(.text.Merge_Shape_Into_Grid)
    Move_Block_Left                          0x00002045   Thumb Code    50  gamelogic.o(.text.Move_Block_Left)
    Move_Block_Right                         0x00002079   Thumb Code    50  gamelogic.o(.text.Move_Block_Right)
    ProcessHardFault                         0x000020ad   Thumb Code   264  retarget.o(.text.ProcessHardFault)
    Rotate_Clockwise                         0x00002249   Thumb Code    42  gamelogic.o(.text.Rotate_Clockwise)
    Rotate_Current_Block                     0x00002275   Thumb Code   342  gamelogic.o(.text.Rotate_Current_Block)
    SYS_Init                                 0x000023cd   Thumb Code   756  main.o(.text.SYS_Init)
    SetState                                 0x000026c1   Thumb Code   260  gamestate.o(.text.SetState)
    Spawn_New_Shape                          0x000027f9   Thumb Code   142  gamelogic.o(.text.Spawn_New_Shape)
    SystemInit                               0x00002889   Thumb Code   112  system_m480.o(.text.SystemInit)
    TMR0_IRQHandler                          0x000028f9   Thumb Code    30  main.o(.text.TMR0_IRQHandler)
    TMR1_IRQHandler                          0x00002919   Thumb Code    46  main.o(.text.TMR1_IRQHandler)
    TMR3_IRQHandler                          0x00002949   Thumb Code    44  ebi_lcd_module.o(.text.TMR3_IRQHandler)
    Timer0_Start                             0x00002975   Thumb Code    16  main.o(.text.Timer0_Start)
    Timer0_Stop                              0x00002985   Thumb Code    16  main.o(.text.Timer0_Stop)
    Update_Level_Speed                       0x00002995   Thumb Code    78  gamelogic.o(.text.Update_Level_Speed)
    fputc                                    0x000029e5   Thumb Code    74  retarget.o(.text.fputc)
    gameLoop                                 0x00002a31   Thumb Code   376  gameloop.o(.text.gameLoop)
    main                                     0x00002ba9   Thumb Code  1088  main.o(.text.main)
    __0printf$8                              0x00003049   Thumb Code    22  printf8.o(i.__0printf$8)
    __1printf$8                              0x00003049   Thumb Code     0  printf8.o(i.__0printf$8)
    __2printf                                0x00003049   Thumb Code     0  printf8.o(i.__0printf$8)
    __0sprintf$8                             0x00003069   Thumb Code    34  printf8.o(i.__0sprintf$8)
    __1sprintf$8                             0x00003069   Thumb Code     0  printf8.o(i.__0sprintf$8)
    __2sprintf                               0x00003069   Thumb Code     0  printf8.o(i.__0sprintf$8)
    __scatterload_copy                       0x00003091   Thumb Code    14  handlers.o(i.__scatterload_copy)
    __scatterload_null                       0x0000309f   Thumb Code     2  handlers.o(i.__scatterload_null)
    __scatterload_zeroinit                   0x000030a1   Thumb Code    14  handlers.o(i.__scatterload_zeroinit)
    puts                                     0x0000351d   Thumb Code    30  puts.o(i.puts)
    Font8x16                                 0x00003540   Data        2048  image.o(.rodata.Font8x16)
    WelcomeScreen                            0x00003d40   Data       153600  welcomescreen.o(.rodata.WelcomeScreen)
    backgroundScreenPlay                     0x00029540   Data       153600  backgroundscreenplay.o(.rodata.backgroundScreenPlay)
    Region$$Table$$Base                      0x0004edf8   Number         0  anon$$obj.o(Region$$Table)
    Region$$Table$$Limit                     0x0004ee18   Number         0  anon$$obj.o(Region$$Table)
    CyclesPerUs                              0x20000004   Data           4  system_m480.o(.data.CyclesPerUs)
    level                                    0x20000008   Data           4  gamelogic.o(.data.level)
    nextShapeIndex                           0x2000000c   Data           4  gameloop.o(.data.nextShapeIndex)
    shapeFunctions                           0x20000010   Data          28  gamelogic.o(.data.shapeFunctions)
    shapeNames                               0x2000002c   Data          28  gamelogic.o(.data.shapeNames)
    shapes                                   0x20000048   Data         252  gamelogic.o(.data.shapes)
    Timer0_cnt                               0x20000148   Data           1  main.o(.bss.Timer0_cnt)
    Timer0_flag                              0x20000149   Data           1  main.o(.bss.Timer0_flag)
    Timer1_cnt                               0x2000014a   Data           1  main.o(.bss.Timer1_cnt)
    Timer1_flag                              0x2000014b   Data           1  main.o(.bss.Timer1_flag)
    Timer3_cnt                               0x2000014c   Data           1  ebi_lcd_module.o(.bss.Timer3_cnt)
    Timer3_flag                              0x2000014d   Data           1  ebi_lcd_module.o(.bss.Timer3_flag)
    __stdout                                 0x20000150   Data          84  retarget.o(.bss.__stdout)
    currentRotation                          0x200001a4   Data           4  gamelogic.o(.bss.currentRotation)
    currentShape                             0x200001a8   Data          36  gamelogic.o(.bss.currentShape)
    currentState                             0x200001cc   Data           1  gamestate.o(.bss.currentState)
    currentX                                 0x200001d0   Data           4  gamelogic.o(.bss.currentX)
    currentY                                 0x200001d4   Data           4  gamelogic.o(.bss.currentY)
    g_u32AdcIntFlag_TP                       0x200001d8   Data           4  ebi_lcd_module.o(.bss.g_u32AdcIntFlag_TP)
    gameGrid                                 0x200001dc   Data         336  gamelogic.o(.bss.gameGrid)
    i                                        0x2000032c   Data           4  gamelogic.o(.bss.i)
    minutes                                  0x20000330   Data           1  main.o(.bss.minutes)
    ny                                       0x20000334   Data           4  gamelogic.o(.bss.ny)
    score                                    0x20000338   Data           4  gamelogic.o(.bss.score)
    seconds                                  0x2000033c   Data           1  main.o(.bss.seconds)
    x                                        0x20000340   Data           4  gamelogic.o(.bss.x)
    y                                        0x20000344   Data           4  gamelogic.o(.bss.y)
    __initial_sp                             0x20000b48   Data           0  startup_m480.o(STACK)



==============================================================================

Memory Map of the image

  Image Entry point : 0x00000209

  Load Region LR_1 (Base: 0x00000000, Size: 0x0004ef5c, Max: 0xffffffff, ABSOLUTE)

    Execution Region ER_RO (Exec base: 0x00000000, Load base: 0x00000000, Size: 0x0004ee18, Max: 0xffffffff, ABSOLUTE)

    Exec Addr    Load Addr    Size         Type   Attr      Idx    E Section Name        Object

    0x00000000   0x00000000   0x000001f4   Data   RO           19    RESET               startup_m480.o
    0x000001f4   0x000001f4   0x00000000   Code   RO          522  * .ARM.Collect$$$$00000000  mc_w.l(entry.o)
    0x000001f4   0x000001f4   0x00000004   Code   RO          806    .ARM.Collect$$$$00000001  mc_w.l(entry2.o)
    0x000001f8   0x000001f8   0x00000004   Code   RO          809    .ARM.Collect$$$$00000004  mc_w.l(entry5.o)
    0x000001fc   0x000001fc   0x00000000   Code   RO          811    .ARM.Collect$$$$00000008  mc_w.l(entry7b.o)
    0x000001fc   0x000001fc   0x00000000   Code   RO          813    .ARM.Collect$$$$0000000A  mc_w.l(entry8b.o)
    0x000001fc   0x000001fc   0x00000008   Code   RO          814    .ARM.Collect$$$$0000000B  mc_w.l(entry9a.o)
    0x00000204   0x00000204   0x00000000   Code   RO          816    .ARM.Collect$$$$0000000D  mc_w.l(entry10a.o)
    0x00000204   0x00000204   0x00000000   Code   RO          818    .ARM.Collect$$$$0000000F  mc_w.l(entry11a.o)
    0x00000204   0x00000204   0x00000004   Code   RO          807    .ARM.Collect$$$$00002712  mc_w.l(entry2.o)
    0x00000208   0x00000208   0x0000007c   Code   RO           20  * .text               startup_m480.o
    0x00000284   0x00000284   0x00000024   Code   RO          536    .text               mc_w.l(rand.o)
    0x000002a8   0x000002a8   0x00000062   Code   RO          831    .text               mc_w.l(uldiv.o)
    0x0000030a   0x0000030a   0x00000020   Code   RO          833    .text               mc_w.l(llushr.o)
    0x0000032a   0x0000032a   0x00000002   PAD
    0x0000032c   0x0000032c   0x00000030   Code   RO          846    .text               mc_w.l(init.o)
    0x0000035c   0x0000035c   0x0000001e   Code   RO          848    .text               mc_w.l(llshl.o)
    0x0000037a   0x0000037a   0x00000002   PAD
    0x0000037c   0x0000037c   0x000000e2   Code   RO          210    .text.Check_Collision  gamelogic.o
    0x0000045e   0x0000045e   0x00000002   PAD
    0x00000460   0x00000460   0x0000018c   Code   RO          214    .text.Clear_Lines   gamelogic.o
    0x000005ec   0x000005ec   0x0000008c   Code   RO          204    .text.Draw_Current_Shape  gamelogic.o
    0x00000678   0x00000678   0x000000c8   Code   RO          174    .text.Draw_Grid     gameloop.o
    0x00000740   0x00000740   0x00000150   Code   RO          148    .text.Draw_I_Shape  gameloop.o
    0x00000890   0x00000890   0x00000154   Code   RO          150    .text.Draw_J_Shape  gameloop.o
    0x000009e4   0x000009e4   0x0000016e   Code   RO          152    .text.Draw_L_Shape  gameloop.o
    0x00000b52   0x00000b52   0x00000002   PAD
    0x00000b54   0x00000b54   0x0000015e   Code   RO          156    .text.Draw_O_Shape  gameloop.o
    0x00000cb2   0x00000cb2   0x00000002   PAD
    0x00000cb4   0x00000cb4   0x00000166   Code   RO          154    .text.Draw_S_Shape  gameloop.o
    0x00000e1a   0x00000e1a   0x00000002   PAD
    0x00000e1c   0x00000e1c   0x0000015e   Code   RO          158    .text.Draw_T_Shape  gameloop.o
    0x00000f7a   0x00000f7a   0x00000002   PAD
    0x00000f7c   0x00000f7c   0x00000166   Code   RO          160    .text.Draw_Z_Shape  gameloop.o
    0x000010e2   0x000010e2   0x00000002   PAD
    0x000010e4   0x000010e4   0x00000192   Code   RO          226    .text.Drop_Block_Fast  gamelogic.o
    0x00001276   0x00001276   0x00000002   PAD
    0x00001278   0x00001278   0x0000001a   Code   RO          107    .text.EADC01_IRQHandler  ebi_lcd_module.o
    0x00001292   0x00001292   0x00000002   PAD
    0x00001294   0x00001294   0x00000032   Code   RO           57    .text.GPC_IRQHandler  main.o
    0x000012c6   0x000012c6   0x00000002   PAD
    0x000012c8   0x000012c8   0x00000032   Code   RO           55    .text.GPG_IRQHandler  main.o
    0x000012fa   0x000012fa   0x00000002   PAD
    0x000012fc   0x000012fc   0x000002f0   Code   RO           93    .text.ILI9341_Initial  ebi_lcd_module.o
    0x000015ec   0x000015ec   0x00000286   Code   RO          101    .text.LCD_BlankArea  ebi_lcd_module.o
    0x00001872   0x00001872   0x00000002   PAD
    0x00001874   0x00001874   0x00000050   Code   RO          208    .text.LCD_DisplayTime  gamelogic.o
    0x000018c4   0x000018c4   0x000001ee   Code   RO          164    .text.LCD_Draw_Border  gameloop.o
    0x00001ab2   0x00001ab2   0x00000002   PAD
    0x00001ab4   0x00001ab4   0x00000230   Code   RO          142    .text.LCD_Draw_SquareBorder  gameloop.o
    0x00001ce4   0x00001ce4   0x00000032   Code   RO          138    .text.LCD_Picture   gameloop.o
    0x00001d16   0x00001d16   0x00000002   PAD
    0x00001d18   0x00001d18   0x000001f2   Code   RO           95    .text.LCD_PutChar8x16  ebi_lcd_module.o
    0x00001f0a   0x00001f0a   0x00000002   PAD
    0x00001f0c   0x00001f0c   0x0000004a   Code   RO           97    .text.LCD_PutString  ebi_lcd_module.o
    0x00001f56   0x00001f56   0x00000002   PAD
    0x00001f58   0x00001f58   0x00000058   Code   RO           91    .text.LCD_SetWindow  ebi_lcd_module.o
    0x00001fb0   0x00001fb0   0x0000000a   Code   RO           87    .text.LCD_WR_DATA   ebi_lcd_module.o
    0x00001fba   0x00001fba   0x00000002   PAD
    0x00001fbc   0x00001fbc   0x00000088   Code   RO          212    .text.Merge_Shape_Into_Grid  gamelogic.o
    0x00002044   0x00002044   0x00000032   Code   RO          222    .text.Move_Block_Left  gamelogic.o
    0x00002076   0x00002076   0x00000002   PAD
    0x00002078   0x00002078   0x00000032   Code   RO          224    .text.Move_Block_Right  gamelogic.o
    0x000020aa   0x000020aa   0x00000002   PAD
    0x000020ac   0x000020ac   0x0000019c   Code   RO          337    .text.ProcessHardFault  retarget.o
    0x00002248   0x00002248   0x0000002a   Code   RO          198    .text.Rotate_Clockwise  gamelogic.o
    0x00002272   0x00002272   0x00000002   PAD
    0x00002274   0x00002274   0x00000156   Code   RO          220    .text.Rotate_Current_Block  gamelogic.o
    0x000023ca   0x000023ca   0x00000002   PAD
    0x000023cc   0x000023cc   0x000002f4   Code   RO           27    .text.SYS_Init      main.o
    0x000026c0   0x000026c0   0x00000138   Code   RO          251    .text.SetState      gamestate.o
    0x000027f8   0x000027f8   0x0000008e   Code   RO          218    .text.Spawn_New_Shape  gamelogic.o
    0x00002886   0x00002886   0x00000002   PAD
    0x00002888   0x00002888   0x00000070   Code   RO            4    .text.SystemInit    system_m480.o
    0x000028f8   0x000028f8   0x0000001e   Code   RO           33    .text.TMR0_IRQHandler  main.o
    0x00002916   0x00002916   0x00000002   PAD
    0x00002918   0x00002918   0x0000002e   Code   RO           29    .text.TMR1_IRQHandler  main.o
    0x00002946   0x00002946   0x00000002   PAD
    0x00002948   0x00002948   0x0000002c   Code   RO           81    .text.TMR3_IRQHandler  ebi_lcd_module.o
    0x00002974   0x00002974   0x00000010   Code   RO           37    .text.Timer0_Start  main.o
    0x00002984   0x00002984   0x00000010   Code   RO           39    .text.Timer0_Stop   main.o
    0x00002994   0x00002994   0x0000004e   Code   RO          216    .text.Update_Level_Speed  gamelogic.o
    0x000029e2   0x000029e2   0x00000002   PAD
    0x000029e4   0x000029e4   0x0000004a   Code   RO          351    .text.fputc         retarget.o
    0x00002a2e   0x00002a2e   0x00000002   PAD
    0x00002a30   0x00002a30   0x00000178   Code   RO          172    .text.gameLoop      gameloop.o
    0x00002ba8   0x00002ba8   0x000004a0   Code   RO           63    .text.main          main.o
    0x00003048   0x00003048   0x00000020   Code   RO          746    i.__0printf$8       mc_w.l(printf8.o)
    0x00003068   0x00003068   0x00000028   Code   RO          748    i.__0sprintf$8      mc_w.l(printf8.o)
    0x00003090   0x00003090   0x0000000e   Code   RO          854    i.__scatterload_copy  mc_w.l(handlers.o)
    0x0000309e   0x0000309e   0x00000002   Code   RO          855    i.__scatterload_null  mc_w.l(handlers.o)
    0x000030a0   0x000030a0   0x0000000e   Code   RO          856    i.__scatterload_zeroinit  mc_w.l(handlers.o)
    0x000030ae   0x000030ae   0x00000002   PAD
    0x000030b0   0x000030b0   0x00000410   Code   RO          753    i._printf_core      mc_w.l(printf8.o)
    0x000034c0   0x000034c0   0x00000024   Code   RO          754    i._printf_post_padding  mc_w.l(printf8.o)
    0x000034e4   0x000034e4   0x0000002e   Code   RO          755    i._printf_pre_padding  mc_w.l(printf8.o)
    0x00003512   0x00003512   0x0000000a   Code   RO          757    i._sputc            mc_w.l(printf8.o)
    0x0000351c   0x0000351c   0x00000024   Code   RO          525    i.puts              mc_w.l(puts.o)
    0x00003540   0x00003540   0x00000800   Data   RO          120    .rodata.Font8x16    image.o
    0x00003d40   0x00003d40   0x00025800   Data   RO          186    .rodata.WelcomeScreen  welcomescreen.o
    0x00029540   0x00029540   0x00025800   Data   RO          192    .rodata.backgroundScreenPlay  backgroundscreenplay.o
    0x0004ed40   0x0004ed40   0x00000029   Data   RO          177    .rodata.str1.1      gameloop.o
    0x0004ed69   0x0004ed69   0x0000000a   Data   RO          230    .rodata.str1.1      gamelogic.o
    0x0004ed73   0x0004ed73   0x00000083   Data   RO          357    .rodata.str1.1      retarget.o
    0x0004edf6   0x0004edf6   0x00000002   PAD
    0x0004edf8   0x0004edf8   0x00000020   Data   RO          853    Region$$Table       anon$$obj.o


    Execution Region ER_RW (Exec base: 0x20000000, Load base: 0x0004ee18, Size: 0x00000144, Max: 0xffffffff, ABSOLUTE)

    Exec Addr    Load Addr    Size         Type   Attr      Idx    E Section Name        Object

    0x20000000   0x0004ee18   0x00000004   Data   RW          537    .data               mc_w.l(rand.o)
    0x20000004   0x0004ee1c   0x00000004   Data   RW            7    .data.CyclesPerUs   system_m480.o
    0x20000008   0x0004ee20   0x00000004   Data   RW          234    .data.level         gamelogic.o
    0x2000000c   0x0004ee24   0x00000004   Data   RW          176    .data.nextShapeIndex  gameloop.o
    0x20000010   0x0004ee28   0x0000001c   Data   RW          229    .data.shapeFunctions  gamelogic.o
    0x2000002c   0x0004ee44   0x0000001c   Data   RW          231    .data.shapeNames    gamelogic.o
    0x20000048   0x0004ee60   0x000000fc   Data   RW          228    .data.shapes        gamelogic.o


    Execution Region ER_ZI (Exec base: 0x20000148, Load base: 0x0004ef5c, Size: 0x00000a00, Max: 0xffffffff, ABSOLUTE)

    Exec Addr    Load Addr    Size         Type   Attr      Idx    E Section Name        Object

    0x20000148        -       0x00000001   Zero   RW           68    .bss.Timer0_cnt     main.o
    0x20000149        -       0x00000001   Zero   RW           67    .bss.Timer0_flag    main.o
    0x2000014a        -       0x00000001   Zero   RW           66    .bss.Timer1_cnt     main.o
    0x2000014b        -       0x00000001   Zero   RW           65    .bss.Timer1_flag    main.o
    0x2000014c        -       0x00000001   Zero   RW          110    .bss.Timer3_cnt     ebi_lcd_module.o
    0x2000014d        -       0x00000001   Zero   RW          109    .bss.Timer3_flag    ebi_lcd_module.o
    0x2000014e   0x0004ef5c   0x00000002   PAD
    0x20000150        -       0x00000054   Zero   RW          358    .bss.__stdout       retarget.o
    0x200001a4        -       0x00000004   Zero   RW          242    .bss.currentRotation  gamelogic.o
    0x200001a8        -       0x00000024   Zero   RW          237    .bss.currentShape   gamelogic.o
    0x200001cc        -       0x00000001   Zero   RW          254    .bss.currentState   gamestate.o
    0x200001cd   0x0004ef5c   0x00000003   PAD
    0x200001d0        -       0x00000004   Zero   RW          236    .bss.currentX       gamelogic.o
    0x200001d4        -       0x00000004   Zero   RW          238    .bss.currentY       gamelogic.o
    0x200001d8        -       0x00000004   Zero   RW          111    .bss.g_u32AdcIntFlag_TP  ebi_lcd_module.o
    0x200001dc        -       0x00000150   Zero   RW          232    .bss.gameGrid       gamelogic.o
    0x2000032c        -       0x00000004   Zero   RW          235    .bss.i              gamelogic.o
    0x20000330        -       0x00000001   Zero   RW           71    .bss.minutes        main.o
    0x20000331   0x0004ef5c   0x00000003   PAD
    0x20000334        -       0x00000004   Zero   RW          241    .bss.ny             gamelogic.o
    0x20000338        -       0x00000004   Zero   RW          233    .bss.score          gamelogic.o
    0x2000033c        -       0x00000001   Zero   RW           70    .bss.seconds        main.o
    0x2000033d   0x0004ef5c   0x00000003   PAD
    0x20000340        -       0x00000004   Zero   RW          240    .bss.x              gamelogic.o
    0x20000344        -       0x00000004   Zero   RW          239    .bss.y              gamelogic.o
    0x20000348        -       0x00000800   Zero   RW           17    STACK               startup_m480.o


==============================================================================

Image component sizes


      Code (inc. data)   RO Data    RW Data    ZI Data      Debug   Object Name

         0          0     153600          0          0        547   backgroundscreenplay.o
      2138         36          0          0          6      18532   ebi_lcd_module.o
      2084         44         10        312        404       9285   gamelogic.o
      4138          0         41          4          0      15491   gameloop.o
       312         58          0          0          1       1382   gamestate.o
         0          0       2048          0          0        507   image.o
      2148         96          0          0          6       9966   main.o
       486        148        131          0         84       5507   retarget.o
       124         26        500          0       2048        956   startup_m480.o
       112          0          0          4          0       4328   system_m480.o
         0          0     153600          0          0        526   welcomescreen.o

    ----------------------------------------------------------------------
     11592        408     309964        320       2560      67027   Object Totals
         0          0         32          0          0          0   (incl. Generated)
        50          0          2          0         11          0   (incl. Padding)

    ----------------------------------------------------------------------

      Code (inc. data)   RO Data    RW Data    ZI Data      Debug   Library Member Name

         0          0          0          0          0          0   entry.o
         0          0          0          0          0          0   entry10a.o
         0          0          0          0          0          0   entry11a.o
         8          4          0          0          0          0   entry2.o
         4          0          0          0          0          0   entry5.o
         0          0          0          0          0          0   entry7b.o
         0          0          0          0          0          0   entry8b.o
         8          4          0          0          0          0   entry9a.o
        30          0          0          0          0          0   handlers.o
        48         10          0          0          0         68   init.o
        30          0          0          0          0         68   llshl.o
        32          0          0          0          0         68   llushr.o
      1204         60          0          0          0        504   printf8.o
        36          6          0          0          0         80   puts.o
        36         10          0          4          0        136   rand.o
        98          0          0          0          0         92   uldiv.o

    ----------------------------------------------------------------------
      1540         94          0          4          0       1016   Library Totals
         6          0          0          0          0          0   (incl. Padding)

    ----------------------------------------------------------------------

      Code (inc. data)   RO Data    RW Data    ZI Data      Debug   Library Name

      1534         94          0          4          0       1016   mc_w.l

    ----------------------------------------------------------------------
      1540         94          0          4          0       1016   Library Totals

    ----------------------------------------------------------------------

==============================================================================


      Code (inc. data)   RO Data    RW Data    ZI Data      Debug   

     13132        502     309964        324       2560      67711   Grand Totals
     13132        502     309964        324       2560      67711   ELF Image Totals
     13132        502     309964        324          0          0   ROM Totals

==============================================================================

    Total RO  Size (Code + RO Data)               323096 ( 315.52kB)
    Total RW  Size (RW Data + ZI Data)              2884 (   2.82kB)
    Total ROM Size (Code + RO Data + RW Data)     323420 ( 315.84kB)

==============================================================================

